<html>
<body>
<pre>
<h1>礦ision Build Log</h1>
<h2>Tool Versions:</h2>
IDE-Version: μVision V5.28.0.0
Copyright (C) 2019 ARM Ltd and ARM Germany GmbH. All rights reserved.
License Information: JS  , ILCE, LIC=4ZLZX-HNVSD-E03N4-FKL4N-BPK10-15ZNK
 
Tool Versions:
Toolchain:       MDK-ARM Professional  Version: 5.28.0.0
Toolchain Path:  D:\Keil5_MDK\ARM\ARMCC\Bin
C Compiler:      Armcc.exe V5.06 update 6 (build 750)
Assembler:       Armasm.exe V5.06 update 6 (build 750)
Linker/Locator:  ArmLink.exe V5.06 update 6 (build 750)
Library Manager: ArmAr.exe V5.06 update 6 (build 750)
Hex Converter:   FromElf.exe V5.06 update 6 (build 750)
CPU DLL:         SARMCM3.DLL V5.28.0.0
Dialog DLL:      DCM.DLL V1.17.3.0
Target DLL:      Segger\JL2CM3.dll V2.99.36.0
Dialog DLL:      TCM.DLL V1.36.2.0
 
<h2>Project:</h2>
E:\比赛\飞思卡尔\程序\FKer\FreeRTOS_test\PROJECT\FreeRTOS.uvprojx
Project File Date:  07/14/2020

<h2>Output:</h2>
*** Using Compiler 'V5.06 update 6 (build 750)', folder: 'D:\Keil5_MDK\ARM\ARMCC\Bin'
Build target 'MK66FX'
compiling adc.c...
compiling display.c...
..\HARDWARE\Camera\camera.h(56): warning:  #1295-D: Deprecated declaration Image_Binary - give arg types
  void Image_Binary();
..\HARDWARE\OLED\display.c: 1 warning, 0 errors
compiling motor.c...
compiling elector.c...
compiling isr.c...
..\HARDWARE\Camera\camera.h(56): warning:  #1295-D: Deprecated declaration Image_Binary - give arg types
  void Image_Binary();
..\SYSTEM\isr.c(87): warning:  #167-D: argument of type "const uint8 *" is incompatible with parameter of type "const char *"
  						direction.P = (float)atof(tmp);
..\SYSTEM\isr.c(90): warning:  #167-D: argument of type "const uint8 *" is incompatible with parameter of type "const char *"
  						direction.I = (float)atof(tmp);
..\SYSTEM\isr.c(93): warning:  #167-D: argument of type "const uint8 *" is incompatible with parameter of type "const char *"
  						direction.D = (float)atof(tmp);
..\SYSTEM\isr.c(96): warning:  #167-D: argument of type "const uint8 *" is incompatible with parameter of type "const char *"
  						THRESHOLD	=	atoi(tmp);
..\SYSTEM\isr.c: 5 warnings, 0 errors
compiling MyTask.c...
..\HARDWARE\Camera\camera.h(56): warning:  #1295-D: Deprecated declaration Image_Binary - give arg types
  void Image_Binary();
..\USER\MyTask.c: 1 warning, 0 errors
linking...
Program Size: Code=23688 RO-data=3368 RW-data=312 ZI-data=147000  
".\Objects\Templete.axf" - 0 Error(s), 7 Warning(s).

<h2>Software Packages used:</h2>

Package Vendor: Keil
                http://www.keil.com/pack/Keil.Kinetis_K60_DFP.1.5.0.pack
                Keil.Kinetis_K60_DFP.1.5.0
                NXP Kinetis K60 Series Device Support and Examples

<h2>Collection of Component include folders:</h2>
  .\RTE\_MK66FX
  D:\Keil5_MDK\Packs\Keil\Kinetis_K60_DFP\1.5.0\Device\Include

<h2>Collection of Component Files used:</h2>
Build Time Elapsed:  00:00:05
</pre>
</body>
</html>
