<html>
<body>
<pre>
<h1>µVision Build Log</h1>
<h2>Tool Versions:</h2>
IDE-Version: ¶ÃVision V5.27.1.0
Copyright (C) 2019 ARM Ltd and ARM Germany GmbH. All rights reserved.
License Information: 1111 “¡¡º,   , LIC=KRMW3-A8ZF7-VEJHA-1FVZ7-U3XTE-0TMHN
 
Tool Versions:
Toolchain:       MDK-ARM Plus  Version: 5.28.0.0
Toolchain Path:  E:\keil5\ARM\ARMCC\Bin
C Compiler:      Armcc.exe V5.06 update 6 (build 750)
Assembler:       Armasm.exe V5.06 update 6 (build 750)
Linker/Locator:  ArmLink.exe V5.06 update 6 (build 750)
Library Manager: ArmAr.exe V5.06 update 6 (build 750)
Hex Converter:   FromElf.exe V5.06 update 6 (build 750)
CPU DLL:         SARMCM3.DLL V5.28.0.0
Dialog DLL:      DCM.DLL V1.17.3.0
Target DLL:      Segger\JL2CM3.dll V2.99.36.0
Dialog DLL:      TCM.DLL V1.36.2.0
 
<h2>Project:</h2>
E:\¡“¬Ì»À\FKrepository\FKer\FreeRTOS_test\PROJECT\FreeRTOS.uvprojx
Project File Date:  07/13/2020

<h2>Output:</h2>
*** Using Compiler 'V5.06 update 6 (build 750)', folder: 'E:\keil5\ARM\ARMCC\Bin'
Build target 'MK66FX'
compiling isr.c...
..\HARDWARE\Camera\camera.h(56): warning:  #1295-D: Deprecated declaration Image_Binary - give arg types
  void Image_Binary();
..\SYSTEM\isr.c(87): warning:  #167-D: argument of type "const uint8 *" is incompatible with parameter of type "const char *"
  						direction.P = (float)atof(tmp);
..\SYSTEM\isr.c(90): warning:  #167-D: argument of type "const uint8 *" is incompatible with parameter of type "const char *"
  						direction.I = (float)atof(tmp);
..\SYSTEM\isr.c(93): warning:  #167-D: argument of type "const uint8 *" is incompatible with parameter of type "const char *"
  						direction.D = (float)atof(tmp);
..\SYSTEM\isr.c(96): warning:  #167-D: argument of type "const uint8 *" is incompatible with parameter of type "const char *"
  						THRESHOLD	=	(int)atoi(tmp);
..\SYSTEM\isr.c: 5 warnings, 0 errors
linking...
Program Size: Code=23520 RO-data=3368 RW-data=328 ZI-data=146984  
".\Objects\Templete.axf" - 0 Error(s), 5 Warning(s).

<h2>Software Packages used:</h2>

Package Vendor: Keil
                http://www.keil.com/pack/Keil.Kinetis_K60_DFP.1.5.0.pack
                Keil.Kinetis_K60_DFP.1.5.0
                NXP Kinetis K60 Series Device Support and Examples

<h2>Collection of Component include folders:</h2>
  .\RTE\_MK66FX
  E:\keil5\pack\Keil\Kinetis_K60_DFP\1.5.0\Device\Include

<h2>Collection of Component Files used:</h2>
Build Time Elapsed:  00:00:01
</pre>
</body>
</html>
