Component: ARM Compiler 5.06 update 6 (build 750) Tool: armlink [4d35ed]

==============================================================================

Section Cross References

    main.o(i.main) refers to common.o(i.get_clk) for get_clk
    main.o(i.main) refers to mytask.o(i.Task_List_Init) for Task_List_Init
    main.o(i.main) refers to tasks.o(i.vTaskStartScheduler) for vTaskStartScheduler
    mytask.o(i.ADC_Task) refers to adc.o(i.Get_ADC_Data) for Get_ADC_Data
    mytask.o(i.ADC_Task) refers to elector.o(i.Direct) for Direct
    mytask.o(i.ADC_Task) refers to hall.o(i.Hall_Scan) for Hall_Scan
    mytask.o(i.ADC_Task) refers to printfa.o(i.__0printf) for __2printf
    mytask.o(i.ADC_Task) refers to tasks.o(i.vTaskDelay) for vTaskDelay
    mytask.o(i.Camera_Task) refers to tasks.o(i.vTaskDelay) for vTaskDelay
    mytask.o(i.Decode_Task) refers to decode.o(i.Get_Decode_Data) for Get_Decode_Data
    mytask.o(i.Decode_Task) refers to tasks.o(i.vTaskDelay) for vTaskDelay
    mytask.o(i.EEPROM_Task) refers to mk60_flash.o(i.Flash_WriteBytes) for Flash_WriteBytes
    mytask.o(i.EEPROM_Task) refers to mk60_flash.o(i.Flash_ReadBytes) for Flash_ReadBytes
    mytask.o(i.EEPROM_Task) refers to printfa.o(i.__0printf) for __2printf
    mytask.o(i.EEPROM_Task) refers to tasks.o(i.vTaskDelete) for vTaskDelete
    mytask.o(i.EEPROM_Task) refers to mytask.o(.data) for EEPROM_Task_Handler
    mytask.o(i.Init_Task) refers to elector.o(i.D_PID_initial) for D_PID_initial
    mytask.o(i.Init_Task) refers to elector.o(i.M_PID_initial) for M_PID_initial
    mytask.o(i.Init_Task) refers to usart.o(i.NRF_Init) for NRF_Init
    mytask.o(i.Init_Task) refers to printfa.o(i.__0printf) for __2printf
    mytask.o(i.Init_Task) refers to hall.o(i.Hall_Init) for Hall_Init
    mytask.o(i.Init_Task) refers to buzzer.o(i.Buzzer_Init) for Buzzer_Init
    mytask.o(i.Init_Task) refers to key.o(i.KEY_Init) for KEY_Init
    mytask.o(i.Init_Task) refers to led.o(i.LED_Init) for LED_Init
    mytask.o(i.Init_Task) refers to oled.o(i.OLED_Init) for OLED_Init
    mytask.o(i.Init_Task) refers to seekfree_18tft.o(i.lcd_init) for lcd_init
    mytask.o(i.Init_Task) refers to adc.o(i.ADC_Init) for ADC_Init
    mytask.o(i.Init_Task) refers to steering.o(i.Steering_Init) for Steering_Init
    mytask.o(i.Init_Task) refers to motor.o(i.Motor_PWM_Init) for Motor_PWM_Init
    mytask.o(i.Init_Task) refers to decode.o(i.Decode_Init) for Decode_Init
    mytask.o(i.Init_Task) refers to camera.o(i.Camera_Init) for Camera_Init
    mytask.o(i.Init_Task) refers to tasks.o(i.vTaskDelete) for vTaskDelete
    mytask.o(i.Init_Task) refers to mytask.o(.data) for Init_Task_Handler
    mytask.o(i.KEY_Task) refers to key.o(i.KEY_Scan) for KEY_Scan
    mytask.o(i.KEY_Task) refers to motor.o(i.Set_Motor_PWM) for Set_Motor_PWM
    mytask.o(i.KEY_Task) refers to tasks.o(i.vTaskDelay) for vTaskDelay
    mytask.o(i.KEY_Task) refers to motor.o(.bss) for Motor_PWM
    mytask.o(i.LED_Task) refers to led.o(i.LED_Flash) for LED_Flash
    mytask.o(i.LED_Task) refers to tasks.o(i.vTaskDelay) for vTaskDelay
    mytask.o(i.OLED_Task) refers to display.o(i.OLED_Display) for OLED_Display
    mytask.o(i.OLED_Task) refers to tasks.o(i.vTaskDelay) for vTaskDelay
    mytask.o(i.Start_Task) refers to port.o(i.vPortEnterCritical) for vPortEnterCritical
    mytask.o(i.Start_Task) refers to tasks.o(i.xTaskCreate) for xTaskCreate
    mytask.o(i.Start_Task) refers to tasks.o(i.vTaskDelete) for vTaskDelete
    mytask.o(i.Start_Task) refers to port.o(i.vPortExitCritical) for vPortExitCritical
    mytask.o(i.Start_Task) refers to mytask.o(.data) for Init_Task_Handler
    mytask.o(i.Start_Task) refers to mytask.o(i.Init_Task) for Init_Task
    mytask.o(i.Start_Task) refers to mytask.o(i.LED_Task) for LED_Task
    mytask.o(i.Start_Task) refers to mytask.o(i.OLED_Task) for OLED_Task
    mytask.o(i.Start_Task) refers to mytask.o(i.Camera_Task) for Camera_Task
    mytask.o(i.Start_Task) refers to mytask.o(i.KEY_Task) for KEY_Task
    mytask.o(i.Start_Task) refers to mytask.o(i.Decode_Task) for Decode_Task
    mytask.o(i.Start_Task) refers to mytask.o(i.ADC_Task) for ADC_Task
    mytask.o(i.Task_List_Init) refers to tasks.o(i.xTaskCreate) for xTaskCreate
    mytask.o(i.Task_List_Init) refers to mytask.o(.data) for StartTask_Handler
    mytask.o(i.Task_List_Init) refers to mytask.o(i.Start_Task) for Start_Task
    mytask.o(i.vApplicationGetIdleTaskMemory) refers to mytask.o(.bss) for IDLE_TaskTCB
    mytask.o(i.vApplicationGetTimerTaskMemory) refers to mytask.o(.bss) for Timer_TaskTCB
    elector.o(i.D_PID_initial) refers to elector.o(.bss) for direction
    elector.o(i.Direct) refers to elector.o(i.RAcheck) for RAcheck
    elector.o(i.Direct) refers to printfa.o(i.__0printf) for __2printf
    elector.o(i.Direct) refers to dfltui.o(.text) for __aeabi_ui2d
    elector.o(i.Direct) refers to cdrcmple.o(.text) for __aeabi_cdrcmple
    elector.o(i.Direct) refers to elector.o(i.Roundabout) for Roundabout
[...]
    prvIsQueueFull                           0x00005067   Thumb Code    30  queue.o(i.prvIsQueueFull)
    i.prvNotifyQueueSetContainer             0x00005084   Section        0  queue.o(i.prvNotifyQueueSetContainer)
    prvNotifyQueueSetContainer               0x00005085   Thumb Code   124  queue.o(i.prvNotifyQueueSetContainer)
    i.prvProcessExpiredTimer                 0x00005124   Section        0  timers.o(i.prvProcessExpiredTimer)
    prvProcessExpiredTimer                   0x00005125   Thumb Code    84  timers.o(i.prvProcessExpiredTimer)
    i.prvProcessReceivedCommands             0x000051a4   Section        0  timers.o(i.prvProcessReceivedCommands)
    prvProcessReceivedCommands               0x000051a5   Thumb Code   260  timers.o(i.prvProcessReceivedCommands)
    i.prvProcessTimerOrBlockTask             0x000052d4   Section        0  timers.o(i.prvProcessTimerOrBlockTask)
    prvProcessTimerOrBlockTask               0x000052d5   Thumb Code   102  timers.o(i.prvProcessTimerOrBlockTask)
    i.prvResetNextTaskUnblockTime            0x00005348   Section        0  tasks.o(i.prvResetNextTaskUnblockTime)
    prvResetNextTaskUnblockTime              0x00005349   Thumb Code    42  tasks.o(i.prvResetNextTaskUnblockTime)
    i.prvSampleTimeNow                       0x0000537c   Section        0  timers.o(i.prvSampleTimeNow)
    prvSampleTimeNow                         0x0000537d   Thumb Code    40  timers.o(i.prvSampleTimeNow)
    i.prvSwitchTimerLists                    0x000053a8   Section        0  timers.o(i.prvSwitchTimerLists)
    prvSwitchTimerLists                      0x000053a9   Thumb Code   140  timers.o(i.prvSwitchTimerLists)
    i.prvTaskExitError                       0x00005464   Section        0  port.o(i.prvTaskExitError)
    prvTaskExitError                         0x00005465   Thumb Code    50  port.o(i.prvTaskExitError)
    i.prvTimerTask                           0x000054d8   Section        0  timers.o(i.prvTimerTask)
    prvTimerTask                             0x000054d9   Thumb Code    26  timers.o(i.prvTimerTask)
    i.prvUnlockQueue                         0x000054f2   Section        0  queue.o(i.prvUnlockQueue)
    prvUnlockQueue                           0x000054f3   Thumb Code   146  queue.o(i.prvUnlockQueue)
    i.pvPortMalloc                           0x00005584   Section        0  heap_4.o(i.pvPortMalloc)
    i.pvTaskIncrementMutexHeldCount          0x000056d8   Section        0  tasks.o(i.pvTaskIncrementMutexHeldCount)
    i.pxPortInitialiseStack                  0x000056f8   Section        0  port.o(i.pxPortInitialiseStack)
    i.spi_init                               0x00005724   Section        0  mk60_spi.o(i.spi_init)
    i.spi_mosi                               0x00005a50   Section        0  mk60_spi.o(i.spi_mosi)
    i.tft_delay                              0x00005b58   Section        0  seekfree_18tft.o(i.tft_delay)
    i.uart_getchar                           0x00005b64   Section        0  mk60_uart.o(i.uart_getchar)
    i.uart_init                              0x00005b88   Section        0  mk60_uart.o(i.uart_init)
    i.uart_putbuff                           0x00005d60   Section        0  mk60_uart.o(i.uart_putbuff)
    i.uart_putchar                           0x00005d80   Section        0  mk60_uart.o(i.uart_putchar)
    i.uart_rx_irq_en                         0x00005da0   Section        0  mk60_uart.o(i.uart_rx_irq_en)
    i.uxListRemove                           0x00005dd8   Section        0  list.o(i.uxListRemove)
    i.vApplicationGetIdleTaskMemory          0x00005e00   Section        0  mytask.o(i.vApplicationGetIdleTaskMemory)
    i.vApplicationGetTimerTaskMemory         0x00005e18   Section        0  mytask.o(i.vApplicationGetTimerTaskMemory)
    i.vListInitialise                        0x00005e30   Section        0  list.o(i.vListInitialise)
    i.vListInitialiseItem                    0x00005e4a   Section        0  list.o(i.vListInitialiseItem)
    i.vListInsert                            0x00005e50   Section        0  list.o(i.vListInsert)
    i.vListInsertEnd                         0x00005e84   Section        0  list.o(i.vListInsertEnd)
    i.vPortEnterCritical                     0x00005e9c   Section        0  port.o(i.vPortEnterCritical)
    i.vPortExitCritical                      0x00005f24   Section        0  port.o(i.vPortExitCritical)
    i.vPortFree                              0x00005f94   Section        0  heap_4.o(i.vPortFree)
    i.vPortSetupTimerInterrupt               0x0000604c   Section        0  port.o(i.vPortSetupTimerInterrupt)
    i.vPortValidateInterruptPriority         0x00006074   Section        0  port.o(i.vPortValidateInterruptPriority)
    i.vQueueAddToRegistry                    0x00006114   Section        0  queue.o(i.vQueueAddToRegistry)
    i.vQueueWaitForMessageRestricted         0x00006140   Section        0  queue.o(i.vQueueWaitForMessageRestricted)
    i.vTaskDelay                             0x0000618c   Section        0  tasks.o(i.vTaskDelay)
    i.vTaskDelete                            0x00006200   Section        0  tasks.o(i.vTaskDelete)
    i.vTaskMissedYield                       0x0000630c   Section        0  tasks.o(i.vTaskMissedYield)
    i.vTaskPlaceOnEventList                  0x00006318   Section        0  tasks.o(i.vTaskPlaceOnEventList)
    i.vTaskPlaceOnEventListRestricted        0x0000636c   Section        0  tasks.o(i.vTaskPlaceOnEventListRestricted)
    i.vTaskPriorityInherit                   0x000063c8   Section        0  tasks.o(i.vTaskPriorityInherit)
    i.vTaskSetTimeOutState                   0x00006478   Section        0  tasks.o(i.vTaskSetTimeOutState)
    i.vTaskStartScheduler                    0x000064c4   Section        0  tasks.o(i.vTaskStartScheduler)
    i.vTaskSuspendAll                        0x00006598   Section        0  tasks.o(i.vTaskSuspendAll)
    i.vTaskSwitchContext                     0x000065a8   Section        0  tasks.o(i.vTaskSwitchContext)
    i.xPortStartScheduler                    0x00006650   Section        0  port.o(i.xPortStartScheduler)
    i.xQueueGenericCreateStatic              0x000067ac   Section        0  queue.o(i.xQueueGenericCreateStatic)
    i.xQueueGenericReceive                   0x0000687c   Section        0  queue.o(i.xQueueGenericReceive)
    i.xQueueGenericReset                     0x00006a44   Section        0  queue.o(i.xQueueGenericReset)
    i.xQueueGenericSend                      0x00006af4   Section        0  queue.o(i.xQueueGenericSend)
    i.xQueueGenericSendFromISR               0x00006cb8   Section        0  queue.o(i.xQueueGenericSendFromISR)
    i.xTaskCheckForTimeOut                   0x00006dc8   Section        0  tasks.o(i.xTaskCheckForTimeOut)
    i.xTaskCreate                            0x00006e68   Section        0  tasks.o(i.xTaskCreate)
    i.xTaskCreateStatic                      0x00006ecc   Section        0  tasks.o(i.xTaskCreateStatic)
    i.xTaskGetSchedulerState                 0x00006f6c   Section        0  tasks.o(i.xTaskGetSchedulerState)
    i.xTaskGetTickCount                      0x00006f8c   Section        0  tasks.o(i.xTaskGetTickCount)
    i.xTaskIncrementTick                     0x00006f98   Section        0  tasks.o(i.xTaskIncrementTick)
    i.xTaskPriorityDisinherit                0x000070f8   Section        0  tasks.o(i.xTaskPriorityDisinherit)
    i.xTaskRemoveFromEventList               0x000071d0   Section        0  tasks.o(i.xTaskRemoveFromEventList)
    i.xTaskResumeAll                         0x00007284   Section        0  tasks.o(i.xTaskResumeAll)
    i.xTimerCreateTimerTask                  0x000073a4   Section        0  timers.o(i.xTimerCreateTimerTask)
    i.xTimerGenericCommand                   0x0000743c   Section        0  timers.o(i.xTimerGenericCommand)
    .constdata                               0x000074e0   Section     2072  oled.o(.constdata)
    .constdata                               0x00007cf8   Section     1520  seekfree_font.o(.constdata)
    .constdata                               0x000082e8   Section        8  mk60_adc.o(.constdata)
    .constdata                               0x000082f0   Section       16  mk60_ftm.o(.constdata)
    FTMX                                     0x000082f0   Data          16  mk60_ftm.o(.constdata)
    .constdata                               0x00008300   Section       40  mk60_gpio.o(.constdata)
    PORTX                                    0x00008300   Data          20  mk60_gpio.o(.constdata)
    GPIOX                                    0x00008314   Data          20  mk60_gpio.o(.constdata)
    .constdata                               0x00008328   Section       40  mk60_port.o(.constdata)
    PORTX                                    0x00008328   Data          20  mk60_port.o(.constdata)
    GPIOX                                    0x0000833c   Data          20  mk60_port.o(.constdata)
    .constdata                               0x00008350   Section       64  mk60_spi.o(.constdata)
    .constdata                               0x00008390   Section      129  ctype_o.o(.constdata)
    .constdata                               0x00008414   Section        4  ctype_o.o(.constdata)
    table                                    0x00008414   Data           4  ctype_o.o(.constdata)
    .data                                    0x20000000   Section       36  mytask.o(.data)
    .data                                    0x20000024   Section       11  elector.o(.data)
    times                                    0x20000024   Data           1  elector.o(.data)
    rf                                       0x20000025   Data           1  elector.o(.data)
    checkab_up                               0x20000026   Data           1  elector.o(.data)
    checkab_down                             0x20000027   Data           1  elector.o(.data)
    rab_L                                    0x20000028   Data           1  elector.o(.data)
    dire                                     0x20000029   Data           1  elector.o(.data)
    comfirm                                  0x2000002a   Data           1  elector.o(.data)
    status                                   0x2000002b   Data           1  elector.o(.data)
    start                                    0x2000002c   Data           1  elector.o(.data)
    ROL                                      0x2000002d   Data           1  elector.o(.data)
    up_side                                  0x2000002e   Data           1  elector.o(.data)
    .data                                    0x2000002f   Section        1  isr.o(.data)
    pos                                      0x2000002f   Data           1  isr.o(.data)
    .data                                    0x20000030   Section        2  steering.o(.data)
    .data                                    0x20000032   Section        4  decode.o(.data)
    .data                                    0x20000036   Section       75  camera.o(.data)
    .data                                    0x20000084   Section       12  common.o(.data)
    .data                                    0x20000090   Section        8  mk60_ftm.o(.data)
    .data                                    0x20000098   Section       12  mk60_spi.o(.data)
    .data                                    0x200000a4   Section       20  mk60_uart.o(.data)
    .data                                    0x200000b8   Section       60  tasks.o(.data)
    pxDelayedTaskList                        0x200000bc   Data           4  tasks.o(.data)
    pxOverflowDelayedTaskList                0x200000c0   Data           4  tasks.o(.data)
    uxDeletedTasksWaitingCleanUp             0x200000c4   Data           4  tasks.o(.data)
    uxCurrentNumberOfTasks                   0x200000c8   Data           4  tasks.o(.data)
    xTickCount                               0x200000cc   Data           4  tasks.o(.data)
    uxTopReadyPriority                       0x200000d0   Data           4  tasks.o(.data)
    xSchedulerRunning                        0x200000d4   Data           4  tasks.o(.data)
    uxPendedTicks                            0x200000d8   Data           4  tasks.o(.data)
    xYieldPending                            0x200000dc   Data           4  tasks.o(.data)
    xNumOfOverflows                          0x200000e0   Data           4  tasks.o(.data)
    uxTaskNumber                             0x200000e4   Data           4  tasks.o(.data)
    xNextTaskUnblockTime                     0x200000e8   Data           4  tasks.o(.data)
    xIdleTaskHandle                          0x200000ec   Data           4  tasks.o(.data)
    uxSchedulerSuspended                     0x200000f0   Data           4  tasks.o(.data)
    .data                                    0x200000f4   Section       20  timers.o(.data)
    pxCurrentTimerList                       0x200000f4   Data           4  timers.o(.data)
    pxOverflowTimerList                      0x200000f8   Data           4  timers.o(.data)
    xTimerQueue                              0x200000fc   Data           4  timers.o(.data)
    xTimerTaskHandle                         0x20000100   Data           4  timers.o(.data)
    xLastTime                                0x20000104   Data           4  timers.o(.data)
    .data                                    0x20000108   Section       24  heap_4.o(.data)
    xStart                                   0x20000108   Data           8  heap_4.o(.data)
    pxEnd                                    0x20000110   Data           4  heap_4.o(.data)
    xFreeBytesRemaining                      0x20000114   Data           4  heap_4.o(.data)
    xMinimumEverFreeBytesRemaining           0x20000118   Data           4  heap_4.o(.data)
    xBlockAllocatedBit                       0x2000011c   Data           4  heap_4.o(.data)
    .data                                    0x20000120   Section       12  port.o(.data)
    uxCriticalNesting                        0x20000120   Data           4  port.o(.data)
    ucMaxSysCallPriority                     0x20000124   Data           1  port.o(.data)
    ulMaxPRIGROUPValue                       0x20000128   Data           4  port.o(.data)
    .data                                    0x2000012c   Section        4  stdout.o(.data)
    .data                                    0x20000130   Section        4  errno.o(.data)
    _errno                                   0x20000130   Data           4  errno.o(.data)
    .bss                                     0x20000134   Section     1712  mytask.o(.bss)
    IDLE_TaskTCB                             0x20000134   Data          88  mytask.o(.bss)
    IDLE_TaskStack                           0x2000018c   Data        1024  mytask.o(.bss)
    Timer_TaskTCB                            0x2000058c   Data          88  mytask.o(.bss)
    Timer_TaskStack                          0x200005e4   Data         512  mytask.o(.bss)
    .bss                                     0x200007e4   Section      120  elector.o(.bss)
    .bss                                     0x2000085c   Section       20  isr.o(.bss)
    cmmd                                     0x2000085c   Data          20  isr.o(.bss)
    .bss                                     0x20000870   Section       16  motor.o(.bss)
    .bss                                     0x20000880   Section     5400  camera.o(.bss)
    .bss                                     0x20001d98   Section       18  adc.o(.bss)
    .bss                                     0x20001dac   Section       64  queue.o(.bss)
    .bss                                     0x20001dec   Section      260  tasks.o(.bss)
    pxReadyTasksLists                        0x20001dec   Data         160  tasks.o(.bss)
    xDelayedTaskList1                        0x20001e8c   Data          20  tasks.o(.bss)
    xDelayedTaskList2                        0x20001ea0   Data          20  tasks.o(.bss)
    xPendingReadyList                        0x20001eb4   Data          20  tasks.o(.bss)
    xTasksWaitingTermination                 0x20001ec8   Data          20  tasks.o(.bss)
    xSuspendedTaskList                       0x20001edc   Data          20  tasks.o(.bss)
    .bss                                     0x20001ef0   Section      204  timers.o(.bss)
    xActiveTimerList1                        0x20001ef0   Data          20  timers.o(.bss)
    xActiveTimerList2                        0x20001f04   Data          20  timers.o(.bss)
    xStaticTimerQueue                        0x20001f18   Data          84  timers.o(.bss)
    ucStaticTimerQueueStorage                0x20001f6c   Data          80  timers.o(.bss)
    .bss                                     0x20001fbc   Section    131072  heap_4.o(.bss)
    ucHeap                                   0x20001fbc   Data       131072  heap_4.o(.bss)
    STACK                                    0x20021fc0   Section     8192  startup_mk66f18.o(STACK)

    Global Symbols

    Symbol Name                              Value     Ov Type        Size  Object(Section)

    BuildAttributes$$THM_ISAv4$E$P$D$K$B$S$7EM$VFPi3$EXTD16$VFPS$VFMA$PE$A:L22UL41UL21$X:L11$S22US41US21$IEEE1$IW$USESV6$~STKCKD$USESV7$~SHL$OTIME$ROPI$IEEEX$EBA8$MICROLIB$REQ8$PRES8$EABIv2 0x00000000   Number         0  anon$$obj.o ABSOLUTE
    __ARM_use_no_argv                        0x00000000   Number         0  main.o ABSOLUTE
    __Vectors                                0x00000000   Data           4  startup_mk66f18.o(RESET)
    _printf_a                                0x00000000   Number         0  stubs.o ABSOLUTE
    _printf_c                                0x00000000   Number         0  stubs.o ABSOLUTE
    _printf_charcount                        0x00000000   Number         0  stubs.o ABSOLUTE
    _printf_d                                0x00000000   Number         0  stubs.o ABSOLUTE
    _printf_e                                0x00000000   Number         0  stubs.o ABSOLUTE
    _printf_f                                0x00000000   Number         0  stubs.o ABSOLUTE
    _printf_flags                            0x00000000   Number         0  stubs.o ABSOLUTE
    _printf_fp_dec                           0x00000000   Number         0  stubs.o ABSOLUTE
    _printf_fp_hex                           0x00000000   Number         0  stubs.o ABSOLUTE
    _printf_g                                0x00000000   Number         0  stubs.o ABSOLUTE
    _printf_i                                0x00000000   Number         0  stubs.o ABSOLUTE
    _printf_int_dec                          0x00000000   Number         0  stubs.o ABSOLUTE
    _printf_l                                0x00000000   Number         0  stubs.o ABSOLUTE
    _printf_lc                               0x00000000   Number         0  stubs.o ABSOLUTE
    _printf_ll                               0x00000000   Number         0  stubs.o ABSOLUTE
    _printf_lld                              0x00000000   Number         0  stubs.o ABSOLUTE
    _printf_lli                              0x00000000   Number         0  stubs.o ABSOLUTE
    _printf_llo                              0x00000000   Number         0  stubs.o ABSOLUTE
    _printf_llu                              0x00000000   Number         0  stubs.o ABSOLUTE
    _printf_llx                              0x00000000   Number         0  stubs.o ABSOLUTE
    _printf_longlong_dec                     0x00000000   Number         0  stubs.o ABSOLUTE
    _printf_longlong_hex                     0x00000000   Number         0  stubs.o ABSOLUTE
    _printf_longlong_oct                     0x00000000   Number         0  stubs.o ABSOLUTE
    _printf_ls                               0x00000000   Number         0  stubs.o ABSOLUTE
    _printf_mbtowc                           0x00000000   Number         0  stubs.o ABSOLUTE
    _printf_n                                0x00000000   Number         0  stubs.o ABSOLUTE
    _printf_o                                0x00000000   Number         0  stubs.o ABSOLUTE
    _printf_p                                0x00000000   Number         0  stubs.o ABSOLUTE
    _printf_percent                          0x00000000   Number         0  stubs.o ABSOLUTE
    _printf_pre_padding                      0x00000000   Number         0  stubs.o ABSOLUTE
    _printf_return_value                     0x00000000   Number         0  stubs.o ABSOLUTE
    _printf_s                                0x00000000   Number         0  stubs.o ABSOLUTE
    _printf_sizespec                         0x00000000   Number         0  stubs.o ABSOLUTE
    _printf_str                              0x00000000   Number         0  stubs.o ABSOLUTE
    _printf_truncate_signed                  0x00000000   Number         0  stubs.o ABSOLUTE
    _printf_truncate_unsigned                0x00000000   Number         0  stubs.o ABSOLUTE
    _printf_u                                0x00000000   Number         0  stubs.o ABSOLUTE
    _printf_wc                               0x00000000   Number         0  stubs.o ABSOLUTE
    _printf_wctomb                           0x00000000   Number         0  stubs.o ABSOLUTE
    _printf_widthprec                        0x00000000   Number         0  stubs.o ABSOLUTE
    _printf_x                                0x00000000   Number         0  stubs.o ABSOLUTE
    __cpp_initialize__aeabi_                  - Undefined Weak Reference
    __cxa_finalize                            - Undefined Weak Reference
    _clock_init                               - Undefined Weak Reference
    _microlib_exit                            - Undefined Weak Reference
    __Vectors_End                            0x00000400   Data           0  startup_mk66f18.o(RESET)
    __Vectors_Size                           0x00000400   Number         0  startup_mk66f18.o ABSOLUTE
    __main                                   0x00000411   Thumb Code     0  entry.o(.ARM.Collect$$$$00000000)
    _main_stk                                0x00000411   Thumb Code     0  entry2.o(.ARM.Collect$$$$00000001)
    _main_scatterload                        0x00000415   Thumb Code     0  entry5.o(.ARM.Collect$$$$00000004)
    __main_after_scatterload                 0x00000419   Thumb Code     0  entry5.o(.ARM.Collect$$$$00000004)
    _main_clock                              0x00000419   Thumb Code     0  entry7b.o(.ARM.Collect$$$$00000008)
    _main_cpp_init                           0x00000419   Thumb Code     0  entry8b.o(.ARM.Collect$$$$0000000A)
    _main_init                               0x00000419   Thumb Code     0  entry9a.o(.ARM.Collect$$$$0000000B)
    __rt_final_cpp                           0x00000421   Thumb Code     0  entry10a.o(.ARM.Collect$$$$0000000D)
    __rt_final_exit                          0x00000421   Thumb Code     0  entry11a.o(.ARM.Collect$$$$0000000F)
    SVC_Handler                              0x00000425   Thumb Code    28  port.o(.emb_text)
    __asm___6_port_c_39a90d8d__prvStartFirstTask 0x00000445   Thumb Code    28  port.o(.emb_text)
    __asm___6_port_c_39a90d8d__prvEnableVFP  0x00000465   Thumb Code    16  port.o(.emb_text)
    PendSV_Handler                           0x00000479   Thumb Code    88  port.o(.emb_text)
    vPortGetIPSR                             0x000004d5   Thumb Code     6  port.o(.emb_text)
    Reset_Handler                            0x000004dd   Thumb Code    12  startup_mk66f18.o(.text)
    HardFault_Handler                        0x000004eb   Thumb Code     2  startup_mk66f18.o(.text)
    MemManage_Handler                        0x000004ed   Thumb Code     2  startup_mk66f18.o(.text)
    BusFault_Handler                         0x000004ef   Thumb Code     2  startup_mk66f18.o(.text)
    UsageFault_Handler                       0x000004f1   Thumb Code     2  startup_mk66f18.o(.text)
    DebugMon_Handler                         0x000004f5   Thumb Code     2  startup_mk66f18.o(.text)
    ADC0_IRQHandler                          0x000004fb   Thumb Code     0  startup_mk66f18.o(.text)
    ADC1_IRQHandler                          0x000004fb   Thumb Code     0  startup_mk66f18.o(.text)
    CAN0_Bus_Off_IRQHandler                  0x000004fb   Thumb Code     0  startup_mk66f18.o(.text)
    CAN0_Error_IRQHandler                    0x000004fb   Thumb Code     0  startup_mk66f18.o(.text)
    CAN0_ORed_Message_buffer_IRQHandler      0x000004fb   Thumb Code     0  startup_mk66f18.o(.text)
    CAN0_Rx_Warning_IRQHandler               0x000004fb   Thumb Code     0  startup_mk66f18.o(.text)
    CAN0_Tx_Warning_IRQHandler               0x000004fb   Thumb Code     0  startup_mk66f18.o(.text)
    CAN0_Wake_Up_IRQHandler                  0x000004fb   Thumb Code     0  startup_mk66f18.o(.text)
    CAN1_Bus_Off_IRQHandler                  0x000004fb   Thumb Code     0  startup_mk66f18.o(.text)
    CAN1_Error_IRQHandler                    0x000004fb   Thumb Code     0  startup_mk66f18.o(.text)
    CAN1_ORed_Message_buffer_IRQHandler      0x000004fb   Thumb Code     0  startup_mk66f18.o(.text)
    CAN1_Rx_Warning_IRQHandler               0x000004fb   Thumb Code     0  startup_mk66f18.o(.text)
    CAN1_Tx_Warning_IRQHandler               0x000004fb   Thumb Code     0  startup_mk66f18.o(.text)
    CAN1_Wake_Up_IRQHandler                  0x000004fb   Thumb Code     0  startup_mk66f18.o(.text)
    CMP0_IRQHandler                          0x000004fb   Thumb Code     0  startup_mk66f18.o(.text)
    CMP1_IRQHandler                          0x000004fb   Thumb Code     0  startup_mk66f18.o(.text)
    CMP2_IRQHandler                          0x000004fb   Thumb Code     0  startup_mk66f18.o(.text)
    CMP3_IRQHandler                          0x000004fb   Thumb Code     0  startup_mk66f18.o(.text)
    CMT_IRQHandler                           0x000004fb   Thumb Code     0  startup_mk66f18.o(.text)
    DAC0_IRQHandler                          0x000004fb   Thumb Code     0  startup_mk66f18.o(.text)
    DAC1_IRQHandler                          0x000004fb   Thumb Code     0  startup_mk66f18.o(.text)
    DMA10_IRQHandler                         0x000004fb   Thumb Code     0  startup_mk66f18.o(.text)
    DMA11_IRQHandler                         0x000004fb   Thumb Code     0  startup_mk66f18.o(.text)
    DMA12_IRQHandler                         0x000004fb   Thumb Code     0  startup_mk66f18.o(.text)
    DMA13_IRQHandler                         0x000004fb   Thumb Code     0  startup_mk66f18.o(.text)
    DMA14_IRQHandler                         0x000004fb   Thumb Code     0  startup_mk66f18.o(.text)
    DMA15_IRQHandler                         0x000004fb   Thumb Code     0  startup_mk66f18.o(.text)
    DMA1_IRQHandler                          0x000004fb   Thumb Code     0  startup_mk66f18.o(.text)
    DMA2_IRQHandler                          0x000004fb   Thumb Code     0  startup_mk66f18.o(.text)
    DMA3_IRQHandler                          0x000004fb   Thumb Code     0  startup_mk66f18.o(.text)
    DMA4_IRQHandler                          0x000004fb   Thumb Code     0  startup_mk66f18.o(.text)
    DMA5_IRQHandler                          0x000004fb   Thumb Code     0  startup_mk66f18.o(.text)
    DMA6_IRQHandler                          0x000004fb   Thumb Code     0  startup_mk66f18.o(.text)
    DMA7_IRQHandler                          0x000004fb   Thumb Code     0  startup_mk66f18.o(.text)
    DMA8_IRQHandler                          0x000004fb   Thumb Code     0  startup_mk66f18.o(.text)
    DMA9_IRQHandler                          0x000004fb   Thumb Code     0  startup_mk66f18.o(.text)
    DMA_Error_IRQHandler                     0x000004fb   Thumb Code     0  startup_mk66f18.o(.text)
    DefaultISR                               0x000004fb   Thumb Code     0  startup_mk66f18.o(.text)
    ENET_1588_Timer_IRQHandler               0x000004fb   Thumb Code     0  startup_mk66f18.o(.text)
    ENET_Error_IRQHandler                    0x000004fb   Thumb Code     0  startup_mk66f18.o(.text)
    ENET_Receive_IRQHandler                  0x000004fb   Thumb Code     0  startup_mk66f18.o(.text)
    ENET_Transmit_IRQHandler                 0x000004fb   Thumb Code     0  startup_mk66f18.o(.text)
    FTFE_IRQHandler                          0x000004fb   Thumb Code     0  startup_mk66f18.o(.text)
    FTM0_IRQHandler                          0x000004fb   Thumb Code     0  startup_mk66f18.o(.text)
    FTM1_IRQHandler                          0x000004fb   Thumb Code     0  startup_mk66f18.o(.text)
    FTM2_IRQHandler                          0x000004fb   Thumb Code     0  startup_mk66f18.o(.text)
    FTM3_IRQHandler                          0x000004fb   Thumb Code     0  startup_mk66f18.o(.text)
    I2C0_IRQHandler                          0x000004fb   Thumb Code     0  startup_mk66f18.o(.text)
    I2C1_IRQHandler                          0x000004fb   Thumb Code     0  startup_mk66f18.o(.text)
    I2C2_IRQHandler                          0x000004fb   Thumb Code     0  startup_mk66f18.o(.text)
    I2C3_IRQHandler                          0x000004fb   Thumb Code     0  startup_mk66f18.o(.text)
    I2S0_Rx_IRQHandler                       0x000004fb   Thumb Code     0  startup_mk66f18.o(.text)
    I2S0_Tx_IRQHandler                       0x000004fb   Thumb Code     0  startup_mk66f18.o(.text)
    LLWU_IRQHandler                          0x000004fb   Thumb Code     0  startup_mk66f18.o(.text)
    LPTMR0_IRQHandler                        0x000004fb   Thumb Code     0  startup_mk66f18.o(.text)
    LPUART0_IRQHandler                       0x000004fb   Thumb Code     0  startup_mk66f18.o(.text)
    LVD_LVW_IRQHandler                       0x000004fb   Thumb Code     0  startup_mk66f18.o(.text)
    MCG_IRQHandler                           0x000004fb   Thumb Code     0  startup_mk66f18.o(.text)
    MCM_IRQHandler                           0x000004fb   Thumb Code     0  startup_mk66f18.o(.text)
    PDB0_IRQHandler                          0x000004fb   Thumb Code     0  startup_mk66f18.o(.text)
    PIT0_IRQHandler                          0x000004fb   Thumb Code     0  startup_mk66f18.o(.text)
    PIT1_IRQHandler                          0x000004fb   Thumb Code     0  startup_mk66f18.o(.text)
    PIT2_IRQHandler                          0x000004fb   Thumb Code     0  startup_mk66f18.o(.text)
    PIT3_IRQHandler                          0x000004fb   Thumb Code     0  startup_mk66f18.o(.text)
    PORTB_IRQHandler                         0x000004fb   Thumb Code     0  startup_mk66f18.o(.text)
    PORTC_IRQHandler                         0x000004fb   Thumb Code     0  startup_mk66f18.o(.text)
    PORTD_IRQHandler                         0x000004fb   Thumb Code     0  startup_mk66f18.o(.text)
    RNG_IRQHandler                           0x000004fb   Thumb Code     0  startup_mk66f18.o(.text)
    RTC_IRQHandler                           0x000004fb   Thumb Code     0  startup_mk66f18.o(.text)
    RTC_Seconds_IRQHandler                   0x000004fb   Thumb Code     0  startup_mk66f18.o(.text)
    Read_Collision_IRQHandler                0x000004fb   Thumb Code     0  startup_mk66f18.o(.text)
    Reserved46_IRQHandler                    0x000004fb   Thumb Code     0  startup_mk66f18.o(.text)
    Reserved71_IRQHandler                    0x000004fb   Thumb Code     0  startup_mk66f18.o(.text)
    Reserved84_IRQHandler                    0x000004fb   Thumb Code     0  startup_mk66f18.o(.text)
    Reserved85_IRQHandler                    0x000004fb   Thumb Code     0  startup_mk66f18.o(.text)
    SDHC_IRQHandler                          0x000004fb   Thumb Code     0  startup_mk66f18.o(.text)
    SPI0_IRQHandler                          0x000004fb   Thumb Code     0  startup_mk66f18.o(.text)
    SPI1_IRQHandler                          0x000004fb   Thumb Code     0  startup_mk66f18.o(.text)
    SPI2_IRQHandler                          0x000004fb   Thumb Code     0  startup_mk66f18.o(.text)
    SWI_IRQHandler                           0x000004fb   Thumb Code     0  startup_mk66f18.o(.text)
    TPM1_IRQHandler                          0x000004fb   Thumb Code     0  startup_mk66f18.o(.text)
    TPM2_IRQHandler                          0x000004fb   Thumb Code     0  startup_mk66f18.o(.text)
    TSI0_IRQHandler                          0x000004fb   Thumb Code     0  startup_mk66f18.o(.text)
    UART0_ERR_IRQHandler                     0x000004fb   Thumb Code     0  startup_mk66f18.o(.text)
    UART0_RX_TX_IRQHandler                   0x000004fb   Thumb Code     0  startup_mk66f18.o(.text)
    UART1_ERR_IRQHandler                     0x000004fb   Thumb Code     0  startup_mk66f18.o(.text)
    UART1_RX_TX_IRQHandler                   0x000004fb   Thumb Code     0  startup_mk66f18.o(.text)
    UART2_ERR_IRQHandler                     0x000004fb   Thumb Code     0  startup_mk66f18.o(.text)
    UART2_RX_TX_IRQHandler                   0x000004fb   Thumb Code     0  startup_mk66f18.o(.text)
    UART3_ERR_IRQHandler                     0x000004fb   Thumb Code     0  startup_mk66f18.o(.text)
    UART4_ERR_IRQHandler                     0x000004fb   Thumb Code     0  startup_mk66f18.o(.text)
    USB0_IRQHandler                          0x000004fb   Thumb Code     0  startup_mk66f18.o(.text)
    USBDCD_IRQHandler                        0x000004fb   Thumb Code     0  startup_mk66f18.o(.text)
    USBHSDCD_IRQHandler                      0x000004fb   Thumb Code     0  startup_mk66f18.o(.text)
    USBHS_IRQHandler                         0x000004fb   Thumb Code     0  startup_mk66f18.o(.text)
    WDOG_EWM_IRQHandler                      0x000004fb   Thumb Code     0  startup_mk66f18.o(.text)
    __aeabi_memcpy                           0x00000505   Thumb Code    36  memcpya.o(.text)
    __aeabi_memcpy4                          0x00000505   Thumb Code     0  memcpya.o(.text)
    __aeabi_memcpy8                          0x00000505   Thumb Code     0  memcpya.o(.text)
    __aeabi_memset                           0x00000529   Thumb Code    14  memseta.o(.text)
    __aeabi_memset4                          0x00000529   Thumb Code     0  memseta.o(.text)
    __aeabi_memset8                          0x00000529   Thumb Code     0  memseta.o(.text)
    __aeabi_memclr                           0x00000537   Thumb Code     4  memseta.o(.text)
    __aeabi_memclr4                          0x00000537   Thumb Code     0  memseta.o(.text)
    __aeabi_memclr8                          0x00000537   Thumb Code     0  memseta.o(.text)
    _memset$wrapper                          0x0000053b   Thumb Code    18  memseta.o(.text)
    atoi                                     0x0000054d   Thumb Code    26  atoi.o(.text)
    __aeabi_dadd                             0x00000567   Thumb Code   322  dadd.o(.text)
    __aeabi_dsub                             0x000006a9   Thumb Code     6  dadd.o(.text)
    __aeabi_drsub                            0x000006af   Thumb Code     6  dadd.o(.text)
    __aeabi_dmul                             0x000006b5   Thumb Code   228  dmul.o(.text)
    __aeabi_ddiv                             0x00000799   Thumb Code   222  ddiv.o(.text)
    __aeabi_ui2d                             0x00000877   Thumb Code    26  dfltui.o(.text)
    __aeabi_f2d                              0x00000891   Thumb Code    38  f2d.o(.text)
    __aeabi_cdrcmple                         0x000008b9   Thumb Code    48  cdrcmple.o(.text)
    __aeabi_d2f                              0x000008e9   Thumb Code    56  d2f.o(.text)
    __aeabi_uidiv                            0x00000921   Thumb Code     0  uidiv.o(.text)
    __aeabi_uidivmod                         0x00000921   Thumb Code    44  uidiv.o(.text)
    __aeabi_uldivmod                         0x0000094d   Thumb Code    98  uldiv.o(.text)
    __aeabi_llsl                             0x000009af   Thumb Code    30  llshl.o(.text)
    _ll_shift_l                              0x000009af   Thumb Code     0  llshl.o(.text)
    __aeabi_lasr                             0x000009cd   Thumb Code    36  llsshr.o(.text)
    _ll_sshift_r                             0x000009cd   Thumb Code     0  llsshr.o(.text)
    __strtod_int                             0x00000a27   Thumb Code    90  strtod.o(.text)
    strtol                                   0x00000a8d   Thumb Code   112  strtol.o(.text)
    __I$use$fp                               0x00000afd   Thumb Code     0  iusefp.o(.text)
    _float_round                             0x00000afd   Thumb Code    18  fepilogue.o(.text)
    _float_epilogue                          0x00000b0f   Thumb Code    92  fepilogue.o(.text)
    _double_round                            0x00000b6b   Thumb Code    30  depilogue.o(.text)
    _double_epilogue                         0x00000b89   Thumb Code   156  depilogue.o(.text)
    __aeabi_d2ulz                            0x00000c25   Thumb Code    48  dfixul.o(.text)
    __scatterload                            0x00000c55   Thumb Code    28  init.o(.text)
    __scatterload_rt2                        0x00000c55   Thumb Code     0  init.o(.text)
    __aeabi_llsr                             0x00000c79   Thumb Code    32  llushr.o(.text)
    _ll_ushift_r                             0x00000c79   Thumb Code     0  llushr.o(.text)
    __rt_ctype_table                         0x00000c99   Thumb Code     4  ctype_o.o(.text)
    isspace                                  0x00000ca1   Thumb Code    18  isspace_o.o(.text)
    _scanf_real                              0x00000ddd   Thumb Code     0  scanf_fp.o(.text)
    _scanf_really_real                       0x00000ddd   Thumb Code   556  scanf_fp.o(.text)
    _sgetc                                   0x00001015   Thumb Code    30  _sgetc.o(.text)
    _sbackspace                              0x00001033   Thumb Code    34  _sgetc.o(.text)
    _strtoul                                 0x00001055   Thumb Code   158  _strtoul.o(.text)
    _chval                                   0x000010f3   Thumb Code    28  _chval.o(.text)
    __aeabi_ul2d                             0x0000110f   Thumb Code    24  dfltul.o(.text)
    __decompress                             0x00001127   Thumb Code     0  __dczerorl2.o(.text)
    __decompress1                            0x00001127   Thumb Code    86  __dczerorl2.o(.text)
    ADC_Init                                 0x0000117d   Thumb Code    58  adc.o(i.ADC_Init)
    ADC_Task                                 0x000011b9   Thumb Code    30  mytask.o(i.ADC_Task)
    Buzzer_Init                              0x000011e5   Thumb Code    14  buzzer.o(i.Buzzer_Init)
    Camera_Init                              0x000011f5   Thumb Code   340  camera.o(i.Camera_Init)
    Camera_Task                              0x00001375   Thumb Code    10  mytask.o(i.Camera_Task)
    DMA0_IRQHandler                          0x00001381   Thumb Code    20  isr.o(i.DMA0_IRQHandler)
    D_PID_initial                            0x00001399   Thumb Code    28  elector.o(i.D_PID_initial)
    Decode_Init                              0x000013bd   Thumb Code    16  decode.o(i.Decode_Init)
    Decode_Task                              0x000013cd   Thumb Code    14  mytask.o(i.Decode_Task)
    Direct                                   0x000013dd   Thumb Code  1442  elector.o(i.Direct)
    Disable_Wdog                             0x0000199d   Thumb Code    22  system_mk66.o(i.Disable_Wdog)
    FTM_port_mux                             0x000019b9   Thumb Code   398  mk60_ftm.o(i.FTM_port_mux)
    Get_ADC_Data                             0x00001b4d   Thumb Code   158  adc.o(i.Get_ADC_Data)
    Get_Config                               0x00001bf5   Thumb Code    96  camera.o(i.Get_Config)
    Get_Decode_Data                          0x00001c61   Thumb Code    34  decode.o(i.Get_Decode_Data)
    Hall_Init                                0x00001c95   Thumb Code    14  hall.o(i.Hall_Init)
    Hall_Scan                                0x00001ca5   Thumb Code    10  hall.o(i.Hall_Scan)
    Init_Task                                0x00001cb5   Thumb Code   170  mytask.o(i.Init_Task)
    KEY_Init                                 0x00001e71   Thumb Code    54  key.o(i.KEY_Init)
    KEY_Scan                                 0x00001ea7   Thumb Code   126  key.o(i.KEY_Scan)
    KEY_Task                                 0x00001f25   Thumb Code    58  mytask.o(i.KEY_Task)
    LCD_WriteData_16Bit                      0x00001f65   Thumb Code    54  seekfree_18tft.o(i.LCD_WriteData_16Bit)
    LED_Flash                                0x00001f9d   Thumb Code    10  led.o(i.LED_Flash)
    LED_Init                                 0x00001fad   Thumb Code    44  led.o(i.LED_Init)
    LED_Task                                 0x00001fd9   Thumb Code    24  mytask.o(i.LED_Task)
    Lcd_SetRegion                            0x00001ff1   Thumb Code    90  seekfree_18tft.o(i.Lcd_SetRegion)
    Lcd_WriteData                            0x0000204b   Thumb Code    30  seekfree_18tft.o(i.Lcd_WriteData)
    Lcd_WriteIndex                           0x00002069   Thumb Code    30  seekfree_18tft.o(i.Lcd_WriteIndex)
    MT9V032_Uart_Receive                     0x00002089   Thumb Code    68  camera.o(i.MT9V032_Uart_Receive)
    M_PID_initial                            0x000020d9   Thumb Code    86  elector.o(i.M_PID_initial)
    Motor_PWM_Init                           0x0000213d   Thumb Code   130  motor.o(i.Motor_PWM_Init)
    NMI_Handler                              0x000021c5   Thumb Code     2  system_mk66.o(i.NMI_Handler)
    NRF_Init                                 0x000021c7   Thumb Code    60  usart.o(i.NRF_Init)
    OLED_Clear                               0x00002203   Thumb Code    64  oled.o(i.OLED_Clear)
    OLED_Display                             0x00002245   Thumb Code   286  display.o(i.OLED_Display)
    OLED_Init                                0x00002405   Thumb Code   374  oled.o(i.OLED_Init)
    OLED_Set_Pos                             0x0000257b   Thumb Code    46  oled.o(i.OLED_Set_Pos)
    OLED_ShowChar                            0x000025a9   Thumb Code    78  oled.o(i.OLED_ShowChar)
    OLED_ShowString                          0x000025fd   Thumb Code    54  oled.o(i.OLED_ShowString)
    OLED_Task                                0x00002633   Thumb Code    14  mytask.o(i.OLED_Task)
    OLED_WR_Byte                             0x00002641   Thumb Code   108  oled.o(i.OLED_WR_Byte)
    PORTA_IRQHandler                         0x000026ad   Thumb Code    10  isr.o(i.PORTA_IRQHandler)
    PORTE_IRQHandler                         0x000026bd   Thumb Code    16  isr.o(i.PORTE_IRQHandler)
    RAcheck                                  0x000026d1   Thumb Code    42  elector.o(i.RAcheck)
    Roundabout                               0x00002721   Thumb Code   450  elector.o(i.Roundabout)
    Row_Finished                             0x00002905   Thumb Code     8  camera.o(i.Row_Finished)
    SYSTEM_CLK                               0x00002911   Thumb Code   170  system_mk66.o(i.SYSTEM_CLK)
    Set_Motor_PWM                            0x000029c9   Thumb Code   186  motor.o(i.Set_Motor_PWM)
    Set_Steering_PWM                         0x00002a91   Thumb Code    40  steering.o(i.Set_Steering_PWM)
    Speed                                    0x00002ac1   Thumb Code  1078  elector.o(i.Speed)
    Start                                    0x00002ef9   Thumb Code    34  system_mk66.o(i.Start)
    Start_Task                               0x00002f21   Thumb Code   168  mytask.o(i.Start_Task)
    Steering_Init                            0x00003031   Thumb Code    28  steering.o(i.Steering_Init)
    SysTick_Handler                          0x00003051   Thumb Code    46  port.o(i.SysTick_Handler)
    Task_List_Init                           0x00003085   Thumb Code    24  mytask.o(i.Task_List_Init)
    UART3_RX_TX_IRQHandler                   0x000030b1   Thumb Code    22  isr.o(i.UART3_RX_TX_IRQHandler)
    UART4_RX_TX_IRQHandler                   0x000030cd   Thumb Code   236  isr.o(i.UART4_RX_TX_IRQHandler)
    VSYNC                                    0x000031cd   Thumb Code    80  camera.o(i.VSYNC)
    __0printf                                0x00003231   Thumb Code    22  printfa.o(i.__0printf)
    __1printf                                0x00003231   Thumb Code     0  printfa.o(i.__0printf)
    __2printf                                0x00003231   Thumb Code     0  printfa.o(i.__0printf)
    __c89printf                              0x00003231   Thumb Code     0  printfa.o(i.__0printf)
    printf                                   0x00003231   Thumb Code     0  printfa.o(i.__0printf)
    __0sprintf                               0x00003251   Thumb Code    34  printfa.o(i.__0sprintf)
    __1sprintf                               0x00003251   Thumb Code     0  printfa.o(i.__0sprintf)
    __2sprintf                               0x00003251   Thumb Code     0  printfa.o(i.__0sprintf)
    __c89sprintf                             0x00003251   Thumb Code     0  printfa.o(i.__0sprintf)
    sprintf                                  0x00003251   Thumb Code     0  printfa.o(i.__0sprintf)
    __ARM_fpclassifyf                        0x00003279   Thumb Code    38  fpclassifyf.o(i.__ARM_fpclassifyf)
    __aeabi_errno_addr                       0x000032d5   Thumb Code     4  errno.o(i.__aeabi_errno_addr)
    __rt_errno_addr                          0x000032d5   Thumb Code     0  errno.o(i.__aeabi_errno_addr)
    __hardfp_atanf                           0x000032dd   Thumb Code   296  atanf.o(i.__hardfp_atanf)
    __hardfp_atof                            0x00003441   Thumb Code    44  atof.o(i.__hardfp_atof)
    __hardfp_sqrtf                           0x00003479   Thumb Code    58  sqrtf.o(i.__hardfp_sqrtf)
    __mathlib_flt_infnan                     0x000034b3   Thumb Code     6  funder.o(i.__mathlib_flt_infnan)
    __mathlib_flt_underflow                  0x000034b9   Thumb Code    10  funder.o(i.__mathlib_flt_underflow)
    __read_errno                             0x000034c9   Thumb Code     6  errno.o(i.__read_errno)
    __scatterload_copy                       0x000034d5   Thumb Code    14  handlers.o(i.__scatterload_copy)
    __scatterload_null                       0x000034e3   Thumb Code     2  handlers.o(i.__scatterload_null)
    __scatterload_zeroinit                   0x000034e5   Thumb Code    14  handlers.o(i.__scatterload_zeroinit)
    __set_errno                              0x000034f5   Thumb Code     6  errno.o(i.__set_errno)
    _is_digit                                0x00003685   Thumb Code    14  scanf_fp.o(i._is_digit)
    adc_init                                 0x00003dcd   Thumb Code   426  mk60_adc.o(i.adc_init)
    adc_once                                 0x00003f7d   Thumb Code    70  mk60_adc.o(i.adc_once)
    adc_start                                0x00003fc9   Thumb Code    52  mk60_adc.o(i.adc_start)
    div_set                                  0x00004019   Thumb Code    68  system_mk66.o(i.div_set)
    dma_portx2buff_init                      0x00004065   Thumb Code   398  mk60_dma.o(i.dma_portx2buff_init)
    dsp_single_colour                        0x00004209   Thumb Code    48  seekfree_18tft.o(i.dsp_single_colour)
    fputc                                    0x00004239   Thumb Code    18  mk60_uart.o(i.fputc)
    ftm_pwm_init                             0x0000424d   Thumb Code   296  mk60_ftm.o(i.ftm_pwm_init)
    ftm_quad_init                            0x00004381   Thumb Code   218  mk60_ftm.o(i.ftm_quad_init)
    get_clk                                  0x00004465   Thumb Code    82  common.o(i.get_clk)
    gpio_get                                 0x000044cd   Thumb Code    38  mk60_gpio.o(i.gpio_get)
    gpio_init                                0x000044f9   Thumb Code   200  mk60_gpio.o(i.gpio_init)
    gpio_set                                 0x000045cd   Thumb Code    66  mk60_gpio.o(i.gpio_set)
    lcd_init                                 0x00004615   Thumb Code   612  seekfree_18tft.o(i.lcd_init)
    lcd_showchar                             0x00004881   Thumb Code   100  seekfree_18tft.o(i.lcd_showchar)
    lcd_showstr                              0x000048e9   Thumb Code    50  seekfree_18tft.o(i.lcd_showstr)
    main                                     0x0000491d   Thumb Code    46  main.o(i.main)
    port_init                                0x00004955   Thumb Code   102  mk60_port.o(i.port_init)
    port_init_NoAlt                          0x000049c9   Thumb Code    76  mk60_port.o(i.port_init_NoAlt)
    pvPortMalloc                             0x00005585   Thumb Code   262  heap_4.o(i.pvPortMalloc)
    pvTaskIncrementMutexHeldCount            0x000056d9   Thumb Code    26  tasks.o(i.pvTaskIncrementMutexHeldCount)
    pxPortInitialiseStack                    0x000056f9   Thumb Code    38  port.o(i.pxPortInitialiseStack)
    spi_init                                 0x00005725   Thumb Code   784  mk60_spi.o(i.spi_init)
    spi_mosi                                 0x00005a51   Thumb Code   256  mk60_spi.o(i.spi_mosi)
    tft_delay                                0x00005b59   Thumb Code    12  seekfree_18tft.o(i.tft_delay)
    uart_getchar                             0x00005b65   Thumb Code    30  mk60_uart.o(i.uart_getchar)
    uart_init                                0x00005b89   Thumb Code   452  mk60_uart.o(i.uart_init)
    uart_putbuff                             0x00005d61   Thumb Code    30  mk60_uart.o(i.uart_putbuff)
    uart_putchar                             0x00005d81   Thumb Code    28  mk60_uart.o(i.uart_putchar)
    uart_rx_irq_en                           0x00005da1   Thumb Code    50  mk60_uart.o(i.uart_rx_irq_en)
    uxListRemove                             0x00005dd9   Thumb Code    40  list.o(i.uxListRemove)
    vApplicationGetIdleTaskMemory            0x00005e01   Thumb Code    16  mytask.o(i.vApplicationGetIdleTaskMemory)
    vApplicationGetTimerTaskMemory           0x00005e19   Thumb Code    14  mytask.o(i.vApplicationGetTimerTaskMemory)
    vListInitialise                          0x00005e31   Thumb Code    26  list.o(i.vListInitialise)
    vListInitialiseItem                      0x00005e4b   Thumb Code     6  list.o(i.vListInitialiseItem)
    vListInsert                              0x00005e51   Thumb Code    52  list.o(i.vListInsert)
    vListInsertEnd                           0x00005e85   Thumb Code    24  list.o(i.vListInsertEnd)
    vPortEnterCritical                       0x00005e9d   Thumb Code    68  port.o(i.vPortEnterCritical)
    vPortExitCritical                        0x00005f25   Thumb Code    48  port.o(i.vPortExitCritical)
    vPortFree                                0x00005f95   Thumb Code   120  heap_4.o(i.vPortFree)
    vPortSetupTimerInterrupt                 0x0000604d   Thumb Code    30  port.o(i.vPortSetupTimerInterrupt)
    vPortValidateInterruptPriority           0x00006075   Thumb Code    86  port.o(i.vPortValidateInterruptPriority)
    vQueueAddToRegistry                      0x00006115   Thumb Code    38  queue.o(i.vQueueAddToRegistry)
    vQueueWaitForMessageRestricted           0x00006141   Thumb Code    74  queue.o(i.vQueueWaitForMessageRestricted)
    vTaskDelay                               0x0000618d   Thumb Code    72  tasks.o(i.vTaskDelay)
    vTaskDelete                              0x00006201   Thumb Code   192  tasks.o(i.vTaskDelete)
    vTaskMissedYield                         0x0000630d   Thumb Code     8  tasks.o(i.vTaskMissedYield)
    vTaskPlaceOnEventList                    0x00006319   Thumb Code    42  tasks.o(i.vTaskPlaceOnEventList)
    vTaskPlaceOnEventListRestricted          0x0000636d   Thumb Code    50  tasks.o(i.vTaskPlaceOnEventListRestricted)
    vTaskPriorityInherit                     0x000063c9   Thumb Code   164  tasks.o(i.vTaskPriorityInherit)
    vTaskSetTimeOutState                     0x00006479   Thumb Code    32  tasks.o(i.vTaskSetTimeOutState)
    vTaskStartScheduler                      0x000064c5   Thumb Code   146  tasks.o(i.vTaskStartScheduler)
    vTaskSuspendAll                          0x00006599   Thumb Code    12  tasks.o(i.vTaskSuspendAll)
    vTaskSwitchContext                       0x000065a9   Thumb Code   110  tasks.o(i.vTaskSwitchContext)
    xPortStartScheduler                      0x00006651   Thumb Code   258  port.o(i.xPortStartScheduler)
    xQueueGenericCreateStatic                0x000067ad   Thumb Code   172  queue.o(i.xQueueGenericCreateStatic)
    xQueueGenericReceive                     0x0000687d   Thumb Code   416  queue.o(i.xQueueGenericReceive)
    xQueueGenericReset                       0x00006a45   Thumb Code   136  queue.o(i.xQueueGenericReset)
    xQueueGenericSend                        0x00006af5   Thumb Code   412  queue.o(i.xQueueGenericSend)
    xQueueGenericSendFromISR                 0x00006cb9   Thumb Code   234  queue.o(i.xQueueGenericSendFromISR)
    xTaskCheckForTimeOut                     0x00006dc9   Thumb Code   116  tasks.o(i.xTaskCheckForTimeOut)
    xTaskCreate                              0x00006e69   Thumb Code   100  tasks.o(i.xTaskCreate)
    xTaskCreateStatic                        0x00006ecd   Thumb Code   122  tasks.o(i.xTaskCreateStatic)
    xTaskGetSchedulerState                   0x00006f6d   Thumb Code    24  tasks.o(i.xTaskGetSchedulerState)
    xTaskGetTickCount                        0x00006f8d   Thumb Code     6  tasks.o(i.xTaskGetTickCount)
    xTaskIncrementTick                       0x00006f99   Thumb Code   272  tasks.o(i.xTaskIncrementTick)
    xTaskPriorityDisinherit                  0x000070f9   Thumb Code   168  tasks.o(i.xTaskPriorityDisinherit)
    xTaskRemoveFromEventList                 0x000071d1   Thumb Code   118  tasks.o(i.xTaskRemoveFromEventList)
    xTaskResumeAll                           0x00007285   Thumb Code   214  tasks.o(i.xTaskResumeAll)
    xTimerCreateTimerTask                    0x000073a5   Thumb Code    90  timers.o(i.xTimerCreateTimerTask)
    xTimerGenericCommand                     0x0000743d   Thumb Code   118  timers.o(i.xTimerGenericCommand)
    F6x8                                     0x000074e0   Data         552  oled.o(.constdata)
    F8X16                                    0x00007708   Data        1520  oled.o(.constdata)
    tft_ascii                                0x00007cf8   Data        1520  seekfree_font.o(.constdata)
    ADCX                                     0x000082e8   Data           8  mk60_adc.o(.constdata)
    __ctype_table                            0x00008390   Data         129  ctype_o.o(.constdata)
    Region$$Table$$Base                      0x00008418   Number         0  anon$$obj.o(Region$$Table)
    Region$$Table$$Limit                     0x00008438   Number         0  anon$$obj.o(Region$$Table)
    Init_Task_Handler                        0x20000000   Data           4  mytask.o(.data)
    EEPROM_Task_Handler                      0x20000004   Data           4  mytask.o(.data)
    ADC_Task_Handler                         0x20000008   Data           4  mytask.o(.data)
    Camera_Task_Handler                      0x2000000c   Data           4  mytask.o(.data)
    Decode_Task_Handler                      0x20000010   Data           4  mytask.o(.data)
    KEY_Task_Handler                         0x20000014   Data           4  mytask.o(.data)
    LED_Task_Handler                         0x20000018   Data           4  mytask.o(.data)
    OLED_Task_Handler                        0x2000001c   Data           4  mytask.o(.data)
    StartTask_Handler                        0x20000020   Data           4  mytask.o(.data)
    Steering_PWM                             0x20000030   Data           2  steering.o(.data)
    Speed_L                                  0x20000032   Data           2  decode.o(.data)
    Speed_R                                  0x20000034   Data           2  decode.o(.data)
    receive                                  0x20000036   Data           3  camera.o(.data)
    receive_num                              0x20000039   Data           1  camera.o(.data)
    uart_receive_flag                        0x2000003a   Data           1  camera.o(.data)
    THRESHOLD                                0x2000003b   Data           1  camera.o(.data)
    MT9V032_CFG                              0x2000003c   Data          36  camera.o(.data)
    GET_CFG                                  0x20000060   Data          32  camera.o(.data)
    Image_Finish_Flag                        0x20000080   Data           1  camera.o(.data)
    mcgout_clk_mhz                           0x20000084   Data           4  common.o(.data)
    core_clk_mhz                             0x20000088   Data           4  common.o(.data)
    bus_clk_mhz                              0x2000008c   Data           4  common.o(.data)
    period                                   0x20000090   Data           8  mk60_ftm.o(.data)
    SPIN                                     0x20000098   Data          12  mk60_spi.o(.data)
    uart                                     0x200000a4   Data          20  mk60_uart.o(.data)
    pxCurrentTCB                             0x200000b8   Data           4  tasks.o(.data)
    __stdout                                 0x2000012c   Data           4  stdout.o(.data)
    direction                                0x200007e4   Data          40  elector.o(.bss)
    speed                                    0x2000080c   Data          40  elector.o(.bss)
    RoundAb                                  0x20000834   Data          40  elector.o(.bss)
    Motor_PWM                                0x20000870   Data          16  motor.o(.bss)
    image                                    0x20000880   Data        4800  camera.o(.bss)
    image_binary                             0x20001b40   Data         600  camera.o(.bss)
    ADC_Data                                 0x20001d98   Data          18  adc.o(.bss)
    xQueueRegistry                           0x20001dac   Data          64  queue.o(.bss)
    __initial_sp                             0x20023fc0   Data           0  startup_mk66f18.o(STACK)



==============================================================================

Memory Map of the image

  Image Entry point : 0x00000411

  Load Region LR_IROM1 (Base: 0x00000000, Size: 0x0000856c, Max: 0x00100000, ABSOLUTE, COMPRESSED[0x0000848c])

    Execution Region ER_IROM1 (Exec base: 0x00000000, Load base: 0x00000000, Size: 0x00008438, Max: 0x00100000, ABSOLUTE)

    Exec Addr    Load Addr    Size         Type   Attr      Idx    E Section Name        Object

    0x00000000   0x00000000   0x00000400   Data   RO          316    RESET               startup_mk66f18.o
    0x00000400   0x00000400   0x00000010   Code   RO          317    .ARM.__at_0x400     startup_mk66f18.o
    0x00000410   0x00000410   0x00000000   Code   RO          533  * .ARM.Collect$$$$00000000  mc_w.l(entry.o)
    0x00000410   0x00000410   0x00000004   Code   RO          702    .ARM.Collect$$$$00000001  mc_w.l(entry2.o)
    0x00000414   0x00000414   0x00000004   Code   RO          705    .ARM.Collect$$$$00000004  mc_w.l(entry5.o)
    0x00000418   0x00000418   0x00000000   Code   RO          707    .ARM.Collect$$$$00000008  mc_w.l(entry7b.o)
    0x00000418   0x00000418   0x00000000   Code   RO          709    .ARM.Collect$$$$0000000A  mc_w.l(entry8b.o)
    0x00000418   0x00000418   0x00000008   Code   RO          710    .ARM.Collect$$$$0000000B  mc_w.l(entry9a.o)
    0x00000420   0x00000420   0x00000000   Code   RO          712    .ARM.Collect$$$$0000000D  mc_w.l(entry10a.o)
    0x00000420   0x00000420   0x00000000   Code   RO          714    .ARM.Collect$$$$0000000F  mc_w.l(entry11a.o)
    0x00000420   0x00000420   0x00000004   Code   RO          703    .ARM.Collect$$$$00002712  mc_w.l(entry2.o)
    0x00000424   0x00000424   0x000000b6   Code   RO          507    .emb_text           port.o
    0x000004da   0x000004da   0x00000002   PAD
    0x000004dc   0x000004dc   0x00000028   Code   RO          318    .text               startup_mk66f18.o
    0x00000504   0x00000504   0x00000024   Code   RO          536    .text               mc_w.l(memcpya.o)
    0x00000528   0x00000528   0x00000024   Code   RO          537    .text               mc_w.l(memseta.o)
    0x0000054c   0x0000054c   0x0000001a   Code   RO          686    .text               mc_w.l(atoi.o)
    0x00000566   0x00000566   0x0000014e   Code   RO          687    .text               mf_w.l(dadd.o)
    0x000006b4   0x000006b4   0x000000e4   Code   RO          688    .text               mf_w.l(dmul.o)
    0x00000798   0x00000798   0x000000de   Code   RO          689    .text               mf_w.l(ddiv.o)
    0x00000876   0x00000876   0x0000001a   Code   RO          690    .text               mf_w.l(dfltui.o)
    0x00000890   0x00000890   0x00000026   Code   RO          691    .text               mf_w.l(f2d.o)
    0x000008b6   0x000008b6   0x00000002   PAD
    0x000008b8   0x000008b8   0x00000030   Code   RO          692    .text               mf_w.l(cdrcmple.o)
    0x000008e8   0x000008e8   0x00000038   Code   RO          693    .text               mf_w.l(d2f.o)
    0x00000920   0x00000920   0x0000002c   Code   RO          717    .text               mc_w.l(uidiv.o)
    0x0000094c   0x0000094c   0x00000062   Code   RO          718    .text               mc_w.l(uldiv.o)
    0x000009ae   0x000009ae   0x0000001e   Code   RO          719    .text               mc_w.l(llshl.o)
    0x000009cc   0x000009cc   0x00000024   Code   RO          720    .text               mc_w.l(llsshr.o)
    0x000009f0   0x000009f0   0x0000009c   Code   RO          727    .text               mc_w.l(strtod.o)
    0x00000a8c   0x00000a8c   0x00000070   Code   RO          728    .text               mc_w.l(strtol.o)
    0x00000afc   0x00000afc   0x00000000   Code   RO          729    .text               mc_w.l(iusefp.o)
    0x00000afc   0x00000afc   0x0000006e   Code   RO          730    .text               mf_w.l(fepilogue.o)
    0x00000b6a   0x00000b6a   0x000000ba   Code   RO          731    .text               mf_w.l(depilogue.o)
    0x00000c24   0x00000c24   0x00000030   Code   RO          732    .text               mf_w.l(dfixul.o)
    0x00000c54   0x00000c54   0x00000024   Code   RO          733    .text               mc_w.l(init.o)
    0x00000c78   0x00000c78   0x00000020   Code   RO          734    .text               mc_w.l(llushr.o)
    0x00000c98   0x00000c98   0x00000008   Code   RO          736    .text               mc_w.l(ctype_o.o)
    0x00000ca0   0x00000ca0   0x00000012   Code   RO          748    .text               mc_w.l(isspace_o.o)
    0x00000cb2   0x00000cb2   0x00000002   PAD
    0x00000cb4   0x00000cb4   0x00000360   Code   RO          751    .text               mc_w.l(scanf_fp.o)
    0x00001014   0x00001014   0x00000040   Code   RO          754    .text               mc_w.l(_sgetc.o)
    0x00001054   0x00001054   0x0000009e   Code   RO          755    .text               mc_w.l(_strtoul.o)
    0x000010f2   0x000010f2   0x0000001c   Code   RO          758    .text               mc_w.l(_chval.o)
    0x0000110e   0x0000110e   0x00000018   Code   RO          759    .text               mf_w.l(dfltul.o)
    0x00001126   0x00001126   0x00000056   Code   RO          765    .text               mc_w.l(__dczerorl2.o)
    0x0000117c   0x0000117c   0x0000003a   Code   RO          121    i.ADC_Init          adc.o
    0x000011b6   0x000011b6   0x00000002   PAD
    0x000011b8   0x000011b8   0x0000002c   Code   RO            8    i.ADC_Task          mytask.o
    0x000011e4   0x000011e4   0x0000000e   Code   RO           83    i.Buzzer_Init       buzzer.o
    0x000011f2   0x000011f2   0x00000002   PAD
    0x000011f4   0x000011f4   0x00000180   Code   RO          105    i.Camera_Init       camera.o
    0x00001374   0x00001374   0x0000000a   Code   RO            9    i.Camera_Task       mytask.o
    0x0000137e   0x0000137e   0x00000002   PAD
    0x00001380   0x00001380   0x00000018   Code   RO           37    i.DMA0_IRQHandler   isr.o
    0x00001398   0x00001398   0x00000024   Code   RO           25    i.D_PID_initial     elector.o
    0x000013bc   0x000013bc   0x00000010   Code   RO           99    i.Decode_Init       decode.o
    0x000013cc   0x000013cc   0x0000000e   Code   RO           10    i.Decode_Task       mytask.o
    0x000013da   0x000013da   0x00000002   PAD
    0x000013dc   0x000013dc   0x000005c0   Code   RO           26    i.Direct            elector.o
    0x0000199c   0x0000199c   0x0000001c   Code   RO          322    i.Disable_Wdog      system_mk66.o
    0x000019b8   0x000019b8   0x00000194   Code   RO          198    i.FTM_port_mux      mk60_ftm.o
    0x00001b4c   0x00001b4c   0x000000a8   Code   RO          122    i.Get_ADC_Data      adc.o
    0x00001bf4   0x00001bf4   0x0000006c   Code   RO          106    i.Get_Config        camera.o
    0x00001c60   0x00001c60   0x00000034   Code   RO          100    i.Get_Decode_Data   decode.o
    0x00001c94   0x00001c94   0x0000000e   Code   RO          147    i.Hall_Init         hall.o
    0x00001ca2   0x00001ca2   0x00000002   PAD
    0x00001ca4   0x00001ca4   0x00000010   Code   RO          148    i.Hall_Scan         hall.o
    0x00001cb4   0x00001cb4   0x000001bc   Code   RO           12    i.Init_Task         mytask.o
    0x00001e70   0x00001e70   0x00000036   Code   RO           72    i.KEY_Init          key.o
    0x00001ea6   0x00001ea6   0x0000007e   Code   RO           73    i.KEY_Scan          key.o
    0x00001f24   0x00001f24   0x00000040   Code   RO           13    i.KEY_Task          mytask.o
    0x00001f64   0x00001f64   0x00000036   Code   RO          127    i.LCD_WriteData_16Bit  seekfree_18tft.o
    0x00001f9a   0x00001f9a   0x00000002   PAD
    0x00001f9c   0x00001f9c   0x00000010   Code   RO           67    i.LED_Flash         led.o
    0x00001fac   0x00001fac   0x0000002c   Code   RO           68    i.LED_Init          led.o
    0x00001fd8   0x00001fd8   0x00000018   Code   RO           14    i.LED_Task          mytask.o
    0x00001ff0   0x00001ff0   0x0000005a   Code   RO          128    i.Lcd_SetRegion     seekfree_18tft.o
    0x0000204a   0x0000204a   0x0000001e   Code   RO          129    i.Lcd_WriteData     seekfree_18tft.o
    0x00002068   0x00002068   0x0000001e   Code   RO          130    i.Lcd_WriteIndex    seekfree_18tft.o
    0x00002086   0x00002086   0x00000002   PAD
    0x00002088   0x00002088   0x00000050   Code   RO          109    i.MT9V032_Uart_Receive  camera.o
    0x000020d8   0x000020d8   0x00000064   Code   RO           28    i.M_PID_initial     elector.o
    0x0000213c   0x0000213c   0x00000088   Code   RO           77    i.Motor_PWM_Init    motor.o
    0x000021c4   0x000021c4   0x00000002   Code   RO          323    i.NMI_Handler       system_mk66.o
    0x000021c6   0x000021c6   0x0000003c   Code   RO           89    i.NRF_Init          usart.o
    0x00002202   0x00002202   0x00000040   Code   RO           51    i.OLED_Clear        oled.o
    0x00002242   0x00002242   0x00000002   PAD
    0x00002244   0x00002244   0x000001c0   Code   RO           47    i.OLED_Display      display.o
    0x00002404   0x00002404   0x00000176   Code   RO           55    i.OLED_Init         oled.o
    0x0000257a   0x0000257a   0x0000002e   Code   RO           56    i.OLED_Set_Pos      oled.o
    0x000025a8   0x000025a8   0x00000054   Code   RO           57    i.OLED_ShowChar     oled.o
    0x000025fc   0x000025fc   0x00000036   Code   RO           59    i.OLED_ShowString   oled.o
    0x00002632   0x00002632   0x0000000e   Code   RO           15    i.OLED_Task         mytask.o
    0x00002640   0x00002640   0x0000006c   Code   RO           60    i.OLED_WR_Byte      oled.o
    0x000026ac   0x000026ac   0x00000010   Code   RO           38    i.PORTA_IRQHandler  isr.o
    0x000026bc   0x000026bc   0x00000014   Code   RO           39    i.PORTE_IRQHandler  isr.o
    0x000026d0   0x000026d0   0x00000050   Code   RO           29    i.RAcheck           elector.o
    0x00002720   0x00002720   0x000001e4   Code   RO           30    i.Roundabout        elector.o
    0x00002904   0x00002904   0x0000000c   Code   RO          110    i.Row_Finished      camera.o
    0x00002910   0x00002910   0x000000b8   Code   RO          324    i.SYSTEM_CLK        system_mk66.o
    0x000029c8   0x000029c8   0x000000c8   Code   RO           78    i.Set_Motor_PWM     motor.o
    0x00002a90   0x00002a90   0x00000030   Code   RO           93    i.Set_Steering_PWM  steering.o
    0x00002ac0   0x00002ac0   0x00000436   Code   RO           31    i.Speed             elector.o
    0x00002ef6   0x00002ef6   0x00000002   PAD
    0x00002ef8   0x00002ef8   0x00000028   Code   RO          325    i.Start             system_mk66.o
    0x00002f20   0x00002f20   0x00000110   Code   RO           16    i.Start_Task        mytask.o
    0x00003030   0x00003030   0x00000020   Code   RO           94    i.Steering_Init     steering.o
    0x00003050   0x00003050   0x00000034   Code   RO          508    i.SysTick_Handler   port.o
    0x00003084   0x00003084   0x0000002c   Code   RO           17    i.Task_List_Init    mytask.o
    0x000030b0   0x000030b0   0x0000001c   Code   RO           40    i.UART3_RX_TX_IRQHandler  isr.o
    0x000030cc   0x000030cc   0x00000100   Code   RO           41    i.UART4_RX_TX_IRQHandler  isr.o
    0x000031cc   0x000031cc   0x00000064   Code   RO          114    i.VSYNC             camera.o
    0x00003230   0x00003230   0x00000020   Code   RO          658    i.__0printf         mc_w.l(printfa.o)
    0x00003250   0x00003250   0x00000028   Code   RO          660    i.__0sprintf        mc_w.l(printfa.o)
    0x00003278   0x00003278   0x00000026   Code   RO          694    i.__ARM_fpclassifyf  m_wm.l(fpclassifyf.o)
    0x0000329e   0x0000329e   0x0000001a   Code   RO          115    i.__NVIC_EnableIRQ  camera.o
    0x000032b8   0x000032b8   0x0000001a   Code   RO          292    i.__NVIC_EnableIRQ  mk60_uart.o
    0x000032d2   0x000032d2   0x00000002   PAD
    0x000032d4   0x000032d4   0x00000008   Code   RO          723    i.__aeabi_errno_addr  mc_w.l(errno.o)
    0x000032dc   0x000032dc   0x00000160   Code   RO          518    i.__hardfp_atanf    m_wm.l(atanf.o)
    0x0000343c   0x0000343c   0x00000004   PAD
    0x00003440   0x00003440   0x00000038   Code   RO          524    i.__hardfp_atof     m_wm.l(atof.o)
    0x00003478   0x00003478   0x0000003a   Code   RO          527    i.__hardfp_sqrtf    m_wm.l(sqrtf.o)
    0x000034b2   0x000034b2   0x00000006   Code   RO          696    i.__mathlib_flt_infnan  m_wm.l(funder.o)
    0x000034b8   0x000034b8   0x00000010   Code   RO          701    i.__mathlib_flt_underflow  m_wm.l(funder.o)
    0x000034c8   0x000034c8   0x0000000c   Code   RO          724    i.__read_errno      mc_w.l(errno.o)
    0x000034d4   0x000034d4   0x0000000e   Code   RO          762    i.__scatterload_copy  mc_w.l(handlers.o)
    0x000034e2   0x000034e2   0x00000002   Code   RO          763    i.__scatterload_null  mc_w.l(handlers.o)
    0x000034e4   0x000034e4   0x0000000e   Code   RO          764    i.__scatterload_zeroinit  mc_w.l(handlers.o)
    0x000034f2   0x000034f2   0x00000002   PAD
    0x000034f4   0x000034f4   0x0000000c   Code   RO          725    i.__set_errno       mc_w.l(errno.o)
    0x00003500   0x00003500   0x00000184   Code   RO          665    i._fp_digits        mc_w.l(printfa.o)
    0x00003684   0x00003684   0x0000000e   Code   RO          753    i._is_digit         mc_w.l(scanf_fp.o)
    0x00003692   0x00003692   0x00000002   PAD
    0x00003694   0x00003694   0x000006dc   Code   RO          666    i._printf_core      mc_w.l(printfa.o)
    0x00003d70   0x00003d70   0x00000024   Code   RO          667    i._printf_post_padding  mc_w.l(printfa.o)
    0x00003d94   0x00003d94   0x0000002e   Code   RO          668    i._printf_pre_padding  mc_w.l(printfa.o)
    0x00003dc2   0x00003dc2   0x0000000a   Code   RO          670    i._sputc            mc_w.l(printfa.o)
    0x00003dcc   0x00003dcc   0x000001b0   Code   RO          162    i.adc_init          mk60_adc.o
    0x00003f7c   0x00003f7c   0x0000004c   Code   RO          163    i.adc_once          mk60_adc.o
    0x00003fc8   0x00003fc8   0x00000038   Code   RO          164    i.adc_start         mk60_adc.o
    0x00004000   0x00004000   0x00000018   Code   RO           61    i.delay_ms          oled.o
    0x00004018   0x00004018   0x0000004c   Code   RO          326    i.div_set           system_mk66.o
    0x00004064   0x00004064   0x000001a4   Code   RO          183    i.dma_portx2buff_init  mk60_dma.o
    0x00004208   0x00004208   0x00000030   Code   RO          131    i.dsp_single_colour  seekfree_18tft.o
    0x00004238   0x00004238   0x00000012   Code   RO          294    i.fputc             mk60_uart.o
    0x0000424a   0x0000424a   0x00000002   PAD
    0x0000424c   0x0000424c   0x00000134   Code   RO          204    i.ftm_pwm_init      mk60_ftm.o
    0x00004380   0x00004380   0x000000e4   Code   RO          207    i.ftm_quad_init     mk60_ftm.o
    0x00004464   0x00004464   0x00000068   Code   RO          152    i.get_clk           common.o
    0x000044cc   0x000044cc   0x0000002c   Code   RO          214    i.gpio_get          mk60_gpio.o
    0x000044f8   0x000044f8   0x000000d4   Code   RO          215    i.gpio_init         mk60_gpio.o
    0x000045cc   0x000045cc   0x00000048   Code   RO          216    i.gpio_set          mk60_gpio.o
    0x00004614   0x00004614   0x0000026c   Code   RO          132    i.lcd_init          seekfree_18tft.o
    0x00004880   0x00004880   0x00000068   Code   RO          133    i.lcd_showchar      seekfree_18tft.o
    0x000048e8   0x000048e8   0x00000032   Code   RO          136    i.lcd_showstr       seekfree_18tft.o
    0x0000491a   0x0000491a   0x00000002   PAD
    0x0000491c   0x0000491c   0x00000038   Code   RO            4    i.main              main.o
    0x00004954   0x00004954   0x00000074   Code   RO          246    i.port_init         mk60_port.o
    0x000049c8   0x000049c8   0x00000054   Code   RO          247    i.port_init_NoAlt   mk60_port.o
    0x00004a1c   0x00004a1c   0x00000098   Code   RO          405    i.prvAddCurrentTaskToDelayedList  tasks.o
    0x00004ab4   0x00004ab4   0x000000b8   Code   RO          406    i.prvAddNewTaskToReadyList  tasks.o
    0x00004b6c   0x00004b6c   0x00000074   Code   RO          468    i.prvCheckForValidListAndQueue  timers.o
    0x00004be0   0x00004be0   0x00000064   Code   RO          407    i.prvCheckTasksWaitingTermination  tasks.o
    0x00004c44   0x00004c44   0x0000002a   Code   RO          359    i.prvCopyDataFromQueue  queue.o
    0x00004c6e   0x00004c6e   0x0000007c   Code   RO          360    i.prvCopyDataToQueue  queue.o
    0x00004cea   0x00004cea   0x00000002   PAD
    0x00004cec   0x00004cec   0x0000006c   Code   RO          408    i.prvDeleteTCB      tasks.o
    0x00004d58   0x00004d58   0x00000028   Code   RO          469    i.prvGetNextExpireTime  timers.o
    0x00004d80   0x00004d80   0x0000007c   Code   RO          495    i.prvHeapInit       heap_4.o
    0x00004dfc   0x00004dfc   0x00000028   Code   RO          409    i.prvIdleTask       tasks.o
    0x00004e24   0x00004e24   0x0000002e   Code   RO          362    i.prvInitialiseNewQueue  queue.o
    0x00004e52   0x00004e52   0x00000002   PAD
    0x00004e54   0x00004e54   0x000000d0   Code   RO          410    i.prvInitialiseNewTask  tasks.o
    0x00004f24   0x00004f24   0x00000068   Code   RO          411    i.prvInitialiseTaskLists  tasks.o
    0x00004f8c   0x00004f8c   0x00000068   Code   RO          496    i.prvInsertBlockIntoFreeList  heap_4.o
    0x00004ff4   0x00004ff4   0x00000058   Code   RO          471    i.prvInsertTimerInActiveList  timers.o
    0x0000504c   0x0000504c   0x0000001a   Code   RO          363    i.prvIsQueueEmpty   queue.o
    0x00005066   0x00005066   0x0000001e   Code   RO          364    i.prvIsQueueFull    queue.o
    0x00005084   0x00005084   0x000000a0   Code   RO          365    i.prvNotifyQueueSetContainer  queue.o
    0x00005124   0x00005124   0x00000080   Code   RO          472    i.prvProcessExpiredTimer  timers.o
    0x000051a4   0x000051a4   0x00000130   Code   RO          473    i.prvProcessReceivedCommands  timers.o
    0x000052d4   0x000052d4   0x00000074   Code   RO          474    i.prvProcessTimerOrBlockTask  timers.o
    0x00005348   0x00005348   0x00000034   Code   RO          413    i.prvResetNextTaskUnblockTime  tasks.o
    0x0000537c   0x0000537c   0x0000002c   Code   RO          475    i.prvSampleTimeNow  timers.o
    0x000053a8   0x000053a8   0x000000bc   Code   RO          476    i.prvSwitchTimerLists  timers.o
    0x00005464   0x00005464   0x00000074   Code   RO          509    i.prvTaskExitError  port.o
    0x000054d8   0x000054d8   0x0000001a   Code   RO          477    i.prvTimerTask      timers.o
    0x000054f2   0x000054f2   0x00000092   Code   RO          366    i.prvUnlockQueue    queue.o
    0x00005584   0x00005584   0x00000154   Code   RO          497    i.pvPortMalloc      heap_4.o
    0x000056d8   0x000056d8   0x00000020   Code   RO          417    i.pvTaskIncrementMutexHeldCount  tasks.o
    0x000056f8   0x000056f8   0x0000002c   Code   RO          510    i.pxPortInitialiseStack  port.o
    0x00005724   0x00005724   0x0000032c   Code   RO          276    i.spi_init          mk60_spi.o
    0x00005a50   0x00005a50   0x00000108   Code   RO          277    i.spi_mosi          mk60_spi.o
    0x00005b58   0x00005b58   0x0000000c   Code   RO          139    i.tft_delay         seekfree_18tft.o
    0x00005b64   0x00005b64   0x00000024   Code   RO          295    i.uart_getchar      mk60_uart.o
    0x00005b88   0x00005b88   0x000001d8   Code   RO          296    i.uart_init         mk60_uart.o
    0x00005d60   0x00005d60   0x0000001e   Code   RO          297    i.uart_putbuff      mk60_uart.o
    0x00005d7e   0x00005d7e   0x00000002   PAD
    0x00005d80   0x00005d80   0x00000020   Code   RO          298    i.uart_putchar      mk60_uart.o
    0x00005da0   0x00005da0   0x00000038   Code   RO          302    i.uart_rx_irq_en    mk60_uart.o
    0x00005dd8   0x00005dd8   0x00000028   Code   RO          350    i.uxListRemove      list.o
    0x00005e00   0x00005e00   0x00000018   Code   RO           18    i.vApplicationGetIdleTaskMemory  mytask.o
    0x00005e18   0x00005e18   0x00000018   Code   RO           19    i.vApplicationGetTimerTaskMemory  mytask.o
    0x00005e30   0x00005e30   0x0000001a   Code   RO          351    i.vListInitialise   list.o
    0x00005e4a   0x00005e4a   0x00000006   Code   RO          352    i.vListInitialiseItem  list.o
    0x00005e50   0x00005e50   0x00000034   Code   RO          353    i.vListInsert       list.o
    0x00005e84   0x00005e84   0x00000018   Code   RO          354    i.vListInsertEnd    list.o
    0x00005e9c   0x00005e9c   0x00000088   Code   RO          512    i.vPortEnterCritical  port.o
    0x00005f24   0x00005f24   0x00000070   Code   RO          513    i.vPortExitCritical  port.o
    0x00005f94   0x00005f94   0x000000b8   Code   RO          498    i.vPortFree         heap_4.o
    0x0000604c   0x0000604c   0x00000028   Code   RO          514    i.vPortSetupTimerInterrupt  port.o
    0x00006074   0x00006074   0x000000a0   Code   RO          515    i.vPortValidateInterruptPriority  port.o
    0x00006114   0x00006114   0x0000002c   Code   RO          372    i.vQueueAddToRegistry  queue.o
    0x00006140   0x00006140   0x0000004a   Code   RO          376    i.vQueueWaitForMessageRestricted  queue.o
    0x0000618a   0x0000618a   0x00000002   PAD
    0x0000618c   0x0000618c   0x00000074   Code   RO          425    i.vTaskDelay        tasks.o
    0x00006200   0x00006200   0x0000010c   Code   RO          427    i.vTaskDelete       tasks.o
    0x0000630c   0x0000630c   0x0000000c   Code   RO          431    i.vTaskMissedYield  tasks.o
    0x00006318   0x00006318   0x00000054   Code   RO          433    i.vTaskPlaceOnEventList  tasks.o
    0x0000636c   0x0000636c   0x0000005c   Code   RO          434    i.vTaskPlaceOnEventListRestricted  tasks.o
    0x000063c8   0x000063c8   0x000000b0   Code   RO          436    i.vTaskPriorityInherit  tasks.o
    0x00006478   0x00006478   0x0000004c   Code   RO          440    i.vTaskSetTimeOutState  tasks.o
    0x000064c4   0x000064c4   0x000000d4   Code   RO          441    i.vTaskStartScheduler  tasks.o
    0x00006598   0x00006598   0x00000010   Code   RO          443    i.vTaskSuspendAll   tasks.o
    0x000065a8   0x000065a8   0x000000a8   Code   RO          444    i.vTaskSwitchContext  tasks.o
    0x00006650   0x00006650   0x0000015c   Code   RO          516    i.xPortStartScheduler  port.o
    0x000067ac   0x000067ac   0x000000d0   Code   RO          384    i.xQueueGenericCreateStatic  queue.o
    0x0000687c   0x0000687c   0x000001c8   Code   RO          385    i.xQueueGenericReceive  queue.o
    0x00006a44   0x00006a44   0x000000b0   Code   RO          386    i.xQueueGenericReset  queue.o
    0x00006af4   0x00006af4   0x000001c4   Code   RO          387    i.xQueueGenericSend  queue.o
    0x00006cb8   0x00006cb8   0x00000110   Code   RO          388    i.xQueueGenericSendFromISR  queue.o
    0x00006dc8   0x00006dc8   0x000000a0   Code   RO          445    i.xTaskCheckForTimeOut  tasks.o
    0x00006e68   0x00006e68   0x00000064   Code   RO          446    i.xTaskCreate       tasks.o
    0x00006ecc   0x00006ecc   0x000000a0   Code   RO          447    i.xTaskCreateStatic  tasks.o
    0x00006f6c   0x00006f6c   0x00000020   Code   RO          451    i.xTaskGetSchedulerState  tasks.o
    0x00006f8c   0x00006f8c   0x0000000c   Code   RO          452    i.xTaskGetTickCount  tasks.o
    0x00006f98   0x00006f98   0x00000160   Code   RO          454    i.xTaskIncrementTick  tasks.o
    0x000070f8   0x000070f8   0x000000d8   Code   RO          457    i.xTaskPriorityDisinherit  tasks.o
    0x000071d0   0x000071d0   0x000000b4   Code   RO          458    i.xTaskRemoveFromEventList  tasks.o
    0x00007284   0x00007284   0x00000120   Code   RO          460    i.xTaskResumeAll    tasks.o
    0x000073a4   0x000073a4   0x00000098   Code   RO          482    i.xTimerCreateTimerTask  timers.o
    0x0000743c   0x0000743c   0x000000a4   Code   RO          483    i.xTimerGenericCommand  timers.o
    0x000074e0   0x000074e0   0x00000818   Data   RO           63    .constdata          oled.o
    0x00007cf8   0x00007cf8   0x000005f0   Data   RO          143    .constdata          seekfree_font.o
    0x000082e8   0x000082e8   0x00000008   Data   RO          166    .constdata          mk60_adc.o
    0x000082f0   0x000082f0   0x00000010   Data   RO          208    .constdata          mk60_ftm.o
    0x00008300   0x00008300   0x00000028   Data   RO          218    .constdata          mk60_gpio.o
    0x00008328   0x00008328   0x00000028   Data   RO          248    .constdata          mk60_port.o
    0x00008350   0x00008350   0x00000040   Data   RO          279    .constdata          mk60_spi.o
    0x00008390   0x00008390   0x00000081   Data   RO          737    .constdata          mc_w.l(ctype_o.o)
    0x00008411   0x00008411   0x00000003   PAD
    0x00008414   0x00008414   0x00000004   Data   RO          738    .constdata          mc_w.l(ctype_o.o)
    0x00008418   0x00008418   0x00000020   Data   RO          760    Region$$Table       anon$$obj.o


    Execution Region RW_IRAM1 (Exec base: 0x20000000, Load base: 0x00008438, Size: 0x00023fc0, Max: 0x00030000, ABSOLUTE, COMPRESSED[0x00000054])

    Exec Addr    Load Addr    Size         Type   Attr      Idx    E Section Name        Object

    0x20000000   COMPRESSED   0x00000024   Data   RW           21    .data               mytask.o
    0x20000024   COMPRESSED   0x0000000b   Data   RW           33    .data               elector.o
    0x2000002f   COMPRESSED   0x00000001   Data   RW           43    .data               isr.o
    0x20000030   COMPRESSED   0x00000002   Data   RW           95    .data               steering.o
    0x20000032   COMPRESSED   0x00000004   Data   RW          101    .data               decode.o
    0x20000036   COMPRESSED   0x0000004b   Data   RW          117    .data               camera.o
    0x20000081   COMPRESSED   0x00000003   PAD
    0x20000084   COMPRESSED   0x0000000c   Data   RW          153    .data               common.o
    0x20000090   COMPRESSED   0x00000008   Data   RW          209    .data               mk60_ftm.o
    0x20000098   COMPRESSED   0x0000000c   Data   RW          280    .data               mk60_spi.o
    0x200000a4   COMPRESSED   0x00000014   Data   RW          305    .data               mk60_uart.o
    0x200000b8   COMPRESSED   0x0000003c   Data   RW          463    .data               tasks.o
    0x200000f4   COMPRESSED   0x00000014   Data   RW          491    .data               timers.o
    0x20000108   COMPRESSED   0x00000018   Data   RW          503    .data               heap_4.o
    0x20000120   COMPRESSED   0x0000000c   Data   RW          517    .data               port.o
    0x2000012c   COMPRESSED   0x00000004   Data   RW          716    .data               mc_w.l(stdout.o)
    0x20000130   COMPRESSED   0x00000004   Data   RW          726    .data               mc_w.l(errno.o)
    0x20000134        -       0x000006b0   Zero   RW           20    .bss                mytask.o
    0x200007e4        -       0x00000078   Zero   RW           32    .bss                elector.o
    0x2000085c        -       0x00000014   Zero   RW           42    .bss                isr.o
    0x20000870        -       0x00000010   Zero   RW           79    .bss                motor.o
    0x20000880        -       0x00001518   Zero   RW          116    .bss                camera.o
    0x20001d98        -       0x00000012   Zero   RW          123    .bss                adc.o
    0x20001daa   COMPRESSED   0x00000002   PAD
    0x20001dac        -       0x00000040   Zero   RW          399    .bss                queue.o
    0x20001dec        -       0x00000104   Zero   RW          462    .bss                tasks.o
    0x20001ef0        -       0x000000cc   Zero   RW          490    .bss                timers.o
    0x20001fbc        -       0x00020000   Zero   RW          502    .bss                heap_4.o
    0x20021fbc   COMPRESSED   0x00000004   PAD
    0x20021fc0        -       0x00002000   Zero   RW          314    STACK               startup_mk66f18.o


==============================================================================

Image component sizes


      Code (inc. data)   RO Data    RW Data    ZI Data      Debug   Object Name

       226         10          0          0         18          0   adc.o
        14          0          0          0          0          0   buzzer.o
       710         92          0         75       5400          0   camera.o
       104         22          0         12          0          0   common.o
        68         18          0          4          0          0   decode.o
       448        162          0          0          0          0   display.o
      3250        278          0         11        120          0   elector.o
        30          6          0          0          0          0   hall.o
       752        176          0         24     131072          0   heap_4.o
       344         40          0          1         20          0   isr.o
       180          0          0          0          0          0   key.o
        60          6          0          0          0          0   led.o
       148          0          0          0          0          0   list.o
        56         10          0          0          0          0   main.o
       564         80          8          0          0          0   mk60_adc.o
       420         22          0          0          0          0   mk60_dma.o
       940         44         16          8          0          0   mk60_ftm.o
       328         24         40          0          0          0   mk60_gpio.o
       200         22         40          0          0          0   mk60_port.o
      1076         36         64         12          0          0   mk60_spi.o
       670         42          0         20          0          0   mk60_uart.o
       336         20          0          0         16          0   motor.o
       978        436          0         36       1712          0   mytask.o
       754          6       2072          0          0          0   oled.o
      1190        400          0         12          0          0   port.o
      2256        236          0          0         64          0   queue.o
      1038         12          0          0          0          0   seekfree_18tft.o
         0          0       1520          0          0          0   seekfree_font.o
        56         24       1024          0       8192          0   startup_mk66f18.o
        80         12          0          2          0          0   steering.o
       330         34          0          0          0          0   system_mk66.o
      3700        956          0         60        260          0   tasks.o
      1366        322          0         20        204          0   timers.o
        60          0          0          0          0          0   usart.o

    ----------------------------------------------------------------------
     22766       3548       4816        300     147084          0   Object Totals
         0          0         32          0          0          0   (incl. Generated)
        34          0          0          3          6          0   (incl. Padding)

    ----------------------------------------------------------------------

      Code (inc. data)   RO Data    RW Data    ZI Data      Debug   Library Member Name

       352         56          0          0          0          0   atanf.o
        56         12          0          0          0          0   atof.o
        38          0          0          0          0          0   fpclassifyf.o
        22          6          0          0          0          0   funder.o
        58          0          0          0          0          0   sqrtf.o
        86          0          0          0          0          0   __dczerorl2.o
        28          0          0          0          0          0   _chval.o
        64          0          0          0          0          0   _sgetc.o
       158          0          0          0          0          0   _strtoul.o
        26          0          0          0          0          0   atoi.o
         8          4        133          0          0          0   ctype_o.o
         0          0          0          0          0          0   entry.o
         0          0          0          0          0          0   entry10a.o
         0          0          0          0          0          0   entry11a.o
         8          4          0          0          0          0   entry2.o
         4          0          0          0          0          0   entry5.o
         0          0          0          0          0          0   entry7b.o
         0          0          0          0          0          0   entry8b.o
         8          4          0          0          0          0   entry9a.o
        32         16          0          4          0          0   errno.o
        30          0          0          0          0          0   handlers.o
        36          8          0          0          0          0   init.o
        18          0          0          0          0          0   isspace_o.o
         0          0          0          0          0          0   iusefp.o
        30          0          0          0          0          0   llshl.o
        36          0          0          0          0          0   llsshr.o
        32          0          0          0          0          0   llushr.o
        36          0          0          0          0          0   memcpya.o
        36          0          0          0          0          0   memseta.o
      2308         96          0          0          0          0   printfa.o
       878         12          0          0          0          0   scanf_fp.o
         0          0          0          4          0          0   stdout.o
       156         12          0          0          0          0   strtod.o
       112          0          0          0          0          0   strtol.o
        44          0          0          0          0          0   uidiv.o
        98          0          0          0          0          0   uldiv.o
        48          0          0          0          0          0   cdrcmple.o
        56          0          0          0          0          0   d2f.o
       334          0          0          0          0          0   dadd.o
       222          0          0          0          0          0   ddiv.o
       186          0          0          0          0          0   depilogue.o
        48          0          0          0          0          0   dfixul.o
        26          0          0          0          0          0   dfltui.o
        24          0          0          0          0          0   dfltul.o
       228          0          0          0          0          0   dmul.o
        38          0          0          0          0          0   f2d.o
       110          0          0          0          0          0   fepilogue.o

    ----------------------------------------------------------------------
      6130        234        136          8          0          0   Library Totals
        12          4          3          0          0          0   (incl. Padding)

    ----------------------------------------------------------------------

      Code (inc. data)   RO Data    RW Data    ZI Data      Debug   Library Name

       526         74          0          0          0          0   m_wm.l
      4272        156        133          8          0          0   mc_w.l
      1320          0          0          0          0          0   mf_w.l

    ----------------------------------------------------------------------
      6130        234        136          8          0          0   Library Totals

    ----------------------------------------------------------------------

==============================================================================


      Code (inc. data)   RO Data    RW Data    ZI Data      Debug   

     28896       3782       4952        308     147084          0   Grand Totals
     28896       3782       4952         84     147084          0   ELF Image Totals (compressed)
     28896       3782       4952         84          0          0   ROM Totals

==============================================================================

    Total RO  Size (Code + RO Data)                33848 (  33.05kB)
    Total RW  Size (RW Data + ZI Data)            147392 ( 143.94kB)
    Total ROM Size (Code + RO Data + RW Data)      33932 (  33.14kB)

==============================================================================

