Component: ARM Compiler 5.06 update 6 (build 750) Tool: armlink [4d35ed]

==============================================================================

Section Cross References

    main.o(i.main) refers to common.o(i.get_clk) for get_clk
    main.o(i.main) refers to mytask.o(i.Task_List_Init) for Task_List_Init
    main.o(i.main) refers to tasks.o(i.vTaskStartScheduler) for vTaskStartScheduler
    mytask.o(i.ADC_Task) refers to adc.o(i.Get_ADC_Data) for Get_ADC_Data
    mytask.o(i.ADC_Task) refers to elector.o(i.Direct) for Direct
    mytask.o(i.ADC_Task) refers to tasks.o(i.vTaskDelay) for vTaskDelay
    mytask.o(i.Camera_Task) refers to camera.o(i.Image_Binary) for Image_Binary
    mytask.o(i.Camera_Task) refers to camera.o(i.Send_Image) for Send_Image
    mytask.o(i.Camera_Task) refers to tasks.o(i.vTaskDelay) for vTaskDelay
    mytask.o(i.Camera_Task) refers to camera.o(.data) for Image_Finish_Flag
    mytask.o(i.Decode_Task) refers to decode.o(i.Get_Decode_Data) for Get_Decode_Data
    mytask.o(i.Decode_Task) refers to tasks.o(i.vTaskDelay) for vTaskDelay
    mytask.o(i.EEPROM_Task) refers to printfa.o(i.__0printf) for __2printf
    mytask.o(i.EEPROM_Task) refers to tasks.o(i.vTaskDelete) for vTaskDelete
    mytask.o(i.EEPROM_Task) refers to mytask.o(.data) for EEPROM_Task_Handler
    mytask.o(i.Init_Task) refers to elector.o(i.D_PID_initial) for D_PID_initial
    mytask.o(i.Init_Task) refers to usart.o(i.NRF_Init) for NRF_Init
    mytask.o(i.Init_Task) refers to printfa.o(i.__0printf) for __2printf
    mytask.o(i.Init_Task) refers to key.o(i.KEY_Init) for KEY_Init
    mytask.o(i.Init_Task) refers to led.o(i.LED_Init) for LED_Init
    mytask.o(i.Init_Task) refers to oled.o(i.OLED_Init) for OLED_Init
    mytask.o(i.Init_Task) refers to adc.o(i.ADC_Init) for ADC_Init
    mytask.o(i.Init_Task) refers to steering.o(i.Steering_Init) for Steering_Init
    mytask.o(i.Init_Task) refers to motor.o(i.Motor_PWM_Init) for Motor_PWM_Init
    mytask.o(i.Init_Task) refers to decode.o(i.Decode_Init) for Decode_Init
    mytask.o(i.Init_Task) refers to camera.o(i.Camera_Init) for Camera_Init
    mytask.o(i.Init_Task) refers to tasks.o(i.vTaskDelete) for vTaskDelete
    mytask.o(i.Init_Task) refers to mytask.o(.data) for Init_Task_Handler
    mytask.o(i.KEY_Task) refers to key.o(i.KEY_Scan) for KEY_Scan
    mytask.o(i.KEY_Task) refers to motor.o(i.Set_Motor_PWM) for Set_Motor_PWM
    mytask.o(i.KEY_Task) refers to tasks.o(i.vTaskDelay) for vTaskDelay
    mytask.o(i.KEY_Task) refers to motor.o(.data) for Motor_PWM
    mytask.o(i.LED_Task) refers to led.o(i.LED_Flash) for LED_Flash
    mytask.o(i.LED_Task) refers to tasks.o(i.vTaskDelay) for vTaskDelay
    mytask.o(i.OLED_Task) refers to display.o(i.OLED_Display) for OLED_Display
    mytask.o(i.OLED_Task) refers to tasks.o(i.vTaskDelay) for vTaskDelay
    mytask.o(i.Start_Task) refers to port.o(i.vPortEnterCritical) for vPortEnterCritical
    mytask.o(i.Start_Task) refers to tasks.o(i.xTaskCreate) for xTaskCreate
    mytask.o(i.Start_Task) refers to tasks.o(i.vTaskDelete) for vTaskDelete
    mytask.o(i.Start_Task) refers to port.o(i.vPortExitCritical) for vPortExitCritical
    mytask.o(i.Start_Task) refers to mytask.o(.data) for Init_Task_Handler
    mytask.o(i.Start_Task) refers to mytask.o(i.Init_Task) for Init_Task
    mytask.o(i.Start_Task) refers to mytask.o(i.LED_Task) for LED_Task
    mytask.o(i.Start_Task) refers to mytask.o(i.OLED_Task) for OLED_Task
    mytask.o(i.Start_Task) refers to mytask.o(i.KEY_Task) for KEY_Task
    mytask.o(i.Start_Task) refers to mytask.o(i.Decode_Task) for Decode_Task
    mytask.o(i.Start_Task) refers to mytask.o(i.Camera_Task) for Camera_Task
    mytask.o(i.Start_Task) refers to mytask.o(i.ADC_Task) for ADC_Task
    mytask.o(i.Start_Task) refers to mytask.o(i.EEPROM_Task) for EEPROM_Task
    mytask.o(i.Task_List_Init) refers to tasks.o(i.xTaskCreate) for xTaskCreate
    mytask.o(i.Task_List_Init) refers to mytask.o(.data) for StartTask_Handler
    mytask.o(i.Task_List_Init) refers to mytask.o(i.Start_Task) for Start_Task
    mytask.o(i.vApplicationGetIdleTaskMemory) refers to mytask.o(.bss) for IDLE_TaskTCB
    mytask.o(i.vApplicationGetTimerTaskMemory) refers to mytask.o(.bss) for Timer_TaskTCB
    elector.o(i.D_PID_initial) refers to elector.o(.bss) for direction
    elector.o(i.Direct) refers to motor.o(i.Set_Motor_PWM) for Set_Motor_PWM
    elector.o(i.Direct) refers to steering.o(i.Set_Steering_PWM) for Set_Steering_PWM
    elector.o(i.Direct) refers to elector.o(.bss) for direction
    elector.o(i.Direct) refers to adc.o(.data) for ADC_Data
    elector.o(i.Direct) refers to motor.o(.data) for Motor_PWM
    elector.o(i.Direct_acr) refers to atanf.o(i.__hardfp_atanf) for __hardfp_atanf
    elector.o(i.Direct_acr) refers to arm_sin_cos_f32.o(.text.arm_sin_cos_f32) for arm_sin_cos_f32
    elector.o(i.Direct_acr) refers to motor.o(i.Set_Motor_PWM) for Set_Motor_PWM
[...]
    i.VSYNC                                  0x000024fc   Section        0  camera.o(i.VSYNC)
    i.__0printf                              0x00002560   Section        0  printfa.o(i.__0printf)
    i.__0sprintf                             0x00002580   Section        0  printfa.o(i.__0sprintf)
    i.__NVIC_EnableIRQ                       0x000025a8   Section        0  camera.o(i.__NVIC_EnableIRQ)
    __NVIC_EnableIRQ                         0x000025a9   Thumb Code    26  camera.o(i.__NVIC_EnableIRQ)
    i.__NVIC_EnableIRQ                       0x000025c2   Section        0  mk60_uart.o(i.__NVIC_EnableIRQ)
    __NVIC_EnableIRQ                         0x000025c3   Thumb Code    26  mk60_uart.o(i.__NVIC_EnableIRQ)
    i.__aeabi_errno_addr                     0x000025dc   Section        0  errno.o(i.__aeabi_errno_addr)
    i.__hardfp_atof                          0x000025e8   Section        0  atof.o(i.__hardfp_atof)
    i.__read_errno                           0x00002620   Section        0  errno.o(i.__read_errno)
    i.__scatterload_copy                     0x0000262c   Section       14  handlers.o(i.__scatterload_copy)
    i.__scatterload_null                     0x0000263a   Section        2  handlers.o(i.__scatterload_null)
    i.__scatterload_zeroinit                 0x0000263c   Section       14  handlers.o(i.__scatterload_zeroinit)
    i.__set_errno                            0x0000264c   Section        0  errno.o(i.__set_errno)
    i._fp_digits                             0x00002658   Section        0  printfa.o(i._fp_digits)
    _fp_digits                               0x00002659   Thumb Code   366  printfa.o(i._fp_digits)
    i._is_digit                              0x000027dc   Section        0  scanf_fp.o(i._is_digit)
    i._printf_core                           0x000027ec   Section        0  printfa.o(i._printf_core)
    _printf_core                             0x000027ed   Thumb Code  1744  printfa.o(i._printf_core)
    i._printf_post_padding                   0x00002ec8   Section        0  printfa.o(i._printf_post_padding)
    _printf_post_padding                     0x00002ec9   Thumb Code    36  printfa.o(i._printf_post_padding)
    i._printf_pre_padding                    0x00002eec   Section        0  printfa.o(i._printf_pre_padding)
    _printf_pre_padding                      0x00002eed   Thumb Code    46  printfa.o(i._printf_pre_padding)
    i._sputc                                 0x00002f1a   Section        0  printfa.o(i._sputc)
    _sputc                                   0x00002f1b   Thumb Code    10  printfa.o(i._sputc)
    i.adc_init                               0x00002f24   Section        0  mk60_adc.o(i.adc_init)
    i.adc_once                               0x000030d4   Section        0  mk60_adc.o(i.adc_once)
    i.adc_start                              0x00003120   Section        0  mk60_adc.o(i.adc_start)
    i.div_set                                0x00003158   Section        0  system_mk66.o(i.div_set)
    i.dma_portx2buff_init                    0x000031a4   Section        0  mk60_dma.o(i.dma_portx2buff_init)
    i.fputc                                  0x00003348   Section        0  mk60_uart.o(i.fputc)
    i.ftm_pwm_init                           0x0000335c   Section        0  mk60_ftm.o(i.ftm_pwm_init)
    i.ftm_quad_init                          0x00003490   Section        0  mk60_ftm.o(i.ftm_quad_init)
    i.get_clk                                0x00003574   Section        0  common.o(i.get_clk)
    i.gpio_get                               0x000035dc   Section        0  mk60_gpio.o(i.gpio_get)
    i.gpio_init                              0x00003608   Section        0  mk60_gpio.o(i.gpio_init)
    i.gpio_set                               0x000036dc   Section        0  mk60_gpio.o(i.gpio_set)
    i.main                                   0x00003724   Section        0  main.o(i.main)
    i.port_init                              0x0000375c   Section        0  mk60_port.o(i.port_init)
    i.port_init_NoAlt                        0x000037d0   Section        0  mk60_port.o(i.port_init_NoAlt)
    i.prvAddCurrentTaskToDelayedList         0x00003824   Section        0  tasks.o(i.prvAddCurrentTaskToDelayedList)
    prvAddCurrentTaskToDelayedList           0x00003825   Thumb Code   124  tasks.o(i.prvAddCurrentTaskToDelayedList)
    i.prvAddNewTaskToReadyList               0x000038bc   Section        0  tasks.o(i.prvAddNewTaskToReadyList)
    prvAddNewTaskToReadyList                 0x000038bd   Thumb Code   156  tasks.o(i.prvAddNewTaskToReadyList)
    i.prvCheckForValidListAndQueue           0x00003974   Section        0  timers.o(i.prvCheckForValidListAndQueue)
    prvCheckForValidListAndQueue             0x00003975   Thumb Code    78  timers.o(i.prvCheckForValidListAndQueue)
    i.prvCheckTasksWaitingTermination        0x000039e8   Section        0  tasks.o(i.prvCheckTasksWaitingTermination)
    prvCheckTasksWaitingTermination          0x000039e9   Thumb Code    86  tasks.o(i.prvCheckTasksWaitingTermination)
    i.prvCopyDataFromQueue                   0x00003a4c   Section        0  queue.o(i.prvCopyDataFromQueue)
    prvCopyDataFromQueue                     0x00003a4d   Thumb Code    42  queue.o(i.prvCopyDataFromQueue)
    i.prvCopyDataToQueue                     0x00003a76   Section        0  queue.o(i.prvCopyDataToQueue)
    prvCopyDataToQueue                       0x00003a77   Thumb Code   124  queue.o(i.prvCopyDataToQueue)
    i.prvDeleteTCB                           0x00003af4   Section        0  tasks.o(i.prvDeleteTCB)
    prvDeleteTCB                             0x00003af5   Thumb Code    70  tasks.o(i.prvDeleteTCB)
    i.prvGetNextExpireTime                   0x00003b60   Section        0  timers.o(i.prvGetNextExpireTime)
    prvGetNextExpireTime                     0x00003b61   Thumb Code    36  timers.o(i.prvGetNextExpireTime)
    i.prvHeapInit                            0x00003b88   Section        0  heap_4.o(i.prvHeapInit)
    prvHeapInit                              0x00003b89   Thumb Code    98  heap_4.o(i.prvHeapInit)
    i.prvIdleTask                            0x00003c04   Section        0  tasks.o(i.prvIdleTask)
    prvIdleTask                              0x00003c05   Thumb Code    32  tasks.o(i.prvIdleTask)
    i.prvInitialiseNewQueue                  0x00003c2c   Section        0  queue.o(i.prvInitialiseNewQueue)
    prvInitialiseNewQueue                    0x00003c2d   Thumb Code    46  queue.o(i.prvInitialiseNewQueue)
    i.prvInitialiseNewTask                   0x00003c5c   Section        0  tasks.o(i.prvInitialiseNewTask)
    prvInitialiseNewTask                     0x00003c5d   Thumb Code   170  tasks.o(i.prvInitialiseNewTask)
    i.prvInitialiseTaskLists                 0x00003d2c   Section        0  tasks.o(i.prvInitialiseTaskLists)
    prvInitialiseTaskLists                   0x00003d2d   Thumb Code    70  tasks.o(i.prvInitialiseTaskLists)
    i.prvInsertBlockIntoFreeList             0x00003d94   Section        0  heap_4.o(i.prvInsertBlockIntoFreeList)
    prvInsertBlockIntoFreeList               0x00003d95   Thumb Code    96  heap_4.o(i.prvInsertBlockIntoFreeList)
    i.prvInsertTimerInActiveList             0x00003dfc   Section        0  timers.o(i.prvInsertTimerInActiveList)
    prvInsertTimerInActiveList               0x00003dfd   Thumb Code    80  timers.o(i.prvInsertTimerInActiveList)
    i.prvIsQueueEmpty                        0x00003e54   Section        0  queue.o(i.prvIsQueueEmpty)
    prvIsQueueEmpty                          0x00003e55   Thumb Code    26  queue.o(i.prvIsQueueEmpty)
    i.prvIsQueueFull                         0x00003e6e   Section        0  queue.o(i.prvIsQueueFull)
    prvIsQueueFull                           0x00003e6f   Thumb Code    30  queue.o(i.prvIsQueueFull)
    i.prvNotifyQueueSetContainer             0x00003e8c   Section        0  queue.o(i.prvNotifyQueueSetContainer)
    prvNotifyQueueSetContainer               0x00003e8d   Thumb Code   124  queue.o(i.prvNotifyQueueSetContainer)
    i.prvProcessExpiredTimer                 0x00003f2c   Section        0  timers.o(i.prvProcessExpiredTimer)
    prvProcessExpiredTimer                   0x00003f2d   Thumb Code    84  timers.o(i.prvProcessExpiredTimer)
    i.prvProcessReceivedCommands             0x00003fac   Section        0  timers.o(i.prvProcessReceivedCommands)
    prvProcessReceivedCommands               0x00003fad   Thumb Code   260  timers.o(i.prvProcessReceivedCommands)
    i.prvProcessTimerOrBlockTask             0x000040dc   Section        0  timers.o(i.prvProcessTimerOrBlockTask)
    prvProcessTimerOrBlockTask               0x000040dd   Thumb Code   102  timers.o(i.prvProcessTimerOrBlockTask)
    i.prvResetNextTaskUnblockTime            0x00004150   Section        0  tasks.o(i.prvResetNextTaskUnblockTime)
    prvResetNextTaskUnblockTime              0x00004151   Thumb Code    42  tasks.o(i.prvResetNextTaskUnblockTime)
    i.prvSampleTimeNow                       0x00004184   Section        0  timers.o(i.prvSampleTimeNow)
    prvSampleTimeNow                         0x00004185   Thumb Code    40  timers.o(i.prvSampleTimeNow)
    i.prvSwitchTimerLists                    0x000041b0   Section        0  timers.o(i.prvSwitchTimerLists)
    prvSwitchTimerLists                      0x000041b1   Thumb Code   140  timers.o(i.prvSwitchTimerLists)
    i.prvTaskExitError                       0x0000426c   Section        0  port.o(i.prvTaskExitError)
    prvTaskExitError                         0x0000426d   Thumb Code    50  port.o(i.prvTaskExitError)
    i.prvTimerTask                           0x000042e0   Section        0  timers.o(i.prvTimerTask)
    prvTimerTask                             0x000042e1   Thumb Code    26  timers.o(i.prvTimerTask)
    i.prvUnlockQueue                         0x000042fa   Section        0  queue.o(i.prvUnlockQueue)
    prvUnlockQueue                           0x000042fb   Thumb Code   146  queue.o(i.prvUnlockQueue)
    i.pvPortMalloc                           0x0000438c   Section        0  heap_4.o(i.pvPortMalloc)
    i.pvTaskIncrementMutexHeldCount          0x000044e0   Section        0  tasks.o(i.pvTaskIncrementMutexHeldCount)
    i.pxPortInitialiseStack                  0x00004500   Section        0  port.o(i.pxPortInitialiseStack)
    i.uart_getchar                           0x0000452c   Section        0  mk60_uart.o(i.uart_getchar)
    i.uart_init                              0x00004550   Section        0  mk60_uart.o(i.uart_init)
    i.uart_putbuff                           0x00004728   Section        0  mk60_uart.o(i.uart_putbuff)
    i.uart_putchar                           0x00004748   Section        0  mk60_uart.o(i.uart_putchar)
    i.uart_rx_irq_en                         0x00004768   Section        0  mk60_uart.o(i.uart_rx_irq_en)
    i.uxListRemove                           0x000047a0   Section        0  list.o(i.uxListRemove)
    i.vApplicationGetIdleTaskMemory          0x000047c8   Section        0  mytask.o(i.vApplicationGetIdleTaskMemory)
    i.vApplicationGetTimerTaskMemory         0x000047e0   Section        0  mytask.o(i.vApplicationGetTimerTaskMemory)
    i.vListInitialise                        0x000047f8   Section        0  list.o(i.vListInitialise)
    i.vListInitialiseItem                    0x00004812   Section        0  list.o(i.vListInitialiseItem)
    i.vListInsert                            0x00004818   Section        0  list.o(i.vListInsert)
    i.vListInsertEnd                         0x0000484c   Section        0  list.o(i.vListInsertEnd)
    i.vPortEnterCritical                     0x00004864   Section        0  port.o(i.vPortEnterCritical)
    i.vPortExitCritical                      0x000048ec   Section        0  port.o(i.vPortExitCritical)
    i.vPortFree                              0x0000495c   Section        0  heap_4.o(i.vPortFree)
    i.vPortSetupTimerInterrupt               0x00004a14   Section        0  port.o(i.vPortSetupTimerInterrupt)
    i.vPortValidateInterruptPriority         0x00004a3c   Section        0  port.o(i.vPortValidateInterruptPriority)
    i.vQueueAddToRegistry                    0x00004adc   Section        0  queue.o(i.vQueueAddToRegistry)
    i.vQueueWaitForMessageRestricted         0x00004b08   Section        0  queue.o(i.vQueueWaitForMessageRestricted)
    i.vTaskDelay                             0x00004b54   Section        0  tasks.o(i.vTaskDelay)
    i.vTaskDelete                            0x00004bc8   Section        0  tasks.o(i.vTaskDelete)
    i.vTaskMissedYield                       0x00004cd4   Section        0  tasks.o(i.vTaskMissedYield)
    i.vTaskPlaceOnEventList                  0x00004ce0   Section        0  tasks.o(i.vTaskPlaceOnEventList)
    i.vTaskPlaceOnEventListRestricted        0x00004d34   Section        0  tasks.o(i.vTaskPlaceOnEventListRestricted)
    i.vTaskPriorityInherit                   0x00004d90   Section        0  tasks.o(i.vTaskPriorityInherit)
    i.vTaskSetTimeOutState                   0x00004e40   Section        0  tasks.o(i.vTaskSetTimeOutState)
    i.vTaskStartScheduler                    0x00004e8c   Section        0  tasks.o(i.vTaskStartScheduler)
    i.vTaskSuspendAll                        0x00004f60   Section        0  tasks.o(i.vTaskSuspendAll)
    i.vTaskSwitchContext                     0x00004f70   Section        0  tasks.o(i.vTaskSwitchContext)
    i.xPortStartScheduler                    0x00005018   Section        0  port.o(i.xPortStartScheduler)
    i.xQueueGenericCreateStatic              0x00005174   Section        0  queue.o(i.xQueueGenericCreateStatic)
    i.xQueueGenericReceive                   0x00005244   Section        0  queue.o(i.xQueueGenericReceive)
    i.xQueueGenericReset                     0x0000540c   Section        0  queue.o(i.xQueueGenericReset)
    i.xQueueGenericSend                      0x000054bc   Section        0  queue.o(i.xQueueGenericSend)
    i.xQueueGenericSendFromISR               0x00005680   Section        0  queue.o(i.xQueueGenericSendFromISR)
    i.xTaskCheckForTimeOut                   0x00005790   Section        0  tasks.o(i.xTaskCheckForTimeOut)
    i.xTaskCreate                            0x00005830   Section        0  tasks.o(i.xTaskCreate)
    i.xTaskCreateStatic                      0x00005894   Section        0  tasks.o(i.xTaskCreateStatic)
    i.xTaskGetSchedulerState                 0x00005934   Section        0  tasks.o(i.xTaskGetSchedulerState)
    i.xTaskGetTickCount                      0x00005954   Section        0  tasks.o(i.xTaskGetTickCount)
    i.xTaskIncrementTick                     0x00005960   Section        0  tasks.o(i.xTaskIncrementTick)
    i.xTaskPriorityDisinherit                0x00005ac0   Section        0  tasks.o(i.xTaskPriorityDisinherit)
    i.xTaskRemoveFromEventList               0x00005b98   Section        0  tasks.o(i.xTaskRemoveFromEventList)
    i.xTaskResumeAll                         0x00005c4c   Section        0  tasks.o(i.xTaskResumeAll)
    i.xTimerCreateTimerTask                  0x00005d6c   Section        0  timers.o(i.xTimerCreateTimerTask)
    i.xTimerGenericCommand                   0x00005e04   Section        0  timers.o(i.xTimerGenericCommand)
    .constdata                               0x00005ea8   Section     2072  oled.o(.constdata)
    F6x8                                     0x00005ea8   Data         552  oled.o(.constdata)
    F8X16                                    0x000060d0   Data        1520  oled.o(.constdata)
    .constdata                               0x000066c0   Section        8  mk60_adc.o(.constdata)
    .constdata                               0x000066c8   Section       16  mk60_ftm.o(.constdata)
    FTMX                                     0x000066c8   Data          16  mk60_ftm.o(.constdata)
    .constdata                               0x000066d8   Section       40  mk60_gpio.o(.constdata)
    PORTX                                    0x000066d8   Data          20  mk60_gpio.o(.constdata)
    GPIOX                                    0x000066ec   Data          20  mk60_gpio.o(.constdata)
    .constdata                               0x00006700   Section       40  mk60_port.o(.constdata)
    PORTX                                    0x00006700   Data          20  mk60_port.o(.constdata)
    GPIOX                                    0x00006714   Data          20  mk60_port.o(.constdata)
    .constdata                               0x00006728   Section      129  ctype_o.o(.constdata)
    .constdata                               0x000067ac   Section        4  ctype_o.o(.constdata)
    table                                    0x000067ac   Data           4  ctype_o.o(.constdata)
    .data                                    0x20000000   Section       36  mytask.o(.data)
    .data                                    0x20000024   Section        1  isr.o(.data)
    pos                                      0x20000024   Data           1  isr.o(.data)
    .data                                    0x20000026   Section        8  motor.o(.data)
    .data                                    0x2000002e   Section        2  steering.o(.data)
    .data                                    0x20000030   Section        4  decode.o(.data)
    .data                                    0x20000034   Section       75  camera.o(.data)
    .data                                    0x20000080   Section        6  adc.o(.data)
    .data                                    0x20000088   Section       12  common.o(.data)
    .data                                    0x20000094   Section        8  mk60_ftm.o(.data)
    .data                                    0x2000009c   Section       20  mk60_uart.o(.data)
    .data                                    0x200000b0   Section       60  tasks.o(.data)
    pxDelayedTaskList                        0x200000b4   Data           4  tasks.o(.data)
    pxOverflowDelayedTaskList                0x200000b8   Data           4  tasks.o(.data)
    uxDeletedTasksWaitingCleanUp             0x200000bc   Data           4  tasks.o(.data)
    uxCurrentNumberOfTasks                   0x200000c0   Data           4  tasks.o(.data)
    xTickCount                               0x200000c4   Data           4  tasks.o(.data)
    uxTopReadyPriority                       0x200000c8   Data           4  tasks.o(.data)
    xSchedulerRunning                        0x200000cc   Data           4  tasks.o(.data)
    uxPendedTicks                            0x200000d0   Data           4  tasks.o(.data)
    xYieldPending                            0x200000d4   Data           4  tasks.o(.data)
    xNumOfOverflows                          0x200000d8   Data           4  tasks.o(.data)
    uxTaskNumber                             0x200000dc   Data           4  tasks.o(.data)
    xNextTaskUnblockTime                     0x200000e0   Data           4  tasks.o(.data)
    xIdleTaskHandle                          0x200000e4   Data           4  tasks.o(.data)
    uxSchedulerSuspended                     0x200000e8   Data           4  tasks.o(.data)
    .data                                    0x200000ec   Section       20  timers.o(.data)
    pxCurrentTimerList                       0x200000ec   Data           4  timers.o(.data)
    pxOverflowTimerList                      0x200000f0   Data           4  timers.o(.data)
    xTimerQueue                              0x200000f4   Data           4  timers.o(.data)
    xTimerTaskHandle                         0x200000f8   Data           4  timers.o(.data)
    xLastTime                                0x200000fc   Data           4  timers.o(.data)
    .data                                    0x20000100   Section       24  heap_4.o(.data)
    xStart                                   0x20000100   Data           8  heap_4.o(.data)
    pxEnd                                    0x20000108   Data           4  heap_4.o(.data)
    xFreeBytesRemaining                      0x2000010c   Data           4  heap_4.o(.data)
    xMinimumEverFreeBytesRemaining           0x20000110   Data           4  heap_4.o(.data)
    xBlockAllocatedBit                       0x20000114   Data           4  heap_4.o(.data)
    .data                                    0x20000118   Section       12  port.o(.data)
    uxCriticalNesting                        0x20000118   Data           4  port.o(.data)
    ucMaxSysCallPriority                     0x2000011c   Data           1  port.o(.data)
    ulMaxPRIGROUPValue                       0x20000120   Data           4  port.o(.data)
    .data                                    0x20000124   Section        4  stdout.o(.data)
    .data                                    0x20000128   Section        4  errno.o(.data)
    _errno                                   0x20000128   Data           4  errno.o(.data)
    .bss                                     0x2000012c   Section     1712  mytask.o(.bss)
    IDLE_TaskTCB                             0x2000012c   Data          88  mytask.o(.bss)
    IDLE_TaskStack                           0x20000184   Data        1024  mytask.o(.bss)
    Timer_TaskTCB                            0x20000584   Data          88  mytask.o(.bss)
    Timer_TaskStack                          0x200005dc   Data         512  mytask.o(.bss)
    .bss                                     0x200007dc   Section       56  elector.o(.bss)
    .bss                                     0x20000814   Section       20  isr.o(.bss)
    cmmd                                     0x20000814   Data          20  isr.o(.bss)
    .bss                                     0x20000828   Section     5400  camera.o(.bss)
    .bss                                     0x20001d40   Section       64  queue.o(.bss)
    .bss                                     0x20001d80   Section      260  tasks.o(.bss)
    pxReadyTasksLists                        0x20001d80   Data         160  tasks.o(.bss)
    xDelayedTaskList1                        0x20001e20   Data          20  tasks.o(.bss)
    xDelayedTaskList2                        0x20001e34   Data          20  tasks.o(.bss)
    xPendingReadyList                        0x20001e48   Data          20  tasks.o(.bss)
    xTasksWaitingTermination                 0x20001e5c   Data          20  tasks.o(.bss)
    xSuspendedTaskList                       0x20001e70   Data          20  tasks.o(.bss)
    .bss                                     0x20001e84   Section      204  timers.o(.bss)
    xActiveTimerList1                        0x20001e84   Data          20  timers.o(.bss)
    xActiveTimerList2                        0x20001e98   Data          20  timers.o(.bss)
    xStaticTimerQueue                        0x20001eac   Data          84  timers.o(.bss)
    ucStaticTimerQueueStorage                0x20001f00   Data          80  timers.o(.bss)
    .bss                                     0x20001f50   Section    131072  heap_4.o(.bss)
    ucHeap                                   0x20001f50   Data       131072  heap_4.o(.bss)
    STACK                                    0x20021f50   Section     8192  startup_mk66f18.o(STACK)

    Global Symbols

    Symbol Name                              Value     Ov Type        Size  Object(Section)

    BuildAttributes$$THM_ISAv4$E$P$D$K$B$S$7EM$VFPi3$EXTD16$VFPS$VFMA$PE$A:L22UL41UL21$X:L11$S22US41US21$IEEE1$IW$USESV6$~STKCKD$USESV7$~SHL$OTIME$ROPI$IEEEX$EBA8$MICROLIB$REQ8$PRES8$EABIv2 0x00000000   Number         0  anon$$obj.o ABSOLUTE
    __ARM_use_no_argv                        0x00000000   Number         0  main.o ABSOLUTE
    __Vectors                                0x00000000   Data           4  startup_mk66f18.o(RESET)
    _printf_a                                0x00000000   Number         0  stubs.o ABSOLUTE
    _printf_c                                0x00000000   Number         0  stubs.o ABSOLUTE
    _printf_charcount                        0x00000000   Number         0  stubs.o ABSOLUTE
    _printf_d                                0x00000000   Number         0  stubs.o ABSOLUTE
    _printf_e                                0x00000000   Number         0  stubs.o ABSOLUTE
    _printf_f                                0x00000000   Number         0  stubs.o ABSOLUTE
    _printf_flags                            0x00000000   Number         0  stubs.o ABSOLUTE
    _printf_fp_dec                           0x00000000   Number         0  stubs.o ABSOLUTE
    _printf_fp_hex                           0x00000000   Number         0  stubs.o ABSOLUTE
    _printf_g                                0x00000000   Number         0  stubs.o ABSOLUTE
    _printf_i                                0x00000000   Number         0  stubs.o ABSOLUTE
    _printf_int_dec                          0x00000000   Number         0  stubs.o ABSOLUTE
    _printf_l                                0x00000000   Number         0  stubs.o ABSOLUTE
    _printf_lc                               0x00000000   Number         0  stubs.o ABSOLUTE
    _printf_ll                               0x00000000   Number         0  stubs.o ABSOLUTE
    _printf_lld                              0x00000000   Number         0  stubs.o ABSOLUTE
    _printf_lli                              0x00000000   Number         0  stubs.o ABSOLUTE
    _printf_llo                              0x00000000   Number         0  stubs.o ABSOLUTE
    _printf_llu                              0x00000000   Number         0  stubs.o ABSOLUTE
    _printf_llx                              0x00000000   Number         0  stubs.o ABSOLUTE
    _printf_longlong_dec                     0x00000000   Number         0  stubs.o ABSOLUTE
    _printf_longlong_hex                     0x00000000   Number         0  stubs.o ABSOLUTE
    _printf_longlong_oct                     0x00000000   Number         0  stubs.o ABSOLUTE
    _printf_ls                               0x00000000   Number         0  stubs.o ABSOLUTE
    _printf_mbtowc                           0x00000000   Number         0  stubs.o ABSOLUTE
    _printf_n                                0x00000000   Number         0  stubs.o ABSOLUTE
    _printf_o                                0x00000000   Number         0  stubs.o ABSOLUTE
    _printf_p                                0x00000000   Number         0  stubs.o ABSOLUTE
    _printf_percent                          0x00000000   Number         0  stubs.o ABSOLUTE
    _printf_pre_padding                      0x00000000   Number         0  stubs.o ABSOLUTE
    _printf_return_value                     0x00000000   Number         0  stubs.o ABSOLUTE
    _printf_s                                0x00000000   Number         0  stubs.o ABSOLUTE
    _printf_sizespec                         0x00000000   Number         0  stubs.o ABSOLUTE
    _printf_str                              0x00000000   Number         0  stubs.o ABSOLUTE
    _printf_truncate_signed                  0x00000000   Number         0  stubs.o ABSOLUTE
    _printf_truncate_unsigned                0x00000000   Number         0  stubs.o ABSOLUTE
    _printf_u                                0x00000000   Number         0  stubs.o ABSOLUTE
    _printf_wc                               0x00000000   Number         0  stubs.o ABSOLUTE
    _printf_wctomb                           0x00000000   Number         0  stubs.o ABSOLUTE
    _printf_widthprec                        0x00000000   Number         0  stubs.o ABSOLUTE
    _printf_x                                0x00000000   Number         0  stubs.o ABSOLUTE
    __cpp_initialize__aeabi_                  - Undefined Weak Reference
    __cxa_finalize                            - Undefined Weak Reference
    _clock_init                               - Undefined Weak Reference
    _microlib_exit                            - Undefined Weak Reference
    __Vectors_End                            0x00000400   Data           0  startup_mk66f18.o(RESET)
    __Vectors_Size                           0x00000400   Number         0  startup_mk66f18.o ABSOLUTE
    __main                                   0x00000411   Thumb Code     0  entry.o(.ARM.Collect$$$$00000000)
    _main_stk                                0x00000411   Thumb Code     0  entry2.o(.ARM.Collect$$$$00000001)
    _main_scatterload                        0x00000415   Thumb Code     0  entry5.o(.ARM.Collect$$$$00000004)
    __main_after_scatterload                 0x00000419   Thumb Code     0  entry5.o(.ARM.Collect$$$$00000004)
    _main_clock                              0x00000419   Thumb Code     0  entry7b.o(.ARM.Collect$$$$00000008)
    _main_cpp_init                           0x00000419   Thumb Code     0  entry8b.o(.ARM.Collect$$$$0000000A)
    _main_init                               0x00000419   Thumb Code     0  entry9a.o(.ARM.Collect$$$$0000000B)
    __rt_final_cpp                           0x00000421   Thumb Code     0  entry10a.o(.ARM.Collect$$$$0000000D)
    __rt_final_exit                          0x00000421   Thumb Code     0  entry11a.o(.ARM.Collect$$$$0000000F)
    SVC_Handler                              0x00000425   Thumb Code    28  port.o(.emb_text)
    __asm___6_port_c_39a90d8d__prvStartFirstTask 0x00000445   Thumb Code    28  port.o(.emb_text)
    __asm___6_port_c_39a90d8d__prvEnableVFP  0x00000465   Thumb Code    16  port.o(.emb_text)
    PendSV_Handler                           0x00000479   Thumb Code    88  port.o(.emb_text)
    vPortGetIPSR                             0x000004d5   Thumb Code     6  port.o(.emb_text)
    Reset_Handler                            0x000004dd   Thumb Code    12  startup_mk66f18.o(.text)
    HardFault_Handler                        0x000004eb   Thumb Code     2  startup_mk66f18.o(.text)
    MemManage_Handler                        0x000004ed   Thumb Code     2  startup_mk66f18.o(.text)
    BusFault_Handler                         0x000004ef   Thumb Code     2  startup_mk66f18.o(.text)
    UsageFault_Handler                       0x000004f1   Thumb Code     2  startup_mk66f18.o(.text)
    DebugMon_Handler                         0x000004f5   Thumb Code     2  startup_mk66f18.o(.text)
    ADC0_IRQHandler                          0x000004fb   Thumb Code     0  startup_mk66f18.o(.text)
    ADC1_IRQHandler                          0x000004fb   Thumb Code     0  startup_mk66f18.o(.text)
    CAN0_Bus_Off_IRQHandler                  0x000004fb   Thumb Code     0  startup_mk66f18.o(.text)
    CAN0_Error_IRQHandler                    0x000004fb   Thumb Code     0  startup_mk66f18.o(.text)
    CAN0_ORed_Message_buffer_IRQHandler      0x000004fb   Thumb Code     0  startup_mk66f18.o(.text)
    CAN0_Rx_Warning_IRQHandler               0x000004fb   Thumb Code     0  startup_mk66f18.o(.text)
    CAN0_Tx_Warning_IRQHandler               0x000004fb   Thumb Code     0  startup_mk66f18.o(.text)
    CAN0_Wake_Up_IRQHandler                  0x000004fb   Thumb Code     0  startup_mk66f18.o(.text)
    CAN1_Bus_Off_IRQHandler                  0x000004fb   Thumb Code     0  startup_mk66f18.o(.text)
    CAN1_Error_IRQHandler                    0x000004fb   Thumb Code     0  startup_mk66f18.o(.text)
    CAN1_ORed_Message_buffer_IRQHandler      0x000004fb   Thumb Code     0  startup_mk66f18.o(.text)
    CAN1_Rx_Warning_IRQHandler               0x000004fb   Thumb Code     0  startup_mk66f18.o(.text)
    CAN1_Tx_Warning_IRQHandler               0x000004fb   Thumb Code     0  startup_mk66f18.o(.text)
    CAN1_Wake_Up_IRQHandler                  0x000004fb   Thumb Code     0  startup_mk66f18.o(.text)
    CMP0_IRQHandler                          0x000004fb   Thumb Code     0  startup_mk66f18.o(.text)
    CMP1_IRQHandler                          0x000004fb   Thumb Code     0  startup_mk66f18.o(.text)
    CMP2_IRQHandler                          0x000004fb   Thumb Code     0  startup_mk66f18.o(.text)
    CMP3_IRQHandler                          0x000004fb   Thumb Code     0  startup_mk66f18.o(.text)
    CMT_IRQHandler                           0x000004fb   Thumb Code     0  startup_mk66f18.o(.text)
    DAC0_IRQHandler                          0x000004fb   Thumb Code     0  startup_mk66f18.o(.text)
    DAC1_IRQHandler                          0x000004fb   Thumb Code     0  startup_mk66f18.o(.text)
    DMA10_IRQHandler                         0x000004fb   Thumb Code     0  startup_mk66f18.o(.text)
    DMA11_IRQHandler                         0x000004fb   Thumb Code     0  startup_mk66f18.o(.text)
    DMA12_IRQHandler                         0x000004fb   Thumb Code     0  startup_mk66f18.o(.text)
    DMA13_IRQHandler                         0x000004fb   Thumb Code     0  startup_mk66f18.o(.text)
    DMA14_IRQHandler                         0x000004fb   Thumb Code     0  startup_mk66f18.o(.text)
    DMA15_IRQHandler                         0x000004fb   Thumb Code     0  startup_mk66f18.o(.text)
    DMA1_IRQHandler                          0x000004fb   Thumb Code     0  startup_mk66f18.o(.text)
    DMA2_IRQHandler                          0x000004fb   Thumb Code     0  startup_mk66f18.o(.text)
    DMA3_IRQHandler                          0x000004fb   Thumb Code     0  startup_mk66f18.o(.text)
    DMA4_IRQHandler                          0x000004fb   Thumb Code     0  startup_mk66f18.o(.text)
    DMA5_IRQHandler                          0x000004fb   Thumb Code     0  startup_mk66f18.o(.text)
    DMA6_IRQHandler                          0x000004fb   Thumb Code     0  startup_mk66f18.o(.text)
    DMA7_IRQHandler                          0x000004fb   Thumb Code     0  startup_mk66f18.o(.text)
    DMA8_IRQHandler                          0x000004fb   Thumb Code     0  startup_mk66f18.o(.text)
    DMA9_IRQHandler                          0x000004fb   Thumb Code     0  startup_mk66f18.o(.text)
    DMA_Error_IRQHandler                     0x000004fb   Thumb Code     0  startup_mk66f18.o(.text)
    DefaultISR                               0x000004fb   Thumb Code     0  startup_mk66f18.o(.text)
    ENET_1588_Timer_IRQHandler               0x000004fb   Thumb Code     0  startup_mk66f18.o(.text)
    ENET_Error_IRQHandler                    0x000004fb   Thumb Code     0  startup_mk66f18.o(.text)
    ENET_Receive_IRQHandler                  0x000004fb   Thumb Code     0  startup_mk66f18.o(.text)
    ENET_Transmit_IRQHandler                 0x000004fb   Thumb Code     0  startup_mk66f18.o(.text)
    FTFE_IRQHandler                          0x000004fb   Thumb Code     0  startup_mk66f18.o(.text)
    FTM0_IRQHandler                          0x000004fb   Thumb Code     0  startup_mk66f18.o(.text)
    FTM1_IRQHandler                          0x000004fb   Thumb Code     0  startup_mk66f18.o(.text)
    FTM2_IRQHandler                          0x000004fb   Thumb Code     0  startup_mk66f18.o(.text)
    FTM3_IRQHandler                          0x000004fb   Thumb Code     0  startup_mk66f18.o(.text)
    I2C0_IRQHandler                          0x000004fb   Thumb Code     0  startup_mk66f18.o(.text)
    I2C1_IRQHandler                          0x000004fb   Thumb Code     0  startup_mk66f18.o(.text)
    I2C2_IRQHandler                          0x000004fb   Thumb Code     0  startup_mk66f18.o(.text)
    I2C3_IRQHandler                          0x000004fb   Thumb Code     0  startup_mk66f18.o(.text)
    I2S0_Rx_IRQHandler                       0x000004fb   Thumb Code     0  startup_mk66f18.o(.text)
    I2S0_Tx_IRQHandler                       0x000004fb   Thumb Code     0  startup_mk66f18.o(.text)
    LLWU_IRQHandler                          0x000004fb   Thumb Code     0  startup_mk66f18.o(.text)
    LPTMR0_IRQHandler                        0x000004fb   Thumb Code     0  startup_mk66f18.o(.text)
    LPUART0_IRQHandler                       0x000004fb   Thumb Code     0  startup_mk66f18.o(.text)
    LVD_LVW_IRQHandler                       0x000004fb   Thumb Code     0  startup_mk66f18.o(.text)
    MCG_IRQHandler                           0x000004fb   Thumb Code     0  startup_mk66f18.o(.text)
    MCM_IRQHandler                           0x000004fb   Thumb Code     0  startup_mk66f18.o(.text)
    PDB0_IRQHandler                          0x000004fb   Thumb Code     0  startup_mk66f18.o(.text)
    PIT0_IRQHandler                          0x000004fb   Thumb Code     0  startup_mk66f18.o(.text)
    PIT1_IRQHandler                          0x000004fb   Thumb Code     0  startup_mk66f18.o(.text)
    PIT2_IRQHandler                          0x000004fb   Thumb Code     0  startup_mk66f18.o(.text)
    PIT3_IRQHandler                          0x000004fb   Thumb Code     0  startup_mk66f18.o(.text)
    PORTB_IRQHandler                         0x000004fb   Thumb Code     0  startup_mk66f18.o(.text)
    PORTC_IRQHandler                         0x000004fb   Thumb Code     0  startup_mk66f18.o(.text)
    PORTD_IRQHandler                         0x000004fb   Thumb Code     0  startup_mk66f18.o(.text)
    RNG_IRQHandler                           0x000004fb   Thumb Code     0  startup_mk66f18.o(.text)
    RTC_IRQHandler                           0x000004fb   Thumb Code     0  startup_mk66f18.o(.text)
    RTC_Seconds_IRQHandler                   0x000004fb   Thumb Code     0  startup_mk66f18.o(.text)
    Read_Collision_IRQHandler                0x000004fb   Thumb Code     0  startup_mk66f18.o(.text)
    Reserved46_IRQHandler                    0x000004fb   Thumb Code     0  startup_mk66f18.o(.text)
    Reserved71_IRQHandler                    0x000004fb   Thumb Code     0  startup_mk66f18.o(.text)
    Reserved84_IRQHandler                    0x000004fb   Thumb Code     0  startup_mk66f18.o(.text)
    Reserved85_IRQHandler                    0x000004fb   Thumb Code     0  startup_mk66f18.o(.text)
    SDHC_IRQHandler                          0x000004fb   Thumb Code     0  startup_mk66f18.o(.text)
    SPI0_IRQHandler                          0x000004fb   Thumb Code     0  startup_mk66f18.o(.text)
    SPI1_IRQHandler                          0x000004fb   Thumb Code     0  startup_mk66f18.o(.text)
    SPI2_IRQHandler                          0x000004fb   Thumb Code     0  startup_mk66f18.o(.text)
    SWI_IRQHandler                           0x000004fb   Thumb Code     0  startup_mk66f18.o(.text)
    TPM1_IRQHandler                          0x000004fb   Thumb Code     0  startup_mk66f18.o(.text)
    TPM2_IRQHandler                          0x000004fb   Thumb Code     0  startup_mk66f18.o(.text)
    TSI0_IRQHandler                          0x000004fb   Thumb Code     0  startup_mk66f18.o(.text)
    UART0_ERR_IRQHandler                     0x000004fb   Thumb Code     0  startup_mk66f18.o(.text)
    UART0_RX_TX_IRQHandler                   0x000004fb   Thumb Code     0  startup_mk66f18.o(.text)
    UART1_ERR_IRQHandler                     0x000004fb   Thumb Code     0  startup_mk66f18.o(.text)
    UART1_RX_TX_IRQHandler                   0x000004fb   Thumb Code     0  startup_mk66f18.o(.text)
    UART2_ERR_IRQHandler                     0x000004fb   Thumb Code     0  startup_mk66f18.o(.text)
    UART2_RX_TX_IRQHandler                   0x000004fb   Thumb Code     0  startup_mk66f18.o(.text)
    UART3_ERR_IRQHandler                     0x000004fb   Thumb Code     0  startup_mk66f18.o(.text)
    UART4_ERR_IRQHandler                     0x000004fb   Thumb Code     0  startup_mk66f18.o(.text)
    USB0_IRQHandler                          0x000004fb   Thumb Code     0  startup_mk66f18.o(.text)
    USBDCD_IRQHandler                        0x000004fb   Thumb Code     0  startup_mk66f18.o(.text)
    USBHSDCD_IRQHandler                      0x000004fb   Thumb Code     0  startup_mk66f18.o(.text)
    USBHS_IRQHandler                         0x000004fb   Thumb Code     0  startup_mk66f18.o(.text)
    WDOG_EWM_IRQHandler                      0x000004fb   Thumb Code     0  startup_mk66f18.o(.text)
    __aeabi_memcpy                           0x00000505   Thumb Code    36  memcpya.o(.text)
    __aeabi_memcpy4                          0x00000505   Thumb Code     0  memcpya.o(.text)
    __aeabi_memcpy8                          0x00000505   Thumb Code     0  memcpya.o(.text)
    __aeabi_memset                           0x00000529   Thumb Code    14  memseta.o(.text)
    __aeabi_memset4                          0x00000529   Thumb Code     0  memseta.o(.text)
    __aeabi_memset8                          0x00000529   Thumb Code     0  memseta.o(.text)
    __aeabi_memclr                           0x00000537   Thumb Code     4  memseta.o(.text)
    __aeabi_memclr4                          0x00000537   Thumb Code     0  memseta.o(.text)
    __aeabi_memclr8                          0x00000537   Thumb Code     0  memseta.o(.text)
    _memset$wrapper                          0x0000053b   Thumb Code    18  memseta.o(.text)
    atoi                                     0x0000054d   Thumb Code    26  atoi.o(.text)
    __aeabi_f2d                              0x00000567   Thumb Code    38  f2d.o(.text)
    __aeabi_d2f                              0x0000058d   Thumb Code    56  d2f.o(.text)
    __aeabi_uidiv                            0x000005c5   Thumb Code     0  uidiv.o(.text)
    __aeabi_uidivmod                         0x000005c5   Thumb Code    44  uidiv.o(.text)
    __aeabi_uldivmod                         0x000005f1   Thumb Code    98  uldiv.o(.text)
    __strtod_int                             0x0000068b   Thumb Code    90  strtod.o(.text)
    strtol                                   0x000006f1   Thumb Code   112  strtol.o(.text)
    __I$use$fp                               0x00000761   Thumb Code     0  iusefp.o(.text)
    _float_round                             0x00000761   Thumb Code    18  fepilogue.o(.text)
    _float_epilogue                          0x00000773   Thumb Code    92  fepilogue.o(.text)
    __aeabi_dadd                             0x000007cf   Thumb Code   322  dadd.o(.text)
    __aeabi_dsub                             0x00000911   Thumb Code     6  dadd.o(.text)
    __aeabi_drsub                            0x00000917   Thumb Code     6  dadd.o(.text)
    __aeabi_dmul                             0x0000091d   Thumb Code   228  dmul.o(.text)
    __aeabi_ddiv                             0x00000a01   Thumb Code   222  ddiv.o(.text)
    __aeabi_d2ulz                            0x00000adf   Thumb Code    48  dfixul.o(.text)
    __aeabi_cdrcmple                         0x00000b11   Thumb Code    48  cdrcmple.o(.text)
    __scatterload                            0x00000b41   Thumb Code    28  init.o(.text)
    __scatterload_rt2                        0x00000b41   Thumb Code     0  init.o(.text)
    __aeabi_llsl                             0x00000b65   Thumb Code    30  llshl.o(.text)
    _ll_shift_l                              0x00000b65   Thumb Code     0  llshl.o(.text)
    __aeabi_llsr                             0x00000b83   Thumb Code    32  llushr.o(.text)
    _ll_ushift_r                             0x00000b83   Thumb Code     0  llushr.o(.text)
    __aeabi_lasr                             0x00000ba3   Thumb Code    36  llsshr.o(.text)
    _ll_sshift_r                             0x00000ba3   Thumb Code     0  llsshr.o(.text)
    __rt_ctype_table                         0x00000bc9   Thumb Code     4  ctype_o.o(.text)
    isspace                                  0x00000bd1   Thumb Code    18  isspace_o.o(.text)
    _scanf_real                              0x00000d0d   Thumb Code     0  scanf_fp.o(.text)
    _scanf_really_real                       0x00000d0d   Thumb Code   556  scanf_fp.o(.text)
    _sgetc                                   0x00000f45   Thumb Code    30  _sgetc.o(.text)
    _sbackspace                              0x00000f63   Thumb Code    34  _sgetc.o(.text)
    _strtoul                                 0x00000f85   Thumb Code   158  _strtoul.o(.text)
    _double_round                            0x00001023   Thumb Code    30  depilogue.o(.text)
    _double_epilogue                         0x00001041   Thumb Code   156  depilogue.o(.text)
    _chval                                   0x000010dd   Thumb Code    28  _chval.o(.text)
    __aeabi_ul2d                             0x000010f9   Thumb Code    24  dfltul.o(.text)
    __decompress                             0x00001111   Thumb Code     0  __dczerorl2.o(.text)
    __decompress1                            0x00001111   Thumb Code    86  __dczerorl2.o(.text)
    ADC_Init                                 0x00001167   Thumb Code    22  adc.o(i.ADC_Init)
    ADC_Task                                 0x0000117d   Thumb Code    18  mytask.o(i.ADC_Task)
    Camera_Init                              0x00001191   Thumb Code   340  camera.o(i.Camera_Init)
    Camera_Task                              0x00001311   Thumb Code    30  mytask.o(i.Camera_Task)
    DMA0_IRQHandler                          0x00001335   Thumb Code    20  isr.o(i.DMA0_IRQHandler)
    D_PID_initial                            0x0000134d   Thumb Code    32  elector.o(i.D_PID_initial)
    Decode_Init                              0x00001375   Thumb Code    16  decode.o(i.Decode_Init)
    Decode_Task                              0x00001385   Thumb Code    14  mytask.o(i.Decode_Task)
    Direct                                   0x00001395   Thumb Code   398  elector.o(i.Direct)
    Disable_Wdog                             0x00001535   Thumb Code    22  system_mk66.o(i.Disable_Wdog)
    EEPROM_Task                              0x00001551   Thumb Code    18  mytask.o(i.EEPROM_Task)
    FTM_port_mux                             0x00001581   Thumb Code   398  mk60_ftm.o(i.FTM_port_mux)
    Get_ADC_Data                             0x00001715   Thumb Code    86  adc.o(i.Get_ADC_Data)
    Get_Config                               0x00001775   Thumb Code    96  camera.o(i.Get_Config)
    Get_Decode_Data                          0x000017e1   Thumb Code    34  decode.o(i.Get_Decode_Data)
    Image_Binary                             0x00001815   Thumb Code    94  camera.o(i.Image_Binary)
    Init_Task                                0x00001881   Thumb Code   124  mytask.o(i.Init_Task)
    KEY_Init                                 0x000019c5   Thumb Code    54  key.o(i.KEY_Init)
    KEY_Scan                                 0x000019fb   Thumb Code   126  key.o(i.KEY_Scan)
    KEY_Task                                 0x00001a79   Thumb Code    58  mytask.o(i.KEY_Task)
    LED_Flash                                0x00001ab9   Thumb Code    10  led.o(i.LED_Flash)
    LED_Init                                 0x00001ac9   Thumb Code    44  led.o(i.LED_Init)
    LED_Task                                 0x00001af5   Thumb Code    24  mytask.o(i.LED_Task)
    MT9V032_Uart_Receive                     0x00001b0d   Thumb Code    68  camera.o(i.MT9V032_Uart_Receive)
    Motor_PWM_Init                           0x00001b5d   Thumb Code   118  motor.o(i.Motor_PWM_Init)
    NMI_Handler                              0x00001bd9   Thumb Code     2  system_mk66.o(i.NMI_Handler)
    NRF_Init                                 0x00001bdb   Thumb Code    60  usart.o(i.NRF_Init)
    OLED_DLY_ms                              0x00001c17   Thumb Code    28  oled.o(i.OLED_DLY_ms)
    OLED_Display                             0x00001c35   Thumb Code   214  display.o(i.OLED_Display)
    OLED_Fill                                0x00001d71   Thumb Code    58  oled.o(i.OLED_Fill)
    OLED_Init                                0x00001dab   Thumb Code   314  oled.o(i.OLED_Init)
    OLED_P6x8Str                             0x00001ee5   Thumb Code    96  oled.o(i.OLED_P6x8Str)
    OLED_Set_Pos                             0x00001f49   Thumb Code    40  oled.o(i.OLED_Set_Pos)
    OLED_Task                                0x00001f71   Thumb Code    14  mytask.o(i.OLED_Task)
    OLED_WrCmd                               0x00001f7f   Thumb Code    80  oled.o(i.OLED_WrCmd)
    OLED_WrDat                               0x00001fcf   Thumb Code    80  oled.o(i.OLED_WrDat)
    PORTA_IRQHandler                         0x00002021   Thumb Code    10  isr.o(i.PORTA_IRQHandler)
    PORTE_IRQHandler                         0x00002031   Thumb Code    16  isr.o(i.PORTE_IRQHandler)
    Row_Finished                             0x00002045   Thumb Code     8  camera.o(i.Row_Finished)
    SYSTEM_CLK                               0x00002051   Thumb Code   170  system_mk66.o(i.SYSTEM_CLK)
    Send_Image                               0x00002109   Thumb Code    48  camera.o(i.Send_Image)
    Set_Motor_PWM                            0x0000213d   Thumb Code   138  motor.o(i.Set_Motor_PWM)
    Set_Steering_PWM                         0x000021d5   Thumb Code    40  steering.o(i.Set_Steering_PWM)
    Start                                    0x00002205   Thumb Code    34  system_mk66.o(i.Start)
    Start_Task                               0x0000222d   Thumb Code   186  mytask.o(i.Start_Task)
    Steering_Init                            0x00002361   Thumb Code    28  steering.o(i.Steering_Init)
    SysTick_Handler                          0x00002381   Thumb Code    46  port.o(i.SysTick_Handler)
    Task_List_Init                           0x000023b5   Thumb Code    24  mytask.o(i.Task_List_Init)
    UART3_RX_TX_IRQHandler                   0x000023e1   Thumb Code    22  isr.o(i.UART3_RX_TX_IRQHandler)
    UART4_RX_TX_IRQHandler                   0x000023fd   Thumb Code   236  isr.o(i.UART4_RX_TX_IRQHandler)
    VSYNC                                    0x000024fd   Thumb Code    80  camera.o(i.VSYNC)
    __0printf                                0x00002561   Thumb Code    22  printfa.o(i.__0printf)
    __1printf                                0x00002561   Thumb Code     0  printfa.o(i.__0printf)
    __2printf                                0x00002561   Thumb Code     0  printfa.o(i.__0printf)
    __c89printf                              0x00002561   Thumb Code     0  printfa.o(i.__0printf)
    printf                                   0x00002561   Thumb Code     0  printfa.o(i.__0printf)
    __0sprintf                               0x00002581   Thumb Code    34  printfa.o(i.__0sprintf)
    __1sprintf                               0x00002581   Thumb Code     0  printfa.o(i.__0sprintf)
    __2sprintf                               0x00002581   Thumb Code     0  printfa.o(i.__0sprintf)
    __c89sprintf                             0x00002581   Thumb Code     0  printfa.o(i.__0sprintf)
    sprintf                                  0x00002581   Thumb Code     0  printfa.o(i.__0sprintf)
    __aeabi_errno_addr                       0x000025dd   Thumb Code     4  errno.o(i.__aeabi_errno_addr)
    __rt_errno_addr                          0x000025dd   Thumb Code     0  errno.o(i.__aeabi_errno_addr)
    __hardfp_atof                            0x000025e9   Thumb Code    44  atof.o(i.__hardfp_atof)
    __read_errno                             0x00002621   Thumb Code     6  errno.o(i.__read_errno)
    __scatterload_copy                       0x0000262d   Thumb Code    14  handlers.o(i.__scatterload_copy)
    __scatterload_null                       0x0000263b   Thumb Code     2  handlers.o(i.__scatterload_null)
    __scatterload_zeroinit                   0x0000263d   Thumb Code    14  handlers.o(i.__scatterload_zeroinit)
    __set_errno                              0x0000264d   Thumb Code     6  errno.o(i.__set_errno)
    _is_digit                                0x000027dd   Thumb Code    14  scanf_fp.o(i._is_digit)
    adc_init                                 0x00002f25   Thumb Code   426  mk60_adc.o(i.adc_init)
    adc_once                                 0x000030d5   Thumb Code    70  mk60_adc.o(i.adc_once)
    adc_start                                0x00003121   Thumb Code    52  mk60_adc.o(i.adc_start)
    div_set                                  0x00003159   Thumb Code    68  system_mk66.o(i.div_set)
    dma_portx2buff_init                      0x000031a5   Thumb Code   398  mk60_dma.o(i.dma_portx2buff_init)
    fputc                                    0x00003349   Thumb Code    18  mk60_uart.o(i.fputc)
    ftm_pwm_init                             0x0000335d   Thumb Code   296  mk60_ftm.o(i.ftm_pwm_init)
    ftm_quad_init                            0x00003491   Thumb Code   218  mk60_ftm.o(i.ftm_quad_init)
    get_clk                                  0x00003575   Thumb Code    82  common.o(i.get_clk)
    gpio_get                                 0x000035dd   Thumb Code    38  mk60_gpio.o(i.gpio_get)
    gpio_init                                0x00003609   Thumb Code   200  mk60_gpio.o(i.gpio_init)
    gpio_set                                 0x000036dd   Thumb Code    66  mk60_gpio.o(i.gpio_set)
    main                                     0x00003725   Thumb Code    46  main.o(i.main)
    port_init                                0x0000375d   Thumb Code   102  mk60_port.o(i.port_init)
    port_init_NoAlt                          0x000037d1   Thumb Code    76  mk60_port.o(i.port_init_NoAlt)
    pvPortMalloc                             0x0000438d   Thumb Code   262  heap_4.o(i.pvPortMalloc)
    pvTaskIncrementMutexHeldCount            0x000044e1   Thumb Code    26  tasks.o(i.pvTaskIncrementMutexHeldCount)
    pxPortInitialiseStack                    0x00004501   Thumb Code    38  port.o(i.pxPortInitialiseStack)
    uart_getchar                             0x0000452d   Thumb Code    30  mk60_uart.o(i.uart_getchar)
    uart_init                                0x00004551   Thumb Code   452  mk60_uart.o(i.uart_init)
    uart_putbuff                             0x00004729   Thumb Code    30  mk60_uart.o(i.uart_putbuff)
    uart_putchar                             0x00004749   Thumb Code    28  mk60_uart.o(i.uart_putchar)
    uart_rx_irq_en                           0x00004769   Thumb Code    50  mk60_uart.o(i.uart_rx_irq_en)
    uxListRemove                             0x000047a1   Thumb Code    40  list.o(i.uxListRemove)
    vApplicationGetIdleTaskMemory            0x000047c9   Thumb Code    16  mytask.o(i.vApplicationGetIdleTaskMemory)
    vApplicationGetTimerTaskMemory           0x000047e1   Thumb Code    14  mytask.o(i.vApplicationGetTimerTaskMemory)
    vListInitialise                          0x000047f9   Thumb Code    26  list.o(i.vListInitialise)
    vListInitialiseItem                      0x00004813   Thumb Code     6  list.o(i.vListInitialiseItem)
    vListInsert                              0x00004819   Thumb Code    52  list.o(i.vListInsert)
    vListInsertEnd                           0x0000484d   Thumb Code    24  list.o(i.vListInsertEnd)
    vPortEnterCritical                       0x00004865   Thumb Code    68  port.o(i.vPortEnterCritical)
    vPortExitCritical                        0x000048ed   Thumb Code    48  port.o(i.vPortExitCritical)
    vPortFree                                0x0000495d   Thumb Code   120  heap_4.o(i.vPortFree)
    vPortSetupTimerInterrupt                 0x00004a15   Thumb Code    30  port.o(i.vPortSetupTimerInterrupt)
    vPortValidateInterruptPriority           0x00004a3d   Thumb Code    86  port.o(i.vPortValidateInterruptPriority)
    vQueueAddToRegistry                      0x00004add   Thumb Code    38  queue.o(i.vQueueAddToRegistry)
    vQueueWaitForMessageRestricted           0x00004b09   Thumb Code    74  queue.o(i.vQueueWaitForMessageRestricted)
    vTaskDelay                               0x00004b55   Thumb Code    72  tasks.o(i.vTaskDelay)
    vTaskDelete                              0x00004bc9   Thumb Code   192  tasks.o(i.vTaskDelete)
    vTaskMissedYield                         0x00004cd5   Thumb Code     8  tasks.o(i.vTaskMissedYield)
    vTaskPlaceOnEventList                    0x00004ce1   Thumb Code    42  tasks.o(i.vTaskPlaceOnEventList)
    vTaskPlaceOnEventListRestricted          0x00004d35   Thumb Code    50  tasks.o(i.vTaskPlaceOnEventListRestricted)
    vTaskPriorityInherit                     0x00004d91   Thumb Code   164  tasks.o(i.vTaskPriorityInherit)
    vTaskSetTimeOutState                     0x00004e41   Thumb Code    32  tasks.o(i.vTaskSetTimeOutState)
    vTaskStartScheduler                      0x00004e8d   Thumb Code   146  tasks.o(i.vTaskStartScheduler)
    vTaskSuspendAll                          0x00004f61   Thumb Code    12  tasks.o(i.vTaskSuspendAll)
    vTaskSwitchContext                       0x00004f71   Thumb Code   110  tasks.o(i.vTaskSwitchContext)
    xPortStartScheduler                      0x00005019   Thumb Code   258  port.o(i.xPortStartScheduler)
    xQueueGenericCreateStatic                0x00005175   Thumb Code   172  queue.o(i.xQueueGenericCreateStatic)
    xQueueGenericReceive                     0x00005245   Thumb Code   416  queue.o(i.xQueueGenericReceive)
    xQueueGenericReset                       0x0000540d   Thumb Code   136  queue.o(i.xQueueGenericReset)
    xQueueGenericSend                        0x000054bd   Thumb Code   412  queue.o(i.xQueueGenericSend)
    xQueueGenericSendFromISR                 0x00005681   Thumb Code   234  queue.o(i.xQueueGenericSendFromISR)
    xTaskCheckForTimeOut                     0x00005791   Thumb Code   116  tasks.o(i.xTaskCheckForTimeOut)
    xTaskCreate                              0x00005831   Thumb Code   100  tasks.o(i.xTaskCreate)
    xTaskCreateStatic                        0x00005895   Thumb Code   122  tasks.o(i.xTaskCreateStatic)
    xTaskGetSchedulerState                   0x00005935   Thumb Code    24  tasks.o(i.xTaskGetSchedulerState)
    xTaskGetTickCount                        0x00005955   Thumb Code     6  tasks.o(i.xTaskGetTickCount)
    xTaskIncrementTick                       0x00005961   Thumb Code   272  tasks.o(i.xTaskIncrementTick)
    xTaskPriorityDisinherit                  0x00005ac1   Thumb Code   168  tasks.o(i.xTaskPriorityDisinherit)
    xTaskRemoveFromEventList                 0x00005b99   Thumb Code   118  tasks.o(i.xTaskRemoveFromEventList)
    xTaskResumeAll                           0x00005c4d   Thumb Code   214  tasks.o(i.xTaskResumeAll)
    xTimerCreateTimerTask                    0x00005d6d   Thumb Code    90  timers.o(i.xTimerCreateTimerTask)
    xTimerGenericCommand                     0x00005e05   Thumb Code   118  timers.o(i.xTimerGenericCommand)
    ADCX                                     0x000066c0   Data           8  mk60_adc.o(.constdata)
    __ctype_table                            0x00006728   Data         129  ctype_o.o(.constdata)
    Region$$Table$$Base                      0x000067b0   Number         0  anon$$obj.o(Region$$Table)
    Region$$Table$$Limit                     0x000067d0   Number         0  anon$$obj.o(Region$$Table)
    Init_Task_Handler                        0x20000000   Data           4  mytask.o(.data)
    EEPROM_Task_Handler                      0x20000004   Data           4  mytask.o(.data)
    ADC_Task_Handler                         0x20000008   Data           4  mytask.o(.data)
    Camera_Task_Handler                      0x2000000c   Data           4  mytask.o(.data)
    Decode_Task_Handler                      0x20000010   Data           4  mytask.o(.data)
    KEY_Task_Handler                         0x20000014   Data           4  mytask.o(.data)
    LED_Task_Handler                         0x20000018   Data           4  mytask.o(.data)
    OLED_Task_Handler                        0x2000001c   Data           4  mytask.o(.data)
    StartTask_Handler                        0x20000020   Data           4  mytask.o(.data)
    Motor_PWM                                0x20000026   Data           8  motor.o(.data)
    Steering_PWM                             0x2000002e   Data           2  steering.o(.data)
    Speed_L                                  0x20000030   Data           2  decode.o(.data)
    Speed_R                                  0x20000032   Data           2  decode.o(.data)
    receive                                  0x20000034   Data           3  camera.o(.data)
    receive_num                              0x20000037   Data           1  camera.o(.data)
    uart_receive_flag                        0x20000038   Data           1  camera.o(.data)
    THRESHOLD                                0x20000039   Data           1  camera.o(.data)
    MT9V032_CFG                              0x2000003a   Data          36  camera.o(.data)
    GET_CFG                                  0x2000005e   Data          32  camera.o(.data)
    Image_Finish_Flag                        0x2000007e   Data           1  camera.o(.data)
    ADC_Data                                 0x20000080   Data           6  adc.o(.data)
    mcgout_clk_mhz                           0x20000088   Data           4  common.o(.data)
    core_clk_mhz                             0x2000008c   Data           4  common.o(.data)
    bus_clk_mhz                              0x20000090   Data           4  common.o(.data)
    period                                   0x20000094   Data           8  mk60_ftm.o(.data)
    uart                                     0x2000009c   Data          20  mk60_uart.o(.data)
    pxCurrentTCB                             0x200000b0   Data           4  tasks.o(.data)
    __stdout                                 0x20000124   Data           4  stdout.o(.data)
    direction                                0x200007dc   Data          28  elector.o(.bss)
    speed                                    0x200007f8   Data          28  elector.o(.bss)
    image                                    0x20000828   Data        4800  camera.o(.bss)
    image_binary                             0x20001ae8   Data         600  camera.o(.bss)
    xQueueRegistry                           0x20001d40   Data          64  queue.o(.bss)
    __initial_sp                             0x20023f50   Data           0  startup_mk66f18.o(STACK)



==============================================================================

Memory Map of the image

  Image Entry point : 0x00000411

  Load Region LR_IROM1 (Base: 0x00000000, Size: 0x000068fc, Max: 0x00100000, ABSOLUTE, COMPRESSED[0x0000681c])

    Execution Region ER_IROM1 (Exec base: 0x00000000, Load base: 0x00000000, Size: 0x000067d0, Max: 0x00100000, ABSOLUTE)

    Exec Addr    Load Addr    Size         Type   Attr      Idx    E Section Name        Object

    0x00000000   0x00000000   0x00000400   Data   RO         2058    RESET               startup_mk66f18.o
    0x00000400   0x00000400   0x00000010   Code   RO         2059    .ARM.__at_0x400     startup_mk66f18.o
    0x00000410   0x00000410   0x00000000   Code   RO         3388  * .ARM.Collect$$$$00000000  mc_w.l(entry.o)
    0x00000410   0x00000410   0x00000004   Code   RO         3712    .ARM.Collect$$$$00000001  mc_w.l(entry2.o)
    0x00000414   0x00000414   0x00000004   Code   RO         3715    .ARM.Collect$$$$00000004  mc_w.l(entry5.o)
    0x00000418   0x00000418   0x00000000   Code   RO         3717    .ARM.Collect$$$$00000008  mc_w.l(entry7b.o)
    0x00000418   0x00000418   0x00000000   Code   RO         3719    .ARM.Collect$$$$0000000A  mc_w.l(entry8b.o)
    0x00000418   0x00000418   0x00000008   Code   RO         3720    .ARM.Collect$$$$0000000B  mc_w.l(entry9a.o)
    0x00000420   0x00000420   0x00000000   Code   RO         3722    .ARM.Collect$$$$0000000D  mc_w.l(entry10a.o)
    0x00000420   0x00000420   0x00000000   Code   RO         3724    .ARM.Collect$$$$0000000F  mc_w.l(entry11a.o)
    0x00000420   0x00000420   0x00000004   Code   RO         3713    .ARM.Collect$$$$00002712  mc_w.l(entry2.o)
    0x00000424   0x00000424   0x000000b6   Code   RO         3200    .emb_text           port.o
    0x000004da   0x000004da   0x00000002   PAD
    0x000004dc   0x000004dc   0x00000028   Code   RO         2060    .text               startup_mk66f18.o
    0x00000504   0x00000504   0x00000024   Code   RO         3391    .text               mc_w.l(memcpya.o)
    0x00000528   0x00000528   0x00000024   Code   RO         3393    .text               mc_w.l(memseta.o)
    0x0000054c   0x0000054c   0x0000001a   Code   RO         3690    .text               mc_w.l(atoi.o)
    0x00000566   0x00000566   0x00000026   Code   RO         3692    .text               mf_w.l(f2d.o)
    0x0000058c   0x0000058c   0x00000038   Code   RO         3694    .text               mf_w.l(d2f.o)
    0x000005c4   0x000005c4   0x0000002c   Code   RO         3727    .text               mc_w.l(uidiv.o)
    0x000005f0   0x000005f0   0x00000062   Code   RO         3729    .text               mc_w.l(uldiv.o)
    0x00000652   0x00000652   0x00000002   PAD
    0x00000654   0x00000654   0x0000009c   Code   RO         3740    .text               mc_w.l(strtod.o)
    0x000006f0   0x000006f0   0x00000070   Code   RO         3742    .text               mc_w.l(strtol.o)
    0x00000760   0x00000760   0x00000000   Code   RO         3744    .text               mc_w.l(iusefp.o)
    0x00000760   0x00000760   0x0000006e   Code   RO         3745    .text               mf_w.l(fepilogue.o)
    0x000007ce   0x000007ce   0x0000014e   Code   RO         3747    .text               mf_w.l(dadd.o)
    0x0000091c   0x0000091c   0x000000e4   Code   RO         3749    .text               mf_w.l(dmul.o)
    0x00000a00   0x00000a00   0x000000de   Code   RO         3751    .text               mf_w.l(ddiv.o)
    0x00000ade   0x00000ade   0x00000030   Code   RO         3753    .text               mf_w.l(dfixul.o)
    0x00000b0e   0x00000b0e   0x00000002   PAD
    0x00000b10   0x00000b10   0x00000030   Code   RO         3755    .text               mf_w.l(cdrcmple.o)
    0x00000b40   0x00000b40   0x00000024   Code   RO         3757    .text               mc_w.l(init.o)
    0x00000b64   0x00000b64   0x0000001e   Code   RO         3759    .text               mc_w.l(llshl.o)
    0x00000b82   0x00000b82   0x00000020   Code   RO         3761    .text               mc_w.l(llushr.o)
    0x00000ba2   0x00000ba2   0x00000024   Code   RO         3763    .text               mc_w.l(llsshr.o)
    0x00000bc6   0x00000bc6   0x00000002   PAD
    0x00000bc8   0x00000bc8   0x00000008   Code   RO         3767    .text               mc_w.l(ctype_o.o)
    0x00000bd0   0x00000bd0   0x00000012   Code   RO         3789    .text               mc_w.l(isspace_o.o)
    0x00000be2   0x00000be2   0x00000002   PAD
    0x00000be4   0x00000be4   0x00000360   Code   RO         3795    .text               mc_w.l(scanf_fp.o)
    0x00000f44   0x00000f44   0x00000040   Code   RO         3799    .text               mc_w.l(_sgetc.o)
    0x00000f84   0x00000f84   0x0000009e   Code   RO         3801    .text               mc_w.l(_strtoul.o)
    0x00001022   0x00001022   0x000000ba   Code   RO         3803    .text               mf_w.l(depilogue.o)
    0x000010dc   0x000010dc   0x0000001c   Code   RO         3808    .text               mc_w.l(_chval.o)
    0x000010f8   0x000010f8   0x00000018   Code   RO         3810    .text               mf_w.l(dfltul.o)
    0x00001110   0x00001110   0x00000056   Code   RO         3820    .text               mc_w.l(__dczerorl2.o)
    0x00001166   0x00001166   0x00000016   Code   RO          908    i.ADC_Init          adc.o
    0x0000117c   0x0000117c   0x00000012   Code   RO          115    i.ADC_Task          mytask.o
    0x0000118e   0x0000118e   0x00000002   PAD
    0x00001190   0x00001190   0x00000180   Code   RO          807    i.Camera_Init       camera.o
    0x00001310   0x00001310   0x00000024   Code   RO          116    i.Camera_Task       mytask.o
    0x00001334   0x00001334   0x00000018   Code   RO          346    i.DMA0_IRQHandler   isr.o
    0x0000134c   0x0000134c   0x00000028   Code   RO          288    i.D_PID_initial     elector.o
    0x00001374   0x00001374   0x00000010   Code   RO          767    i.Decode_Init       decode.o
    0x00001384   0x00001384   0x0000000e   Code   RO          117    i.Decode_Task       mytask.o
    0x00001392   0x00001392   0x00000002   PAD
    0x00001394   0x00001394   0x000001a0   Code   RO          289    i.Direct            elector.o
    0x00001534   0x00001534   0x0000001c   Code   RO         2069    i.Disable_Wdog      system_mk66.o
    0x00001550   0x00001550   0x00000030   Code   RO          118    i.EEPROM_Task       mytask.o
    0x00001580   0x00001580   0x00000194   Code   RO         1314    i.FTM_port_mux      mk60_ftm.o
    0x00001714   0x00001714   0x00000060   Code   RO          909    i.Get_ADC_Data      adc.o
    0x00001774   0x00001774   0x0000006c   Code   RO          808    i.Get_Config        camera.o
    0x000017e0   0x000017e0   0x00000034   Code   RO          768    i.Get_Decode_Data   decode.o
    0x00001814   0x00001814   0x0000006c   Code   RO          810    i.Image_Binary      camera.o
    0x00001880   0x00001880   0x00000144   Code   RO          119    i.Init_Task         mytask.o
    0x000019c4   0x000019c4   0x00000036   Code   RO          585    i.KEY_Init          key.o
    0x000019fa   0x000019fa   0x0000007e   Code   RO          586    i.KEY_Scan          key.o
    0x00001a78   0x00001a78   0x00000040   Code   RO          120    i.KEY_Task          mytask.o
    0x00001ab8   0x00001ab8   0x00000010   Code   RO          551    i.LED_Flash         led.o
    0x00001ac8   0x00001ac8   0x0000002c   Code   RO          552    i.LED_Init          led.o
    0x00001af4   0x00001af4   0x00000018   Code   RO          121    i.LED_Task          mytask.o
    0x00001b0c   0x00001b0c   0x00000050   Code   RO          811    i.MT9V032_Uart_Receive  camera.o
    0x00001b5c   0x00001b5c   0x0000007c   Code   RO          619    i.Motor_PWM_Init    motor.o
    0x00001bd8   0x00001bd8   0x00000002   Code   RO         2070    i.NMI_Handler       system_mk66.o
    0x00001bda   0x00001bda   0x0000003c   Code   RO          699    i.NRF_Init          usart.o
    0x00001c16   0x00001c16   0x0000001c   Code   RO          438    i.OLED_DLY_ms       oled.o
    0x00001c32   0x00001c32   0x00000002   PAD
    0x00001c34   0x00001c34   0x0000013c   Code   RO          406    i.OLED_Display      display.o
    0x00001d70   0x00001d70   0x0000003a   Code   RO          439    i.OLED_Fill         oled.o
    0x00001daa   0x00001daa   0x0000013a   Code   RO          441    i.OLED_Init         oled.o
    0x00001ee4   0x00001ee4   0x00000064   Code   RO          442    i.OLED_P6x8Str      oled.o
    0x00001f48   0x00001f48   0x00000028   Code   RO          447    i.OLED_Set_Pos      oled.o
    0x00001f70   0x00001f70   0x0000000e   Code   RO          122    i.OLED_Task         mytask.o
    0x00001f7e   0x00001f7e   0x00000050   Code   RO          449    i.OLED_WrCmd        oled.o
    0x00001fce   0x00001fce   0x00000050   Code   RO          450    i.OLED_WrDat        oled.o
    0x0000201e   0x0000201e   0x00000002   PAD
    0x00002020   0x00002020   0x00000010   Code   RO          347    i.PORTA_IRQHandler  isr.o
    0x00002030   0x00002030   0x00000014   Code   RO          348    i.PORTE_IRQHandler  isr.o
    0x00002044   0x00002044   0x0000000c   Code   RO          812    i.Row_Finished      camera.o
    0x00002050   0x00002050   0x000000b8   Code   RO         2071    i.SYSTEM_CLK        system_mk66.o
    0x00002108   0x00002108   0x00000034   Code   RO          813    i.Send_Image        camera.o
    0x0000213c   0x0000213c   0x00000098   Code   RO          620    i.Set_Motor_PWM     motor.o
    0x000021d4   0x000021d4   0x00000030   Code   RO          727    i.Set_Steering_PWM  steering.o
    0x00002204   0x00002204   0x00000028   Code   RO         2072    i.Start             system_mk66.o
    0x0000222c   0x0000222c   0x00000134   Code   RO          123    i.Start_Task        mytask.o
    0x00002360   0x00002360   0x00000020   Code   RO          728    i.Steering_Init     steering.o
    0x00002380   0x00002380   0x00000034   Code   RO         3201    i.SysTick_Handler   port.o
    0x000023b4   0x000023b4   0x0000002c   Code   RO          124    i.Task_List_Init    mytask.o
    0x000023e0   0x000023e0   0x0000001c   Code   RO          349    i.UART3_RX_TX_IRQHandler  isr.o
    0x000023fc   0x000023fc   0x00000100   Code   RO          350    i.UART4_RX_TX_IRQHandler  isr.o
    0x000024fc   0x000024fc   0x00000064   Code   RO          816    i.VSYNC             camera.o
    0x00002560   0x00002560   0x00000020   Code   RO         3634    i.__0printf         mc_w.l(printfa.o)
    0x00002580   0x00002580   0x00000028   Code   RO         3636    i.__0sprintf        mc_w.l(printfa.o)
    0x000025a8   0x000025a8   0x0000001a   Code   RO          817    i.__NVIC_EnableIRQ  camera.o
    0x000025c2   0x000025c2   0x0000001a   Code   RO         1892    i.__NVIC_EnableIRQ  mk60_uart.o
    0x000025dc   0x000025dc   0x00000008   Code   RO         3733    i.__aeabi_errno_addr  mc_w.l(errno.o)
    0x000025e4   0x000025e4   0x00000004   PAD
    0x000025e8   0x000025e8   0x00000038   Code   RO         3382    i.__hardfp_atof     m_wm.l(atof.o)
    0x00002620   0x00002620   0x0000000c   Code   RO         3734    i.__read_errno      mc_w.l(errno.o)
    0x0000262c   0x0000262c   0x0000000e   Code   RO         3814    i.__scatterload_copy  mc_w.l(handlers.o)
    0x0000263a   0x0000263a   0x00000002   Code   RO         3815    i.__scatterload_null  mc_w.l(handlers.o)
    0x0000263c   0x0000263c   0x0000000e   Code   RO         3816    i.__scatterload_zeroinit  mc_w.l(handlers.o)
    0x0000264a   0x0000264a   0x00000002   PAD
    0x0000264c   0x0000264c   0x0000000c   Code   RO         3735    i.__set_errno       mc_w.l(errno.o)
    0x00002658   0x00002658   0x00000184   Code   RO         3641    i._fp_digits        mc_w.l(printfa.o)
    0x000027dc   0x000027dc   0x0000000e   Code   RO         3797    i._is_digit         mc_w.l(scanf_fp.o)
    0x000027ea   0x000027ea   0x00000002   PAD
    0x000027ec   0x000027ec   0x000006dc   Code   RO         3642    i._printf_core      mc_w.l(printfa.o)
    0x00002ec8   0x00002ec8   0x00000024   Code   RO         3643    i._printf_post_padding  mc_w.l(printfa.o)
    0x00002eec   0x00002eec   0x0000002e   Code   RO         3644    i._printf_pre_padding  mc_w.l(printfa.o)
    0x00002f1a   0x00002f1a   0x0000000a   Code   RO         3646    i._sputc            mc_w.l(printfa.o)
    0x00002f24   0x00002f24   0x000001b0   Code   RO         1097    i.adc_init          mk60_adc.o
    0x000030d4   0x000030d4   0x0000004c   Code   RO         1098    i.adc_once          mk60_adc.o
    0x00003120   0x00003120   0x00000038   Code   RO         1099    i.adc_start         mk60_adc.o
    0x00003158   0x00003158   0x0000004c   Code   RO         2073    i.div_set           system_mk66.o
    0x000031a4   0x000031a4   0x000001a4   Code   RO         1232    i.dma_portx2buff_init  mk60_dma.o
    0x00003348   0x00003348   0x00000012   Code   RO         1894    i.fputc             mk60_uart.o
    0x0000335a   0x0000335a   0x00000002   PAD
    0x0000335c   0x0000335c   0x00000134   Code   RO         1320    i.ftm_pwm_init      mk60_ftm.o
    0x00003490   0x00003490   0x000000e4   Code   RO         1323    i.ftm_quad_init     mk60_ftm.o
    0x00003574   0x00003574   0x00000068   Code   RO         1029    i.get_clk           common.o
    0x000035dc   0x000035dc   0x0000002c   Code   RO         1405    i.gpio_get          mk60_gpio.o
    0x00003608   0x00003608   0x000000d4   Code   RO         1406    i.gpio_init         mk60_gpio.o
    0x000036dc   0x000036dc   0x00000048   Code   RO         1407    i.gpio_set          mk60_gpio.o
    0x00003724   0x00003724   0x00000038   Code   RO            4    i.main              main.o
    0x0000375c   0x0000375c   0x00000074   Code   RO         1612    i.port_init         mk60_port.o
    0x000037d0   0x000037d0   0x00000054   Code   RO         1613    i.port_init_NoAlt   mk60_port.o
    0x00003824   0x00003824   0x00000098   Code   RO         2601    i.prvAddCurrentTaskToDelayedList  tasks.o
    0x000038bc   0x000038bc   0x000000b8   Code   RO         2602    i.prvAddNewTaskToReadyList  tasks.o
    0x00003974   0x00003974   0x00000074   Code   RO         2983    i.prvCheckForValidListAndQueue  timers.o
    0x000039e8   0x000039e8   0x00000064   Code   RO         2603    i.prvCheckTasksWaitingTermination  tasks.o
    0x00003a4c   0x00003a4c   0x0000002a   Code   RO         2331    i.prvCopyDataFromQueue  queue.o
    0x00003a76   0x00003a76   0x0000007c   Code   RO         2332    i.prvCopyDataToQueue  queue.o
    0x00003af2   0x00003af2   0x00000002   PAD
    0x00003af4   0x00003af4   0x0000006c   Code   RO         2604    i.prvDeleteTCB      tasks.o
    0x00003b60   0x00003b60   0x00000028   Code   RO         2984    i.prvGetNextExpireTime  timers.o
    0x00003b88   0x00003b88   0x0000007c   Code   RO         3135    i.prvHeapInit       heap_4.o
    0x00003c04   0x00003c04   0x00000028   Code   RO         2605    i.prvIdleTask       tasks.o
    0x00003c2c   0x00003c2c   0x0000002e   Code   RO         2334    i.prvInitialiseNewQueue  queue.o
    0x00003c5a   0x00003c5a   0x00000002   PAD
    0x00003c5c   0x00003c5c   0x000000d0   Code   RO         2606    i.prvInitialiseNewTask  tasks.o
    0x00003d2c   0x00003d2c   0x00000068   Code   RO         2607    i.prvInitialiseTaskLists  tasks.o
    0x00003d94   0x00003d94   0x00000068   Code   RO         3136    i.prvInsertBlockIntoFreeList  heap_4.o
    0x00003dfc   0x00003dfc   0x00000058   Code   RO         2986    i.prvInsertTimerInActiveList  timers.o
    0x00003e54   0x00003e54   0x0000001a   Code   RO         2335    i.prvIsQueueEmpty   queue.o
    0x00003e6e   0x00003e6e   0x0000001e   Code   RO         2336    i.prvIsQueueFull    queue.o
    0x00003e8c   0x00003e8c   0x000000a0   Code   RO         2337    i.prvNotifyQueueSetContainer  queue.o
    0x00003f2c   0x00003f2c   0x00000080   Code   RO         2987    i.prvProcessExpiredTimer  timers.o
    0x00003fac   0x00003fac   0x00000130   Code   RO         2988    i.prvProcessReceivedCommands  timers.o
    0x000040dc   0x000040dc   0x00000074   Code   RO         2989    i.prvProcessTimerOrBlockTask  timers.o
    0x00004150   0x00004150   0x00000034   Code   RO         2609    i.prvResetNextTaskUnblockTime  tasks.o
    0x00004184   0x00004184   0x0000002c   Code   RO         2990    i.prvSampleTimeNow  timers.o
    0x000041b0   0x000041b0   0x000000bc   Code   RO         2991    i.prvSwitchTimerLists  timers.o
    0x0000426c   0x0000426c   0x00000074   Code   RO         3202    i.prvTaskExitError  port.o
    0x000042e0   0x000042e0   0x0000001a   Code   RO         2992    i.prvTimerTask      timers.o
    0x000042fa   0x000042fa   0x00000092   Code   RO         2338    i.prvUnlockQueue    queue.o
    0x0000438c   0x0000438c   0x00000154   Code   RO         3137    i.pvPortMalloc      heap_4.o
    0x000044e0   0x000044e0   0x00000020   Code   RO         2613    i.pvTaskIncrementMutexHeldCount  tasks.o
    0x00004500   0x00004500   0x0000002c   Code   RO         3203    i.pxPortInitialiseStack  port.o
    0x0000452c   0x0000452c   0x00000024   Code   RO         1895    i.uart_getchar      mk60_uart.o
    0x00004550   0x00004550   0x000001d8   Code   RO         1896    i.uart_init         mk60_uart.o
    0x00004728   0x00004728   0x0000001e   Code   RO         1897    i.uart_putbuff      mk60_uart.o
    0x00004746   0x00004746   0x00000002   PAD
    0x00004748   0x00004748   0x00000020   Code   RO         1898    i.uart_putchar      mk60_uart.o
    0x00004768   0x00004768   0x00000038   Code   RO         1902    i.uart_rx_irq_en    mk60_uart.o
    0x000047a0   0x000047a0   0x00000028   Code   RO         2278    i.uxListRemove      list.o
    0x000047c8   0x000047c8   0x00000018   Code   RO          125    i.vApplicationGetIdleTaskMemory  mytask.o
    0x000047e0   0x000047e0   0x00000018   Code   RO          126    i.vApplicationGetTimerTaskMemory  mytask.o
    0x000047f8   0x000047f8   0x0000001a   Code   RO         2279    i.vListInitialise   list.o
    0x00004812   0x00004812   0x00000006   Code   RO         2280    i.vListInitialiseItem  list.o
    0x00004818   0x00004818   0x00000034   Code   RO         2281    i.vListInsert       list.o
    0x0000484c   0x0000484c   0x00000018   Code   RO         2282    i.vListInsertEnd    list.o
    0x00004864   0x00004864   0x00000088   Code   RO         3205    i.vPortEnterCritical  port.o
    0x000048ec   0x000048ec   0x00000070   Code   RO         3206    i.vPortExitCritical  port.o
    0x0000495c   0x0000495c   0x000000b8   Code   RO         3138    i.vPortFree         heap_4.o
    0x00004a14   0x00004a14   0x00000028   Code   RO         3207    i.vPortSetupTimerInterrupt  port.o
    0x00004a3c   0x00004a3c   0x000000a0   Code   RO         3208    i.vPortValidateInterruptPriority  port.o
    0x00004adc   0x00004adc   0x0000002c   Code   RO         2344    i.vQueueAddToRegistry  queue.o
    0x00004b08   0x00004b08   0x0000004a   Code   RO         2348    i.vQueueWaitForMessageRestricted  queue.o
    0x00004b52   0x00004b52   0x00000002   PAD
    0x00004b54   0x00004b54   0x00000074   Code   RO         2621    i.vTaskDelay        tasks.o
    0x00004bc8   0x00004bc8   0x0000010c   Code   RO         2623    i.vTaskDelete       tasks.o
    0x00004cd4   0x00004cd4   0x0000000c   Code   RO         2627    i.vTaskMissedYield  tasks.o
    0x00004ce0   0x00004ce0   0x00000054   Code   RO         2629    i.vTaskPlaceOnEventList  tasks.o
    0x00004d34   0x00004d34   0x0000005c   Code   RO         2630    i.vTaskPlaceOnEventListRestricted  tasks.o
    0x00004d90   0x00004d90   0x000000b0   Code   RO         2632    i.vTaskPriorityInherit  tasks.o
    0x00004e40   0x00004e40   0x0000004c   Code   RO         2636    i.vTaskSetTimeOutState  tasks.o
    0x00004e8c   0x00004e8c   0x000000d4   Code   RO         2637    i.vTaskStartScheduler  tasks.o
    0x00004f60   0x00004f60   0x00000010   Code   RO         2639    i.vTaskSuspendAll   tasks.o
    0x00004f70   0x00004f70   0x000000a8   Code   RO         2640    i.vTaskSwitchContext  tasks.o
    0x00005018   0x00005018   0x0000015c   Code   RO         3209    i.xPortStartScheduler  port.o
    0x00005174   0x00005174   0x000000d0   Code   RO         2356    i.xQueueGenericCreateStatic  queue.o
    0x00005244   0x00005244   0x000001c8   Code   RO         2357    i.xQueueGenericReceive  queue.o
    0x0000540c   0x0000540c   0x000000b0   Code   RO         2358    i.xQueueGenericReset  queue.o
    0x000054bc   0x000054bc   0x000001c4   Code   RO         2359    i.xQueueGenericSend  queue.o
    0x00005680   0x00005680   0x00000110   Code   RO         2360    i.xQueueGenericSendFromISR  queue.o
    0x00005790   0x00005790   0x000000a0   Code   RO         2641    i.xTaskCheckForTimeOut  tasks.o
    0x00005830   0x00005830   0x00000064   Code   RO         2642    i.xTaskCreate       tasks.o
    0x00005894   0x00005894   0x000000a0   Code   RO         2643    i.xTaskCreateStatic  tasks.o
    0x00005934   0x00005934   0x00000020   Code   RO         2647    i.xTaskGetSchedulerState  tasks.o
    0x00005954   0x00005954   0x0000000c   Code   RO         2648    i.xTaskGetTickCount  tasks.o
    0x00005960   0x00005960   0x00000160   Code   RO         2650    i.xTaskIncrementTick  tasks.o
    0x00005ac0   0x00005ac0   0x000000d8   Code   RO         2653    i.xTaskPriorityDisinherit  tasks.o
    0x00005b98   0x00005b98   0x000000b4   Code   RO         2654    i.xTaskRemoveFromEventList  tasks.o
    0x00005c4c   0x00005c4c   0x00000120   Code   RO         2656    i.xTaskResumeAll    tasks.o
    0x00005d6c   0x00005d6c   0x00000098   Code   RO         2997    i.xTimerCreateTimerTask  timers.o
    0x00005e04   0x00005e04   0x000000a4   Code   RO         2998    i.xTimerGenericCommand  timers.o
    0x00005ea8   0x00005ea8   0x00000818   Data   RO          452    .constdata          oled.o
    0x000066c0   0x000066c0   0x00000008   Data   RO         1101    .constdata          mk60_adc.o
    0x000066c8   0x000066c8   0x00000010   Data   RO         1324    .constdata          mk60_ftm.o
    0x000066d8   0x000066d8   0x00000028   Data   RO         1409    .constdata          mk60_gpio.o
    0x00006700   0x00006700   0x00000028   Data   RO         1614    .constdata          mk60_port.o
    0x00006728   0x00006728   0x00000081   Data   RO         3768    .constdata          mc_w.l(ctype_o.o)
    0x000067a9   0x000067a9   0x00000003   PAD
    0x000067ac   0x000067ac   0x00000004   Data   RO         3769    .constdata          mc_w.l(ctype_o.o)
    0x000067b0   0x000067b0   0x00000020   Data   RO         3812    Region$$Table       anon$$obj.o


    Execution Region RW_IRAM1 (Exec base: 0x20000000, Load base: 0x000067d0, Size: 0x00023f50, Max: 0x00030000, ABSOLUTE, COMPRESSED[0x0000004c])

    Exec Addr    Load Addr    Size         Type   Attr      Idx    E Section Name        Object

    0x20000000   COMPRESSED   0x00000024   Data   RW          129    .data               mytask.o
    0x20000024   COMPRESSED   0x00000001   Data   RW          352    .data               isr.o
    0x20000025   COMPRESSED   0x00000001   PAD
    0x20000026   COMPRESSED   0x00000008   Data   RW          621    .data               motor.o
    0x2000002e   COMPRESSED   0x00000002   Data   RW          729    .data               steering.o
    0x20000030   COMPRESSED   0x00000004   Data   RW          769    .data               decode.o
    0x20000034   COMPRESSED   0x0000004b   Data   RW          819    .data               camera.o
    0x2000007f   COMPRESSED   0x00000001   PAD
    0x20000080   COMPRESSED   0x00000006   Data   RW          910    .data               adc.o
    0x20000086   COMPRESSED   0x00000002   PAD
    0x20000088   COMPRESSED   0x0000000c   Data   RW         1030    .data               common.o
    0x20000094   COMPRESSED   0x00000008   Data   RW         1325    .data               mk60_ftm.o
    0x2000009c   COMPRESSED   0x00000014   Data   RW         1905    .data               mk60_uart.o
    0x200000b0   COMPRESSED   0x0000003c   Data   RW         2659    .data               tasks.o
    0x200000ec   COMPRESSED   0x00000014   Data   RW         3006    .data               timers.o
    0x20000100   COMPRESSED   0x00000018   Data   RW         3143    .data               heap_4.o
    0x20000118   COMPRESSED   0x0000000c   Data   RW         3210    .data               port.o
    0x20000124   COMPRESSED   0x00000004   Data   RW         3726    .data               mc_w.l(stdout.o)
    0x20000128   COMPRESSED   0x00000004   Data   RW         3736    .data               mc_w.l(errno.o)
    0x2000012c        -       0x000006b0   Zero   RW          127    .bss                mytask.o
    0x200007dc        -       0x00000038   Zero   RW          292    .bss                elector.o
    0x20000814        -       0x00000014   Zero   RW          351    .bss                isr.o
    0x20000828        -       0x00001518   Zero   RW          818    .bss                camera.o
    0x20001d40        -       0x00000040   Zero   RW         2371    .bss                queue.o
    0x20001d80        -       0x00000104   Zero   RW         2658    .bss                tasks.o
    0x20001e84        -       0x000000cc   Zero   RW         3005    .bss                timers.o
    0x20001f50        -       0x00020000   Zero   RW         3142    .bss                heap_4.o
    0x20021f50        -       0x00002000   Zero   RW         2056    STACK               startup_mk66f18.o


==============================================================================

Image component sizes


      Code (inc. data)   RO Data    RW Data    ZI Data      Debug   Object Name

       118         10          0          6          0       2957   adc.o
       870        110          0         75       5400      36723   camera.o
       104         22          0         12          0       2728   common.o
        68         18          0          4          0       1250   decode.o
       316        102          0          0          0        651   display.o
       456         26          0          0         56       2475   elector.o
         0          0          0          0          0      18584   event_groups.o
       752        176          0         24     131072       4095   heap_4.o
       344         40          0          1         20       5366   isr.o
       180          0          0          0          0       1122   key.o
        60          6          0          0          0        947   led.o
       148          0          0          0          0       3346   list.o
        56         10          0          0          0     773500   main.o
       564         80          8          0          0       2681   mk60_adc.o
       420         22          0          0          0       1094   mk60_dma.o
       940         44         16          8          0       3123   mk60_ftm.o
       328         24         40          0          0       2506   mk60_gpio.o
       200         22         40          0          0       1874   mk60_port.o
       670         42          0         20          0      34416   mk60_uart.o
       276         20          0          8          0       1889   motor.o
       942        402          0         36       1712       9941   mytask.o
       700          4       2072          0          0       5374   oled.o
      1190        400          0         12          0      10985   port.o
      2256        236          0          0         64      16339   queue.o
        56         24       1024          0       8192       1028   startup_mk66f18.o
        80         12          0          2          0       1290   steering.o
       330         34          0          0          0       2700   system_mk66.o
      3700        956          0         60        260      37799   tasks.o
      1366        322          0         20        204       9295   timers.o
        60          0          0          0          0        559   usart.o

    ----------------------------------------------------------------------
     17570       3164       3232        292     146980     996637   Object Totals
         0          0         32          0          0          0   (incl. Generated)
        20          0          0          4          0          0   (incl. Padding)

    ----------------------------------------------------------------------

      Code (inc. data)   RO Data    RW Data    ZI Data      Debug   Library Member Name

        56         12          0          0          0        132   atof.o
        86          0          0          0          0          0   __dczerorl2.o
        28          0          0          0          0         68   _chval.o
        64          0          0          0          0         84   _sgetc.o
       158          0          0          0          0         92   _strtoul.o
        26          0          0          0          0         80   atoi.o
         8          4        133          0          0         68   ctype_o.o
         0          0          0          0          0          0   entry.o
         0          0          0          0          0          0   entry10a.o
         0          0          0          0          0          0   entry11a.o
         8          4          0          0          0          0   entry2.o
         4          0          0          0          0          0   entry5.o
         0          0          0          0          0          0   entry7b.o
         0          0          0          0          0          0   entry8b.o
         8          4          0          0          0          0   entry9a.o
        32         16          0          4          0        204   errno.o
        30          0          0          0          0          0   handlers.o
        36          8          0          0          0         68   init.o
        18          0          0          0          0         76   isspace_o.o
         0          0          0          0          0          0   iusefp.o
        30          0          0          0          0         68   llshl.o
        36          0          0          0          0         68   llsshr.o
        32          0          0          0          0         68   llushr.o
        36          0          0          0          0         68   memcpya.o
        36          0          0          0          0        108   memseta.o
      2308         96          0          0          0        604   printfa.o
       878         12          0          0          0        216   scanf_fp.o
         0          0          0          4          0          0   stdout.o
       156         12          0          0          0        120   strtod.o
       112          0          0          0          0         88   strtol.o
        44          0          0          0          0         80   uidiv.o
        98          0          0          0          0         92   uldiv.o
        48          0          0          0          0         68   cdrcmple.o
        56          0          0          0          0         88   d2f.o
       334          0          0          0          0        148   dadd.o
       222          0          0          0          0        100   ddiv.o
       186          0          0          0          0        176   depilogue.o
        48          0          0          0          0         68   dfixul.o
        24          0          0          0          0         76   dfltul.o
       228          0          0          0          0         96   dmul.o
        38          0          0          0          0         68   f2d.o
       110          0          0          0          0        168   fepilogue.o

    ----------------------------------------------------------------------
      5638        172        136          8          0       3508   Library Totals
        16          4          3          0          0          0   (incl. Padding)

    ----------------------------------------------------------------------

      Code (inc. data)   RO Data    RW Data    ZI Data      Debug   Library Name

        56         12          0          0          0        132   m_wm.l
      4272        156        133          8          0       2320   mc_w.l
      1294          0          0          0          0       1056   mf_w.l

    ----------------------------------------------------------------------
      5638        172        136          8          0       3508   Library Totals

    ----------------------------------------------------------------------

==============================================================================


      Code (inc. data)   RO Data    RW Data    ZI Data      Debug   

     23208       3336       3368        300     146980     984861   Grand Totals
     23208       3336       3368         76     146980     984861   ELF Image Totals (compressed)
     23208       3336       3368         76          0          0   ROM Totals

==============================================================================

    Total RO  Size (Code + RO Data)                26576 (  25.95kB)
    Total RW  Size (RW Data + ZI Data)            147280 ( 143.83kB)
    Total ROM Size (Code + RO Data + RW Data)      26652 (  26.03kB)

==============================================================================

